Archive member included because of file (symbol)

c:/ac6/systemworkbench/plugins/fr.ac6.mcu.externaltools.arm-none.win32_1.3.0.201507241045/tools/compiler/bin/../lib/gcc/arm-none-eabi/4.9.3/../../../../arm-none-eabi/lib/cortex-m7/fpu/fpv5-sp-d16\libc_nano.a(lib_a-exit.o)
                              c:/ac6/systemworkbench/plugins/fr.ac6.mcu.externaltools.arm-none.win32_1.3.0.201507241045/tools/compiler/bin/../lib/gcc/arm-none-eabi/4.9.3/../../../../arm-none-eabi/lib/cortex-m7/fpu/fpv5-sp-d16/crt0.o (exit)
c:/ac6/systemworkbench/plugins/fr.ac6.mcu.externaltools.arm-none.win32_1.3.0.201507241045/tools/compiler/bin/../lib/gcc/arm-none-eabi/4.9.3/../../../../arm-none-eabi/lib/cortex-m7/fpu/fpv5-sp-d16\libc_nano.a(lib_a-impure.o)
                              c:/ac6/systemworkbench/plugins/fr.ac6.mcu.externaltools.arm-none.win32_1.3.0.201507241045/tools/compiler/bin/../lib/gcc/arm-none-eabi/4.9.3/../../../../arm-none-eabi/lib/cortex-m7/fpu/fpv5-sp-d16\libc_nano.a(lib_a-exit.o) (_global_impure_ptr)
c:/ac6/systemworkbench/plugins/fr.ac6.mcu.externaltools.arm-none.win32_1.3.0.201507241045/tools/compiler/bin/../lib/gcc/arm-none-eabi/4.9.3/../../../../arm-none-eabi/lib/cortex-m7/fpu/fpv5-sp-d16\libc_nano.a(lib_a-init.o)
                              c:/ac6/systemworkbench/plugins/fr.ac6.mcu.externaltools.arm-none.win32_1.3.0.201507241045/tools/compiler/bin/../lib/gcc/arm-none-eabi/4.9.3/../../../../arm-none-eabi/lib/cortex-m7/fpu/fpv5-sp-d16/crt0.o (__libc_init_array)
c:/ac6/systemworkbench/plugins/fr.ac6.mcu.externaltools.arm-none.win32_1.3.0.201507241045/tools/compiler/bin/../lib/gcc/arm-none-eabi/4.9.3/../../../../arm-none-eabi/lib/cortex-m7/fpu/fpv5-sp-d16\libc_nano.a(lib_a-malloc.o)
                              ./Middlewares/USB_Device_Library/usbd_cdc.o (malloc)
c:/ac6/systemworkbench/plugins/fr.ac6.mcu.externaltools.arm-none.win32_1.3.0.201507241045/tools/compiler/bin/../lib/gcc/arm-none-eabi/4.9.3/../../../../arm-none-eabi/lib/cortex-m7/fpu/fpv5-sp-d16\libc_nano.a(lib_a-memcpy.o)
                              ./Middlewares/FreeRTOS/queue.o (memcpy)
c:/ac6/systemworkbench/plugins/fr.ac6.mcu.externaltools.arm-none.win32_1.3.0.201507241045/tools/compiler/bin/../lib/gcc/arm-none-eabi/4.9.3/../../../../arm-none-eabi/lib/cortex-m7/fpu/fpv5-sp-d16\libc_nano.a(lib_a-memset.o)
                              c:/ac6/systemworkbench/plugins/fr.ac6.mcu.externaltools.arm-none.win32_1.3.0.201507241045/tools/compiler/bin/../lib/gcc/arm-none-eabi/4.9.3/../../../../arm-none-eabi/lib/cortex-m7/fpu/fpv5-sp-d16/crt0.o (memset)
c:/ac6/systemworkbench/plugins/fr.ac6.mcu.externaltools.arm-none.win32_1.3.0.201507241045/tools/compiler/bin/../lib/gcc/arm-none-eabi/4.9.3/../../../../arm-none-eabi/lib/cortex-m7/fpu/fpv5-sp-d16\libc_nano.a(lib_a-nano-freer.o)
                              c:/ac6/systemworkbench/plugins/fr.ac6.mcu.externaltools.arm-none.win32_1.3.0.201507241045/tools/compiler/bin/../lib/gcc/arm-none-eabi/4.9.3/../../../../arm-none-eabi/lib/cortex-m7/fpu/fpv5-sp-d16\libc_nano.a(lib_a-malloc.o) (_free_r)
c:/ac6/systemworkbench/plugins/fr.ac6.mcu.externaltools.arm-none.win32_1.3.0.201507241045/tools/compiler/bin/../lib/gcc/arm-none-eabi/4.9.3/../../../../arm-none-eabi/lib/cortex-m7/fpu/fpv5-sp-d16\libc_nano.a(lib_a-nano-mallocr.o)
                              c:/ac6/systemworkbench/plugins/fr.ac6.mcu.externaltools.arm-none.win32_1.3.0.201507241045/tools/compiler/bin/../lib/gcc/arm-none-eabi/4.9.3/../../../../arm-none-eabi/lib/cortex-m7/fpu/fpv5-sp-d16\libc_nano.a(lib_a-malloc.o) (_malloc_r)
c:/ac6/systemworkbench/plugins/fr.ac6.mcu.externaltools.arm-none.win32_1.3.0.201507241045/tools/compiler/bin/../lib/gcc/arm-none-eabi/4.9.3/../../../../arm-none-eabi/lib/cortex-m7/fpu/fpv5-sp-d16\libc_nano.a(lib_a-sbrkr.o)
                              c:/ac6/systemworkbench/plugins/fr.ac6.mcu.externaltools.arm-none.win32_1.3.0.201507241045/tools/compiler/bin/../lib/gcc/arm-none-eabi/4.9.3/../../../../arm-none-eabi/lib/cortex-m7/fpu/fpv5-sp-d16\libc_nano.a(lib_a-nano-mallocr.o) (_sbrk_r)
c:/ac6/systemworkbench/plugins/fr.ac6.mcu.externaltools.arm-none.win32_1.3.0.201507241045/tools/compiler/bin/../lib/gcc/arm-none-eabi/4.9.3/../../../../arm-none-eabi/lib/cortex-m7/fpu/fpv5-sp-d16\libc_nano.a(lib_a-snprintf.o)
                              ./Application/User/main.o (snprintf)
c:/ac6/systemworkbench/plugins/fr.ac6.mcu.externaltools.arm-none.win32_1.3.0.201507241045/tools/compiler/bin/../lib/gcc/arm-none-eabi/4.9.3/../../../../arm-none-eabi/lib/cortex-m7/fpu/fpv5-sp-d16\libc_nano.a(lib_a-strlen.o)
                              ./Application/User/main.o (strlen)
c:/ac6/systemworkbench/plugins/fr.ac6.mcu.externaltools.arm-none.win32_1.3.0.201507241045/tools/compiler/bin/../lib/gcc/arm-none-eabi/4.9.3/../../../../arm-none-eabi/lib/cortex-m7/fpu/fpv5-sp-d16\libc_nano.a(lib_a-strncat.o)
                              ./Application/User/main.o (strncat)
[...]
Memory Configuration

Name             Origin             Length             Attributes
FLASH            0x08000000         0x00100000         xr
RAM              0x20000000         0x00050000         xrw
*default*        0x00000000         0xffffffff

Linker script and memory map

LOAD c:/ac6/systemworkbench/plugins/fr.ac6.mcu.externaltools.arm-none.win32_1.3.0.201507241045/tools/compiler/bin/../lib/gcc/arm-none-eabi/4.9.3/cortex-m7/fpu/fpv5-sp-d16/crti.o
LOAD c:/ac6/systemworkbench/plugins/fr.ac6.mcu.externaltools.arm-none.win32_1.3.0.201507241045/tools/compiler/bin/../lib/gcc/arm-none-eabi/4.9.3/cortex-m7/fpu/fpv5-sp-d16/crtbegin.o
LOAD c:/ac6/systemworkbench/plugins/fr.ac6.mcu.externaltools.arm-none.win32_1.3.0.201507241045/tools/compiler/bin/../lib/gcc/arm-none-eabi/4.9.3/../../../../arm-none-eabi/lib/cortex-m7/fpu/fpv5-sp-d16/crt0.o
LOAD c:/ac6/systemworkbench/plugins/fr.ac6.mcu.externaltools.arm-none.win32_1.3.0.201507241045/tools/compiler/bin/../lib/gcc/arm-none-eabi/4.9.3/../../../../arm-none-eabi/lib/cortex-m7/fpu/fpv5-sp-d16\libm.a
LOAD ./Middlewares/USB_Device_Library/usbd_cdc.o
LOAD ./Middlewares/USB_Device_Library/usbd_core.o
LOAD ./Middlewares/USB_Device_Library/usbd_ctlreq.o
LOAD ./Middlewares/USB_Device_Library/usbd_ioreq.o
LOAD ./Middlewares/FreeRTOS/cmsis_os.o
LOAD ./Middlewares/FreeRTOS/croutine.o
LOAD ./Middlewares/FreeRTOS/event_groups.o
LOAD ./Middlewares/FreeRTOS/heap_4.o
LOAD ./Middlewares/FreeRTOS/list.o
LOAD ./Middlewares/FreeRTOS/port.o
LOAD ./Middlewares/FreeRTOS/queue.o
LOAD ./Middlewares/FreeRTOS/tasks.o
LOAD ./Middlewares/FreeRTOS/timers.o
LOAD ./Drivers/STM32F7xx_HAL_Driver/stm32f7xx_hal.o
LOAD ./Drivers/STM32F7xx_HAL_Driver/stm32f7xx_hal_cortex.o
LOAD ./Drivers/STM32F7xx_HAL_Driver/stm32f7xx_hal_dcmi.o
LOAD ./Drivers/STM32F7xx_HAL_Driver/stm32f7xx_hal_dcmi_ex.o
LOAD ./Drivers/STM32F7xx_HAL_Driver/stm32f7xx_hal_dma.o
LOAD ./Drivers/STM32F7xx_HAL_Driver/stm32f7xx_hal_dma_ex.o
LOAD ./Drivers/STM32F7xx_HAL_Driver/stm32f7xx_hal_flash.o
LOAD ./Drivers/STM32F7xx_HAL_Driver/stm32f7xx_hal_flash_ex.o
LOAD ./Drivers/STM32F7xx_HAL_Driver/stm32f7xx_hal_gpio.o
LOAD ./Drivers/STM32F7xx_HAL_Driver/stm32f7xx_hal_pcd.o
LOAD ./Drivers/STM32F7xx_HAL_Driver/stm32f7xx_hal_pcd_ex.o
LOAD ./Drivers/STM32F7xx_HAL_Driver/stm32f7xx_hal_pwr.o
LOAD ./Drivers/STM32F7xx_HAL_Driver/stm32f7xx_hal_pwr_ex.o
LOAD ./Drivers/STM32F7xx_HAL_Driver/stm32f7xx_hal_qspi.o
LOAD ./Drivers/STM32F7xx_HAL_Driver/stm32f7xx_hal_rcc.o
LOAD ./Drivers/STM32F7xx_HAL_Driver/stm32f7xx_hal_rcc_ex.o
LOAD ./Drivers/STM32F7xx_HAL_Driver/stm32f7xx_hal_spdifrx.o
LOAD ./Drivers/STM32F7xx_HAL_Driver/stm32f7xx_ll_usb.o
LOAD ./Drivers/CMSIS/system_stm32f7xx.o
LOAD ./Application/User/dcmi.o
LOAD ./Application/User/freertos.o
LOAD ./Application/User/gpio.o
LOAD ./Application/User/main.o
LOAD ./Application/User/quadspi.o
LOAD ./Application/User/spdifrx.o
LOAD ./Application/User/stm32f7xx_hal_msp.o
LOAD ./Application/User/stm32f7xx_it.o
LOAD ./Application/User/usb_device.o
LOAD ./Application/User/usbd_cdc_if.o
LOAD ./Application/User/usbd_conf.o
LOAD ./Application/User/usbd_desc.o
LOAD ./Application/SW4STM32/startup_stm32f746xx.o
START GROUP
LOAD c:/ac6/systemworkbench/plugins/fr.ac6.mcu.externaltools.arm-none.win32_1.3.0.201507241045/tools/compiler/bin/../lib/gcc/arm-none-eabi/4.9.3/cortex-m7/fpu/fpv5-sp-d16\libgcc.a
LOAD c:/ac6/systemworkbench/plugins/fr.ac6.mcu.externaltools.arm-none.win32_1.3.0.201507241045/tools/compiler/bin/../lib/gcc/arm-none-eabi/4.9.3/../../../../arm-none-eabi/lib/cortex-m7/fpu/fpv5-sp-d16\libc_nano.a
END GROUP
START GROUP
LOAD c:/ac6/systemworkbench/plugins/fr.ac6.mcu.externaltools.arm-none.win32_1.3.0.201507241045/tools/compiler/bin/../lib/gcc/arm-none-eabi/4.9.3/cortex-m7/fpu/fpv5-sp-d16\libgcc.a
LOAD c:/ac6/systemworkbench/plugins/fr.ac6.mcu.externaltools.arm-none.win32_1.3.0.201507241045/tools/compiler/bin/../lib/gcc/arm-none-eabi/4.9.3/../../../../arm-none-eabi/lib/cortex-m7/fpu/fpv5-sp-d16\libc_nano.a
LOAD c:/ac6/systemworkbench/plugins/fr.ac6.mcu.externaltools.arm-none.win32_1.3.0.201507241045/tools/compiler/bin/../lib/gcc/arm-none-eabi/4.9.3/../../../../arm-none-eabi/lib/cortex-m7/fpu/fpv5-sp-d16\libnosys.a
END GROUP
START GROUP
LOAD c:/ac6/systemworkbench/plugins/fr.ac6.mcu.externaltools.arm-none.win32_1.3.0.201507241045/tools/compiler/bin/../lib/gcc/arm-none-eabi/4.9.3/cortex-m7/fpu/fpv5-sp-d16\libgcc.a
LOAD c:/ac6/systemworkbench/plugins/fr.ac6.mcu.externaltools.arm-none.win32_1.3.0.201507241045/tools/compiler/bin/../lib/gcc/arm-none-eabi/4.9.3/../../../../arm-none-eabi/lib/cortex-m7/fpu/fpv5-sp-d16\libc_nano.a
LOAD c:/ac6/systemworkbench/plugins/fr.ac6.mcu.externaltools.arm-none.win32_1.3.0.201507241045/tools/compiler/bin/../lib/gcc/arm-none-eabi/4.9.3/../../../../arm-none-eabi/lib/cortex-m7/fpu/fpv5-sp-d16\libnosys.a
END GROUP
LOAD c:/ac6/systemworkbench/plugins/fr.ac6.mcu.externaltools.arm-none.win32_1.3.0.201507241045/tools/compiler/bin/../lib/gcc/arm-none-eabi/4.9.3/cortex-m7/fpu/fpv5-sp-d16/crtend.o
LOAD c:/ac6/systemworkbench/plugins/fr.ac6.mcu.externaltools.arm-none.win32_1.3.0.201507241045/tools/compiler/bin/../lib/gcc/arm-none-eabi/4.9.3/cortex-m7/fpu/fpv5-sp-d16/crtn.o
                0x20050000                _estack = 0x20050000
                0x00000000                _Min_Heap_Size = 0x0
                0x00000000                _Min_Stack_Size = 0x0

.isr_vector     0x08000000      0x1c8
                0x08000000                . = ALIGN (0x4)
 *(.isr_vector)
 .isr_vector    0x08000000      0x1c8 ./Application/SW4STM32/startup_stm32f746xx.o
                0x08000000                g_pfnVectors
                0x080001c8                . = ALIGN (0x4)

.text           0x080001c8     0x4f50
                0x080001c8                . = ALIGN (0x4)
 *(.text)
 .text          0x080001c8       0x5c c:/ac6/systemworkbench/plugins/fr.ac6.mcu.externaltools.arm-none.win32_1.3.0.201507241045/tools/compiler/bin/../lib/gcc/arm-none-eabi/4.9.3/cortex-m7/fpu/fpv5-sp-d16/crtbegin.o
 *(.text*)
 .text.USBD_CDC_DataIn
                0x08000224       0x12 ./Middlewares/USB_Device_Library/usbd_cdc.o
 .text.USBD_CDC_EP0_RxReady
                0x08000236       0x28 ./Middlewares/USB_Device_Library/usbd_cdc.o
 *fill*         0x0800025e        0x2 
 .text.USBD_CDC_GetFSCfgDesc
                0x08000260        0xc ./Middlewares/USB_Device_Library/usbd_cdc.o
 .text.USBD_CDC_GetHSCfgDesc
                0x0800026c        0xc ./Middlewares/USB_Device_Library/usbd_cdc.o
 .text.USBD_CDC_GetOtherSpeedCfgDesc
                0x08000278        0xc ./Middlewares/USB_Device_Library/usbd_cdc.o
 .text.USBD_CDC_GetDeviceQualifierDescriptor
                0x08000284        0xc ./Middlewares/USB_Device_Library/usbd_cdc.o
                0x08000284                USBD_CDC_GetDeviceQualifierDescriptor
 .text.USBD_CDC_DataOut
                0x08000290       0x2e ./Middlewares/USB_Device_Library/usbd_cdc.o
 *fill*         0x080002be        0x2 
 .text.USBD_CDC_Setup
                0x080002c0       0x6c ./Middlewares/USB_Device_Library/usbd_cdc.o
 .text.USBD_CDC_DeInit
                0x0800032c       0x3a ./Middlewares/USB_Device_Library/usbd_cdc.o
 .text.USBD_CDC_Init
                0x08000366       0x86 ./Middlewares/USB_Device_Library/usbd_cdc.o
 .text.USBD_CDC_RegisterInterface
                0x080003ec        0xe ./Middlewares/USB_Device_Library/usbd_cdc.o
                0x080003ec                USBD_CDC_RegisterInterface
 .text.USBD_CDC_SetTxBuffer
                0x080003fa       0x10 ./Middlewares/USB_Device_Library/usbd_cdc.o
                0x080003fa                USBD_CDC_SetTxBuffer
 .text.USBD_CDC_SetRxBuffer
                0x0800040a        0xc ./Middlewares/USB_Device_Library/usbd_cdc.o
                0x0800040a                USBD_CDC_SetRxBuffer
 .text.USBD_CDC_TransmitPacket
                0x08000416       0x2e ./Middlewares/USB_Device_Library/usbd_cdc.o
                0x08000416                USBD_CDC_TransmitPacket
 .text.USBD_Init
                0x08000444       0x2a ./Middlewares/USB_Device_Library/usbd_core.o
                0x08000444                USBD_Init
 .text.USBD_RegisterClass
                0x0800046e        0xe ./Middlewares/USB_Device_Library/usbd_core.o
                0x0800046e                USBD_RegisterClass
 .text.USBD_Start
                0x0800047c        0xa ./Middlewares/USB_Device_Library/usbd_core.o
                0x0800047c                USBD_Start
 .text.USBD_SetClassConfig
                0x08000486       0x16 ./Middlewares/USB_Device_Library/usbd_core.o
                0x08000486                USBD_SetClassConfig
 .text.USBD_ClrClassConfig
                0x0800049c        0xe ./Middlewares/USB_Device_Library/usbd_core.o
                0x0800049c                USBD_ClrClassConfig
 .text.USBD_LL_SetupStage
                0x080004aa       0x5a ./Middlewares/USB_Device_Library/usbd_core.o
                0x080004aa                USBD_LL_SetupStage
 .text.USBD_LL_DataOutStage
                0x08000504       0x60 ./Middlewares/USB_Device_Library/usbd_core.o
                0x08000504                USBD_LL_DataOutStage
 .text.USBD_LL_DataInStage
                0x08000564       0x9c ./Middlewares/USB_Device_Library/usbd_core.o
                0x08000564                USBD_LL_DataInStage
 .text.USBD_LL_Reset
                0x08000600       0x3e ./Middlewares/USB_Device_Library/usbd_core.o
                0x08000600                USBD_LL_Reset
 .text.USBD_LL_SetSpeed
                0x0800063e        0x6 ./Middlewares/USB_Device_Library/usbd_core.o
                0x0800063e                USBD_LL_SetSpeed
 .text.USBD_LL_Suspend
                0x08000644       0x12 ./Middlewares/USB_Device_Library/usbd_core.o
                0x08000644                USBD_LL_Suspend
 .text.USBD_LL_Resume
                0x08000656        0xc ./Middlewares/USB_Device_Library/usbd_core.o
                0x08000656                USBD_LL_Resume
 .text.USBD_LL_SOF
                0x08000662       0x18 ./Middlewares/USB_Device_Library/usbd_core.o
                0x08000662                USBD_LL_SOF
 .text.USBD_LL_IsoINIncomplete
                0x0800067a        0x4 ./Middlewares/USB_Device_Library/usbd_core.o
                0x0800067a                USBD_LL_IsoINIncomplete
 .text.USBD_LL_IsoOUTIncomplete
                0x0800067e        0x4 ./Middlewares/USB_Device_Library/usbd_core.o
                0x0800067e                USBD_LL_IsoOUTIncomplete
 .text.USBD_LL_DevConnected
                0x08000682        0x4 ./Middlewares/USB_Device_Library/usbd_core.o
                0x08000682                USBD_LL_DevConnected
 .text.USBD_LL_DevDisconnected
                0x08000686       0x16 ./Middlewares/USB_Device_Library/usbd_core.o
                0x08000686                USBD_LL_DevDisconnected
 .text.USBD_ParseSetupRequest
                0x0800069c       0x28 ./Middlewares/USB_Device_Library/usbd_ctlreq.o
                0x0800069c                USBD_ParseSetupRequest
 .text.USBD_CtlError
                0x080006c4       0x16 ./Middlewares/USB_Device_Library/usbd_ctlreq.o
                0x080006c4                USBD_CtlError
 *fill*         0x080006da        0x2 
 .text.USBD_StdDevReq
                0x080006dc      0x230 ./Middlewares/USB_Device_Library/usbd_ctlreq.o
                0x080006dc                USBD_StdDevReq
 .text.USBD_StdItfReq
                0x0800090c       0x30 ./Middlewares/USB_Device_Library/usbd_ctlreq.o
                0x0800090c                USBD_StdItfReq
 .text.USBD_StdEPReq
                0x0800093c       0xc6 ./Middlewares/USB_Device_Library/usbd_ctlreq.o
                0x0800093c                USBD_StdEPReq
 .text.USBD_GetString
                0x08000a02       0x3a ./Middlewares/USB_Device_Library/usbd_ctlreq.o
                0x08000a02                USBD_GetString
 .text.USBD_CtlSendData
                0x08000a3c       0x1c ./Middlewares/USB_Device_Library/usbd_ioreq.o
                0x08000a3c                USBD_CtlSendData
 .text.USBD_CtlContinueSendData
                0x08000a58       0x12 ./Middlewares/USB_Device_Library/usbd_ioreq.o
                0x08000a58                USBD_CtlContinueSendData
 .text.USBD_CtlPrepareRx
                0x08000a6a       0x20 ./Middlewares/USB_Device_Library/usbd_ioreq.o
                0x08000a6a                USBD_CtlPrepareRx
 .text.USBD_CtlContinueRx
                0x08000a8a       0x12 ./Middlewares/USB_Device_Library/usbd_ioreq.o
                0x08000a8a                USBD_CtlContinueRx
 .text.USBD_CtlSendStatus
                0x08000a9c       0x16 ./Middlewares/USB_Device_Library/usbd_ioreq.o
                0x08000a9c                USBD_CtlSendStatus
 .text.USBD_CtlReceiveStatus
                0x08000ab2       0x16 ./Middlewares/USB_Device_Library/usbd_ioreq.o
                0x08000ab2                USBD_CtlReceiveStatus
 .text.osKernelStart
                0x08000ac8        0xa ./Middlewares/FreeRTOS/cmsis_os.o
                0x08000ac8                osKernelStart
 .text.osThreadCreate
                0x08000ad2       0x36 ./Middlewares/FreeRTOS/cmsis_os.o
                0x08000ad2                osThreadCreate
 .text.osDelay  0x08000b08       0x10 ./Middlewares/FreeRTOS/cmsis_os.o
                0x08000b08                osDelay
 .text.osSystickHandler
                0x08000b18       0x14 ./Middlewares/FreeRTOS/cmsis_os.o
                0x08000b18                osSystickHandler
 .text.unlikely.prvInsertBlockIntoFreeList
                0x08000b2c       0x44 ./Middlewares/FreeRTOS/heap_4.o
 .text.pvPortMalloc
                0x08000b70      0x12c ./Middlewares/FreeRTOS/heap_4.o
                0x08000b70                pvPortMalloc
 .text.vPortFree
                0x08000c9c       0x78 ./Middlewares/FreeRTOS/heap_4.o
                0x08000c9c                vPortFree
 .text.vListInitialise
                0x08000d14       0x16 ./Middlewares/FreeRTOS/list.o
                0x08000d14                vListInitialise
 .text.vListInitialiseItem
                0x08000d2a        0x6 ./Middlewares/FreeRTOS/list.o
                0x08000d2a                vListInitialiseItem
 .text.vListInsertEnd
                0x08000d30       0x18 ./Middlewares/FreeRTOS/list.o
                0x08000d30                vListInsertEnd
 .text.vListInsert
                0x08000d48       0x30 ./Middlewares/FreeRTOS/list.o
                0x08000d48                vListInsert
 .text.uxListRemove
                0x08000d78       0x20 ./Middlewares/FreeRTOS/list.o
                0x08000d78                uxListRemove
 .text.prvTaskExitError
                0x08000d98       0x38 ./Middlewares/FreeRTOS/port.o
 .text.prvPortStartFirstTask
                0x08000dd0       0x20 ./Middlewares/FreeRTOS/port.o
 .text.vPortEnableVFP
                0x08000df0       0x14 ./Middlewares/FreeRTOS/port.o
 .text.pxPortInitialiseStack
                0x08000e04       0x20 ./Middlewares/FreeRTOS/port.o
                0x08000e04                pxPortInitialiseStack
 .text.SVC_Handler
                0x08000e24       0x20 ./Middlewares/FreeRTOS/port.o
                0x08000e24                SVC_Handler
 .text.vPortEnterCritical
                0x08000e44       0x4c ./Middlewares/FreeRTOS/port.o
                0x08000e44                vPortEnterCritical
 .text.vPortExitCritical
                0x08000e90       0x2c ./Middlewares/FreeRTOS/port.o
                0x08000e90                vPortExitCritical
 .text.PendSV_Handler
                0x08000ebc       0x64 ./Middlewares/FreeRTOS/port.o
                0x08000ebc                PendSV_Handler
 .text.xPortSysTickHandler
                0x08000f20       0x34 ./Middlewares/FreeRTOS/port.o
                0x08000f20                xPortSysTickHandler
 .text.vPortSetupTimerInterrupt
                0x08000f54       0x28 ./Middlewares/FreeRTOS/port.o
                0x08000f54                vPortSetupTimerInterrupt
 .text.xPortStartScheduler
                0x08000f7c       0x98 ./Middlewares/FreeRTOS/port.o
                0x08000f7c                xPortStartScheduler
 .text.prvResetNextTaskUnblockTime
                0x08001014       0x24 ./Middlewares/FreeRTOS/tasks.o
 .text.prvAddCurrentTaskToDelayedList
                0x08001038       0x3c ./Middlewares/FreeRTOS/tasks.o
 .text.unlikely.xTaskGenericCreate.part.5
                0x08001074      0x198 ./Middlewares/FreeRTOS/tasks.o
 .text.xTaskGenericCreate
                0x0800120c       0x48 ./Middlewares/FreeRTOS/tasks.o
                0x0800120c                xTaskGenericCreate
 .text.vTaskStartScheduler
                0x08001254       0x68 ./Middlewares/FreeRTOS/tasks.o
                0x08001254                vTaskStartScheduler
 .text.vTaskSuspendAll
                0x080012bc       0x14 ./Middlewares/FreeRTOS/tasks.o
                0x080012bc                vTaskSuspendAll
 .text.xTaskIncrementTick
                0x080012d0       0xf8 ./Middlewares/FreeRTOS/tasks.o
                0x080012d0                xTaskIncrementTick
 .text.xTaskResumeAll
                0x080013c8       0xe4 ./Middlewares/FreeRTOS/tasks.o
                0x080013c8                xTaskResumeAll
 .text.vTaskDelay
                0x080014ac       0x74 ./Middlewares/FreeRTOS/tasks.o
                0x080014ac                vTaskDelay
 .text.prvIdleTask
                0x08001520       0x6c ./Middlewares/FreeRTOS/tasks.o
 .text.vTaskSwitchContext
                0x0800158c       0x70 ./Middlewares/FreeRTOS/tasks.o
                0x0800158c                vTaskSwitchContext
 .text.xTaskGetSchedulerState
                0x080015fc       0x20 ./Middlewares/FreeRTOS/tasks.o
                0x080015fc                xTaskGetSchedulerState
 .text.HAL_InitTick
                0x0800161c       0x24 ./Drivers/STM32F7xx_HAL_Driver/stm32f7xx_hal.o
                0x0800161c                HAL_InitTick
 .text.HAL_Init
                0x08001640       0x16 ./Drivers/STM32F7xx_HAL_Driver/stm32f7xx_hal.o
                0x08001640                HAL_Init
 *fill*         0x08001656        0x2 
 .text.HAL_IncTick
                0x08001658       0x10 ./Drivers/STM32F7xx_HAL_Driver/stm32f7xx_hal.o
                0x08001658                HAL_IncTick
 .text.HAL_GetTick
                0x08001668        0xc ./Drivers/STM32F7xx_HAL_Driver/stm32f7xx_hal.o
                0x08001668                HAL_GetTick
 .text.HAL_Delay
                0x08001674       0x1a ./Drivers/STM32F7xx_HAL_Driver/stm32f7xx_hal.o
                0x08001674                HAL_Delay
 *fill*         0x0800168e        0x2 
 .text.HAL_NVIC_SetPriorityGrouping
                0x08001690       0x24 ./Drivers/STM32F7xx_HAL_Driver/stm32f7xx_hal_cortex.o
                0x08001690                HAL_NVIC_SetPriorityGrouping
 .text.HAL_NVIC_SetPriority
                0x080016b4       0x70 ./Drivers/STM32F7xx_HAL_Driver/stm32f7xx_hal_cortex.o
                0x080016b4                HAL_NVIC_SetPriority
 .text.HAL_NVIC_EnableIRQ
                0x08001724       0x18 ./Drivers/STM32F7xx_HAL_Driver/stm32f7xx_hal_cortex.o
                0x08001724                HAL_NVIC_EnableIRQ
 .text.HAL_SYSTICK_Config
                0x0800173c       0x2c ./Drivers/STM32F7xx_HAL_Driver/stm32f7xx_hal_cortex.o
                0x0800173c                HAL_SYSTICK_Config
 .text.HAL_SYSTICK_CLKSourceConfig
                0x08001768       0x18 ./Drivers/STM32F7xx_HAL_Driver/stm32f7xx_hal_cortex.o
                0x08001768                HAL_SYSTICK_CLKSourceConfig
 .text.HAL_DCMI_Init
                0x08001780       0xd0 ./Drivers/STM32F7xx_HAL_Driver/stm32f7xx_hal_dcmi_ex.o
                0x08001780                HAL_DCMI_Init
 .text.HAL_GPIO_Init
                0x08001850      0x1d8 ./Drivers/STM32F7xx_HAL_Driver/stm32f7xx_hal_gpio.o
                0x08001850                HAL_GPIO_Init
 .text.HAL_PCD_Init
                0x08001a28       0xd8 ./Drivers/STM32F7xx_HAL_Driver/stm32f7xx_hal_pcd.o
                0x08001a28                HAL_PCD_Init
 .text.HAL_PCD_Start
                0x08001b00       0x2a ./Drivers/STM32F7xx_HAL_Driver/stm32f7xx_hal_pcd.o
                0x08001b00                HAL_PCD_Start
 .text.HAL_PCD_IRQHandler
                0x08001b2a      0x4be ./Drivers/STM32F7xx_HAL_Driver/stm32f7xx_hal_pcd.o
                0x08001b2a                HAL_PCD_IRQHandler
 .text.HAL_PCD_SetAddress
                0x08001fe8       0x24 ./Drivers/STM32F7xx_HAL_Driver/stm32f7xx_hal_pcd.o
                0x08001fe8                HAL_PCD_SetAddress
 .text.HAL_PCD_EP_Open
                0x0800200c       0x5c ./Drivers/STM32F7xx_HAL_Driver/stm32f7xx_hal_pcd.o
                0x0800200c                HAL_PCD_EP_Open
 .text.HAL_PCD_EP_Close
                0x08002068       0x48 ./Drivers/STM32F7xx_HAL_Driver/stm32f7xx_hal_pcd.o
                0x08002068                HAL_PCD_EP_Close
 .text.HAL_PCD_EP_Receive
                0x080020b0       0x62 ./Drivers/STM32F7xx_HAL_Driver/stm32f7xx_hal_pcd.o
                0x080020b0                HAL_PCD_EP_Receive
 .text.HAL_PCD_EP_GetRxCount
                0x08002112       0x10 ./Drivers/STM32F7xx_HAL_Driver/stm32f7xx_hal_pcd.o
                0x08002112                HAL_PCD_EP_GetRxCount
 .text.HAL_PCD_EP_Transmit
                0x08002122       0x5e ./Drivers/STM32F7xx_HAL_Driver/stm32f7xx_hal_pcd.o
                0x08002122                HAL_PCD_EP_Transmit
 .text.HAL_PCD_EP_SetStall
                0x08002180       0x60 ./Drivers/STM32F7xx_HAL_Driver/stm32f7xx_hal_pcd.o
                0x08002180                HAL_PCD_EP_SetStall
 .text.HAL_PCD_EP_ClrStall
                0x080021e0       0x4e ./Drivers/STM32F7xx_HAL_Driver/stm32f7xx_hal_pcd.o
                0x080021e0                HAL_PCD_EP_ClrStall
 .text.HAL_PCDEx_SetTxFiFo
                0x0800222e       0x40 ./Drivers/STM32F7xx_HAL_Driver/stm32f7xx_hal_pcd_ex.o
                0x0800222e                HAL_PCDEx_SetTxFiFo
 .text.HAL_PCDEx_SetRxFiFo
                0x0800226e        0x8 ./Drivers/STM32F7xx_HAL_Driver/stm32f7xx_hal_pcd_ex.o
                0x0800226e                HAL_PCDEx_SetRxFiFo
 .text.HAL_PCDEx_ActivateLPM
                0x08002276       0x26 ./Drivers/STM32F7xx_HAL_Driver/stm32f7xx_hal_pcd_ex.o
                0x08002276                HAL_PCDEx_ActivateLPM
 .text.HAL_PWREx_EnableOverDrive
                0x0800229c       0x70 ./Drivers/STM32F7xx_HAL_Driver/stm32f7xx_hal_pwr_ex.o
                0x0800229c                HAL_PWREx_EnableOverDrive
 .text.QSPI_WaitFlagStateUntilTimeout
                0x0800230c       0x50 ./Drivers/STM32F7xx_HAL_Driver/stm32f7xx_hal_qspi.o
 .text.HAL_QSPI_Init
                0x0800235c       0xa8 ./Drivers/STM32F7xx_HAL_Driver/stm32f7xx_hal_qspi.o
                0x0800235c                HAL_QSPI_Init
 .text.HAL_RCC_OscConfig
                0x08002404      0x3b4 ./Drivers/STM32F7xx_HAL_Driver/stm32f7xx_hal_rcc.o
                0x08002404                HAL_RCC_OscConfig
 .text.HAL_RCC_ClockConfig
                0x080027b8      0x1cc ./Drivers/STM32F7xx_HAL_Driver/stm32f7xx_hal_rcc.o
                0x080027b8                HAL_RCC_ClockConfig
 .text.HAL_RCC_GetSysClockFreq
                0x08002984       0x80 ./Drivers/STM32F7xx_HAL_Driver/stm32f7xx_hal_rcc.o
                0x08002984                HAL_RCC_GetSysClockFreq
 .text.HAL_RCC_GetHCLKFreq
                0x08002a04       0x34 ./Drivers/STM32F7xx_HAL_Driver/stm32f7xx_hal_rcc.o
                0x08002a04                HAL_RCC_GetHCLKFreq
 .text.HAL_RCCEx_PeriphCLKConfig
                0x08002a38      0x5d8 ./Drivers/STM32F7xx_HAL_Driver/stm32f7xx_hal_rcc_ex.o
                0x08002a38                HAL_RCCEx_PeriphCLKConfig
 .text.HAL_SPDIFRX_Init
                0x08003010       0x6e ./Drivers/STM32F7xx_HAL_Driver/stm32f7xx_hal_spdifrx.o
                0x08003010                HAL_SPDIFRX_Init
 *fill*         0x0800307e        0x2 
 .text.USB_CoreReset
                0x08003080       0x30 ./Drivers/STM32F7xx_HAL_Driver/stm32f7xx_ll_usb.o
 .text.USB_CoreInit
                0x080030b0       0x76 ./Drivers/STM32F7xx_HAL_Driver/stm32f7xx_ll_usb.o
                0x080030b0                USB_CoreInit
 .text.USB_EnableGlobalInt
                0x08003126        0xc ./Drivers/STM32F7xx_HAL_Driver/stm32f7xx_ll_usb.o
                0x08003126                USB_EnableGlobalInt
 .text.USB_DisableGlobalInt
                0x08003132        0xc ./Drivers/STM32F7xx_HAL_Driver/stm32f7xx_ll_usb.o
                0x08003132                USB_DisableGlobalInt
 .text.USB_SetCurrentMode
                0x0800313e       0x2c ./Drivers/STM32F7xx_HAL_Driver/stm32f7xx_ll_usb.o
                0x0800313e                USB_SetCurrentMode
 *fill*         0x0800316a        0x2 
 .text.USB_FlushTxFifo
                0x0800316c       0x24 ./Drivers/STM32F7xx_HAL_Driver/stm32f7xx_ll_usb.o
                0x0800316c                USB_FlushTxFifo
 .text.USB_FlushRxFifo
                0x08003190       0x20 ./Drivers/STM32F7xx_HAL_Driver/stm32f7xx_ll_usb.o
                0x08003190                USB_FlushRxFifo
 .text.USB_SetDevSpeed
                0x080031b0        0xe ./Drivers/STM32F7xx_HAL_Driver/stm32f7xx_ll_usb.o
                0x080031b0                USB_SetDevSpeed
 *fill*         0x080031be        0x2 
 .text.USB_DevInit
                0x080031c0      0x140 ./Drivers/STM32F7xx_HAL_Driver/stm32f7xx_ll_usb.o
                0x080031c0                USB_DevInit
 .text.USB_GetDevSpeed
                0x08003300       0x36 ./Drivers/STM32F7xx_HAL_Driver/stm32f7xx_ll_usb.o
                0x08003300                USB_GetDevSpeed
 .text.USB_ActivateEndpoint
                0x08003336       0x80 ./Drivers/STM32F7xx_HAL_Driver/stm32f7xx_ll_usb.o
                0x08003336                USB_ActivateEndpoint
 .text.USB_DeactivateEndpoint
                0x080033b6       0x6e ./Drivers/STM32F7xx_HAL_Driver/stm32f7xx_ll_usb.o
                0x080033b6                USB_DeactivateEndpoint
 .text.USB_EP0StartXfer
                0x08003424      0x14e ./Drivers/STM32F7xx_HAL_Driver/stm32f7xx_ll_usb.o
                0x08003424                USB_EP0StartXfer
 .text.USB_WritePacket
                0x08003572       0x26 ./Drivers/STM32F7xx_HAL_Driver/stm32f7xx_ll_usb.o
                0x08003572                USB_WritePacket
 .text.USB_EPStartXfer
                0x08003598      0x234 ./Drivers/STM32F7xx_HAL_Driver/stm32f7xx_ll_usb.o
                0x08003598                USB_EPStartXfer
 .text.USB_ReadPacket
                0x080037cc       0x20 ./Drivers/STM32F7xx_HAL_Driver/stm32f7xx_ll_usb.o
                0x080037cc                USB_ReadPacket
 .text.USB_EPSetStall
                0x080037ec       0x62 ./Drivers/STM32F7xx_HAL_Driver/stm32f7xx_ll_usb.o
                0x080037ec                USB_EPSetStall
 .text.USB_EPClearStall
                0x0800384e       0x3a ./Drivers/STM32F7xx_HAL_Driver/stm32f7xx_ll_usb.o
                0x0800384e                USB_EPClearStall
 .text.USB_SetDevAddress
                0x08003888       0x20 ./Drivers/STM32F7xx_HAL_Driver/stm32f7xx_ll_usb.o
                0x08003888                USB_SetDevAddress
 .text.USB_DevConnect
                0x080038a8       0x18 ./Drivers/STM32F7xx_HAL_Driver/stm32f7xx_ll_usb.o
                0x080038a8                USB_DevConnect
 .text.USB_DevDisconnect
                0x080038c0       0x18 ./Drivers/STM32F7xx_HAL_Driver/stm32f7xx_ll_usb.o
                0x080038c0                USB_DevDisconnect
 .text.USB_ReadInterrupts
                0x080038d8        0x8 ./Drivers/STM32F7xx_HAL_Driver/stm32f7xx_ll_usb.o
                0x080038d8                USB_ReadInterrupts
 .text.USB_ReadDevAllOutEpInterrupt
                0x080038e0       0x10 ./Drivers/STM32F7xx_HAL_Driver/stm32f7xx_ll_usb.o
                0x080038e0                USB_ReadDevAllOutEpInterrupt
 .text.USB_ReadDevAllInEpInterrupt
                0x080038f0       0x10 ./Drivers/STM32F7xx_HAL_Driver/stm32f7xx_ll_usb.o
                0x080038f0                USB_ReadDevAllInEpInterrupt
 .text.USB_ReadDevOutEPInterrupt
                0x08003900       0x12 ./Drivers/STM32F7xx_HAL_Driver/stm32f7xx_ll_usb.o
                0x08003900                USB_ReadDevOutEPInterrupt
 .text.USB_ReadDevInEPInterrupt
                0x08003912       0x1e ./Drivers/STM32F7xx_HAL_Driver/stm32f7xx_ll_usb.o
                0x08003912                USB_ReadDevInEPInterrupt
 .text.USB_GetMode
                0x08003930        0x8 ./Drivers/STM32F7xx_HAL_Driver/stm32f7xx_ll_usb.o
                0x08003930                USB_GetMode
 .text.USB_ActivateSetup
                0x08003938       0x36 ./Drivers/STM32F7xx_HAL_Driver/stm32f7xx_ll_usb.o
                0x08003938                USB_ActivateSetup
 .text.USB_EP0_OutStart
                0x0800396e       0x40 ./Drivers/STM32F7xx_HAL_Driver/stm32f7xx_ll_usb.o
                0x0800396e                USB_EP0_OutStart
 *fill*         0x080039ae        0x2 
 .text.SystemInit
                0x080039b0       0x4c ./Drivers/CMSIS/system_stm32f7xx.o
                0x080039b0                SystemInit
 .text.MX_DCMI_Init
                0x080039fc       0x2c ./Application/User/dcmi.o
                0x080039fc                MX_DCMI_Init
 .text.HAL_DCMI_MspInit
                0x08003a28       0xb0 ./Application/User/dcmi.o
                0x08003a28                HAL_DCMI_MspInit
 .text.StartDefaultTask
                0x08003ad8        0xe ./Application/User/freertos.o
                0x08003ad8                StartDefaultTask
 *fill*         0x08003ae6        0x2 
 .text.MX_FREERTOS_Init
                0x08003ae8       0x48 ./Application/User/freertos.o
                0x08003ae8                MX_FREERTOS_Init
 .text.MX_GPIO_Init
                0x08003b30      0x524 ./Application/User/gpio.o
                0x08003b30                MX_GPIO_Init
 .text.StrNCopy
                0x08004054       0x30 ./Application/User/main.o
                0x08004054                StrNCopy
 .text.StrNCat  0x08004084       0x36 ./Application/User/main.o
                0x08004084                StrNCat
 *fill*         0x080040ba        0x2 
 .text.convertIntToStr
                0x080040bc       0x10 ./Application/User/main.o
                0x080040bc                convertIntToStr
 .text.StartTaskUSBSend
                0x080040cc       0x48 ./Application/User/main.o
                0x080040cc                StartTaskUSBSend
 .text.SystemClock_Config
                0x08004114       0xac ./Application/User/main.o
                0x08004114                SystemClock_Config
 .text.startup.main
                0x080041c0       0x24 ./Application/User/main.o
                0x080041c0                main
 .text.MX_QUADSPI_Init
                0x080041e4       0x2c ./Application/User/quadspi.o
                0x080041e4                MX_QUADSPI_Init
 .text.HAL_QSPI_MspInit
                0x08004210       0xa4 ./Application/User/quadspi.o
                0x08004210                HAL_QSPI_MspInit
 .text.MX_SPDIFRX_Init
                0x080042b4       0x28 ./Application/User/spdifrx.o
                0x080042b4                MX_SPDIFRX_Init
 .text.HAL_SPDIFRX_MspInit
                0x080042dc       0x44 ./Application/User/spdifrx.o
                0x080042dc                HAL_SPDIFRX_MspInit
 .text.HAL_MspInit
                0x08004320       0x18 ./Application/User/stm32f7xx_hal_msp.o
                0x08004320                HAL_MspInit
 .text.SysTick_Handler
                0x08004338        0xe ./Application/User/stm32f7xx_it.o
                0x08004338                SysTick_Handler
 *fill*         0x08004346        0x2 
 .text.OTG_HS_IRQHandler
                0x08004348        0xc ./Application/User/stm32f7xx_it.o
                0x08004348                OTG_HS_IRQHandler
 .text.MX_USB_DEVICE_Init
                0x08004354       0x38 ./Application/User/usb_device.o
                0x08004354                MX_USB_DEVICE_Init
 .text.CDC_DeInit_HS
                0x0800438c        0x4 ./Application/User/usbd_cdc_if.o
 .text.CDC_Control_HS
                0x08004390        0x4 ./Application/User/usbd_cdc_if.o
 .text.CDC_Receive_HS
                0x08004394        0x4 ./Application/User/usbd_cdc_if.o
 .text.CDC_Init_HS
                0x08004398       0x2c ./Application/User/usbd_cdc_if.o
 .text.CDC_Transmit_HS
                0x080043c4       0x20 ./Application/User/usbd_cdc_if.o
                0x080043c4                CDC_Transmit_HS
 .text.HAL_PCD_MspInit
                0x080043e4       0xc0 ./Application/User/usbd_conf.o
                0x080043e4                HAL_PCD_MspInit
 .text.HAL_PCD_SetupStageCallback
                0x080044a4        0xe ./Application/User/usbd_conf.o
                0x080044a4                HAL_PCD_SetupStageCallback
 .text.HAL_PCD_DataOutStageCallback
                0x080044b2       0x12 ./Application/User/usbd_conf.o
                0x080044b2                HAL_PCD_DataOutStageCallback
 .text.HAL_PCD_DataInStageCallback
                0x080044c4       0x10 ./Application/User/usbd_conf.o
                0x080044c4                HAL_PCD_DataInStageCallback
 .text.HAL_PCD_SOFCallback
                0x080044d4        0x8 ./Application/User/usbd_conf.o
                0x080044d4                HAL_PCD_SOFCallback
 .text.HAL_PCD_ResetCallback
                0x080044dc       0x20 ./Application/User/usbd_conf.o
                0x080044dc                HAL_PCD_ResetCallback
 .text.HAL_PCD_SuspendCallback
                0x080044fc       0x30 ./Application/User/usbd_conf.o
                0x080044fc                HAL_PCD_SuspendCallback
 .text.HAL_PCD_ResumeCallback
                0x0800452c        0x8 ./Application/User/usbd_conf.o
                0x0800452c                HAL_PCD_ResumeCallback
 .text.HAL_PCD_ISOOUTIncompleteCallback
                0x08004534        0x8 ./Application/User/usbd_conf.o
                0x08004534                HAL_PCD_ISOOUTIncompleteCallback
 .text.HAL_PCD_ISOINIncompleteCallback
                0x0800453c        0x8 ./Application/User/usbd_conf.o
                0x0800453c                HAL_PCD_ISOINIncompleteCallback
 .text.HAL_PCD_ConnectCallback
                0x08004544        0x8 ./Application/User/usbd_conf.o
                0x08004544                HAL_PCD_ConnectCallback
 .text.HAL_PCD_DisconnectCallback
                0x0800454c        0x8 ./Application/User/usbd_conf.o
                0x0800454c                HAL_PCD_DisconnectCallback
 .text.USBD_LL_Init
                0x08004554       0x64 ./Application/User/usbd_conf.o
                0x08004554                USBD_LL_Init
 .text.USBD_LL_Start
                0x080045b8        0xe ./Application/User/usbd_conf.o
                0x080045b8                USBD_LL_Start
 .text.USBD_LL_OpenEP
                0x080045c6       0x14 ./Application/User/usbd_conf.o
                0x080045c6                USBD_LL_OpenEP
 .text.USBD_LL_CloseEP
                0x080045da        0xe ./Application/User/usbd_conf.o
                0x080045da                USBD_LL_CloseEP
 .text.USBD_LL_StallEP
                0x080045e8        0xe ./Application/User/usbd_conf.o
                0x080045e8                USBD_LL_StallEP
 .text.USBD_LL_ClearStallEP
                0x080045f6        0xe ./Application/User/usbd_conf.o
                0x080045f6                USBD_LL_ClearStallEP
 .text.USBD_LL_IsStallEP
                0x08004604       0x26 ./Application/User/usbd_conf.o
                0x08004604                USBD_LL_IsStallEP
 .text.USBD_LL_SetUSBAddress
                0x0800462a        0xe ./Application/User/usbd_conf.o
                0x0800462a                USBD_LL_SetUSBAddress
 .text.USBD_LL_Transmit
                0x08004638        0xe ./Application/User/usbd_conf.o
                0x08004638                USBD_LL_Transmit
 .text.USBD_LL_PrepareReceive
                0x08004646        0xe ./Application/User/usbd_conf.o
                0x08004646                USBD_LL_PrepareReceive
 .text.USBD_LL_GetRxDataSize
                0x08004654        0xc ./Application/User/usbd_conf.o
                0x08004654                USBD_LL_GetRxDataSize
 .text.HAL_PCDEx_LPM_Callback
                0x08004660       0x64 ./Application/User/usbd_conf.o
                0x08004660                HAL_PCDEx_LPM_Callback
 .text.USBD_HS_DeviceDescriptor
                0x080046c4        0xc ./Application/User/usbd_desc.o
                0x080046c4                USBD_HS_DeviceDescriptor
 .text.USBD_HS_LangIDStrDescriptor
                0x080046d0        0xc ./Application/User/usbd_desc.o
                0x080046d0                USBD_HS_LangIDStrDescriptor
 .text.USBD_HS_USR_BOSDescriptor
                0x080046dc        0xc ./Application/User/usbd_desc.o
                0x080046dc                USBD_HS_USR_BOSDescriptor
 .text.USBD_HS_ManufacturerStrDescriptor
                0x080046e8       0x1c ./Application/User/usbd_desc.o
                0x080046e8                USBD_HS_ManufacturerStrDescriptor
 .text.USBD_HS_ProductStrDescriptor
                0x08004704       0x1c ./Application/User/usbd_desc.o
                0x08004704                USBD_HS_ProductStrDescriptor
 .text.USBD_HS_SerialStrDescriptor
                0x08004720       0x1c ./Application/User/usbd_desc.o
                0x08004720                USBD_HS_SerialStrDescriptor
 .text.USBD_HS_ConfigStrDescriptor
                0x0800473c       0x1c ./Application/User/usbd_desc.o
                0x0800473c                USBD_HS_ConfigStrDescriptor
 .text.USBD_HS_InterfaceStrDescriptor
                0x08004758       0x1c ./Application/User/usbd_desc.o
                0x08004758                USBD_HS_InterfaceStrDescriptor
 .text.Reset_Handler
                0x08004774       0x50 ./Application/SW4STM32/startup_stm32f746xx.o
                0x08004774                Reset_Handler
 .text.Default_Handler
                0x080047c4        0x2 ./Application/SW4STM32/startup_stm32f746xx.o
                0x080047c4                RTC_Alarm_IRQHandler
                0x080047c4                EXTI2_IRQHandler
                0x080047c4                TIM8_CC_IRQHandler
                0x080047c4                DebugMon_Handler
                0x080047c4                UART8_IRQHandler
                0x080047c4                SPI4_IRQHandler
                0x080047c4                TIM1_CC_IRQHandler
                0x080047c4                DMA2_Stream5_IRQHandler
                0x080047c4                HardFault_Handler
                0x080047c4                DMA1_Stream5_IRQHandler
                0x080047c4                PVD_IRQHandler
                0x080047c4                TAMP_STAMP_IRQHandler
                0x080047c4                NMI_Handler
                0x080047c4                CAN2_RX1_IRQHandler
                0x080047c4                EXTI3_IRQHandler
                0x080047c4                TIM8_TRG_COM_TIM14_IRQHandler
                0x080047c4                TIM1_UP_TIM10_IRQHandler
                0x080047c4                TIM8_UP_TIM13_IRQHandler
                0x080047c4                I2C3_ER_IRQHandler
                0x080047c4                EXTI0_IRQHandler
                0x080047c4                I2C2_EV_IRQHandler
                0x080047c4                DMA1_Stream2_IRQHandler
                0x080047c4                CAN1_RX0_IRQHandler
                0x080047c4                FPU_IRQHandler
                0x080047c4                OTG_HS_WKUP_IRQHandler
                0x080047c4                UsageFault_Handler
                0x080047c4                LTDC_ER_IRQHandler
                0x080047c4                CAN2_SCE_IRQHandler
                0x080047c4                DMA2_Stream2_IRQHandler
                0x080047c4                SPI1_IRQHandler
                0x080047c4                TIM6_DAC_IRQHandler
                0x080047c4                TIM1_BRK_TIM9_IRQHandler
                0x080047c4                DCMI_IRQHandler
                0x080047c4                CAN2_RX0_IRQHandler
                0x080047c4                DMA2_Stream3_IRQHandler
                0x080047c4                SAI2_IRQHandler
                0x080047c4                USART6_IRQHandler
                0x080047c4                USART3_IRQHandler
                0x080047c4                CAN1_RX1_IRQHandler
                0x080047c4                UART5_IRQHandler
                0x080047c4                DMA2_Stream0_IRQHandler
                0x080047c4                TIM4_IRQHandler
                0x080047c4                QUADSPI_IRQHandler
                0x080047c4                I2C1_EV_IRQHandler
                0x080047c4                DMA1_Stream6_IRQHandler
                0x080047c4                DMA1_Stream1_IRQHandler
                0x080047c4                UART4_IRQHandler
                0x080047c4                TIM3_IRQHandler
                0x080047c4                RCC_IRQHandler
                0x080047c4                TIM8_BRK_TIM12_IRQHandler
                0x080047c4                Default_Handler
                0x080047c4                CEC_IRQHandler
                0x080047c4                EXTI15_10_IRQHandler
                0x080047c4                ADC_IRQHandler
                0x080047c4                DMA1_Stream7_IRQHandler
                0x080047c4                SPI5_IRQHandler
                0x080047c4                TIM7_IRQHandler
                0x080047c4                SDMMC1_IRQHandler
                0x080047c4                CAN2_TX_IRQHandler
                0x080047c4                TIM5_IRQHandler
                0x080047c4                DMA2_Stream7_IRQHandler
                0x080047c4                I2C3_EV_IRQHandler
                0x080047c4                EXTI9_5_IRQHandler
                0x080047c4                RTC_WKUP_IRQHandler
                0x080047c4                LTDC_IRQHandler
                0x080047c4                ETH_WKUP_IRQHandler
                0x080047c4                SPDIF_RX_IRQHandler
                0x080047c4                SPI2_IRQHandler
                0x080047c4                OTG_HS_EP1_IN_IRQHandler
                0x080047c4                MemManage_Handler
                0x080047c4                DMA1_Stream0_IRQHandler
                0x080047c4                CAN1_TX_IRQHandler
                0x080047c4                EXTI4_IRQHandler
                0x080047c4                RNG_IRQHandler
                0x080047c4                ETH_IRQHandler
                0x080047c4                OTG_HS_EP1_OUT_IRQHandler
                0x080047c4                WWDG_IRQHandler
                0x080047c4                SPI6_IRQHandler
                0x080047c4                I2C4_EV_IRQHandler
                0x080047c4                TIM2_IRQHandler
                0x080047c4                OTG_FS_WKUP_IRQHandler
                0x080047c4                TIM1_TRG_COM_TIM11_IRQHandler
                0x080047c4                DMA2D_IRQHandler
                0x080047c4                EXTI1_IRQHandler
                0x080047c4                UART7_IRQHandler
                0x080047c4                USART2_IRQHandler
                0x080047c4                I2C2_ER_IRQHandler
                0x080047c4                DMA2_Stream1_IRQHandler
                0x080047c4                CAN1_SCE_IRQHandler
                0x080047c4                FLASH_IRQHandler
                0x080047c4                DMA2_Stream4_IRQHandler
                0x080047c4                BusFault_Handler
                0x080047c4                USART1_IRQHandler
                0x080047c4                OTG_FS_IRQHandler
                0x080047c4                SPI3_IRQHandler
                0x080047c4                DMA1_Stream4_IRQHandler
                0x080047c4                I2C1_ER_IRQHandler
                0x080047c4                FMC_IRQHandler
                0x080047c4                LPTIM1_IRQHandler
                0x080047c4                I2C4_ER_IRQHandler
                0x080047c4                DMA2_Stream6_IRQHandler
                0x080047c4                SAI1_IRQHandler
                0x080047c4                DMA1_Stream3_IRQHandler
 *fill*         0x080047c6        0x2 
 .text.__libc_init_array
                0x080047c8       0x4c c:/ac6/systemworkbench/plugins/fr.ac6.mcu.externaltools.arm-none.win32_1.3.0.201507241045/tools/compiler/bin/../lib/gcc/arm-none-eabi/4.9.3/../../../../arm-none-eabi/lib/cortex-m7/fpu/fpv5-sp-d16\libc_nano.a(lib_a-init.o)
                0x080047c8                __libc_init_array
 .text.malloc   0x08004814       0x10 c:/ac6/systemworkbench/plugins/fr.ac6.mcu.externaltools.arm-none.win32_1.3.0.201507241045/tools/compiler/bin/../lib/gcc/arm-none-eabi/4.9.3/../../../../arm-none-eabi/lib/cortex-m7/fpu/fpv5-sp-d16\libc_nano.a(lib_a-malloc.o)
                0x08004814                malloc
 .text.free     0x08004824       0x10 c:/ac6/systemworkbench/plugins/fr.ac6.mcu.externaltools.arm-none.win32_1.3.0.201507241045/tools/compiler/bin/../lib/gcc/arm-none-eabi/4.9.3/../../../../arm-none-eabi/lib/cortex-m7/fpu/fpv5-sp-d16\libc_nano.a(lib_a-malloc.o)
                0x08004824                free
 .text.memcpy   0x08004834       0x16 c:/ac6/systemworkbench/plugins/fr.ac6.mcu.externaltools.arm-none.win32_1.3.0.201507241045/tools/compiler/bin/../lib/gcc/arm-none-eabi/4.9.3/../../../../arm-none-eabi/lib/cortex-m7/fpu/fpv5-sp-d16\libc_nano.a(lib_a-memcpy.o)
                0x08004834                memcpy
 .text.memset   0x0800484a       0x10 c:/ac6/systemworkbench/plugins/fr.ac6.mcu.externaltools.arm-none.win32_1.3.0.201507241045/tools/compiler/bin/../lib/gcc/arm-none-eabi/4.9.3/../../../../arm-none-eabi/lib/cortex-m7/fpu/fpv5-sp-d16\libc_nano.a(lib_a-memset.o)
                0x0800484a                memset
 *fill*         0x0800485a        0x2 
 .text._free_r  0x0800485c       0x88 c:/ac6/systemworkbench/plugins/fr.ac6.mcu.externaltools.arm-none.win32_1.3.0.201507241045/tools/compiler/bin/../lib/gcc/arm-none-eabi/4.9.3/../../../../arm-none-eabi/lib/cortex-m7/fpu/fpv5-sp-d16\libc_nano.a(lib_a-nano-freer.o)
                0x0800485c                _free_r
 .text._malloc_r
                0x080048e4       0xac c:/ac6/systemworkbench/plugins/fr.ac6.mcu.externaltools.arm-none.win32_1.3.0.201507241045/tools/compiler/bin/../lib/gcc/arm-none-eabi/4.9.3/../../../../arm-none-eabi/lib/cortex-m7/fpu/fpv5-sp-d16\libc_nano.a(lib_a-nano-mallocr.o)
                0x080048e4                _malloc_r
 .text._sbrk_r  0x08004990       0x20 c:/ac6/systemworkbench/plugins/fr.ac6.mcu.externaltools.arm-none.win32_1.3.0.201507241045/tools/compiler/bin/../lib/gcc/arm-none-eabi/4.9.3/../../../../arm-none-eabi/lib/cortex-m7/fpu/fpv5-sp-d16\libc_nano.a(lib_a-sbrkr.o)
                0x08004990                _sbrk_r
 .text.snprintf
                0x080049b0       0x64 c:/ac6/systemworkbench/plugins/fr.ac6.mcu.externaltools.arm-none.win32_1.3.0.201507241045/tools/compiler/bin/../lib/gcc/arm-none-eabi/4.9.3/../../../../arm-none-eabi/lib/cortex-m7/fpu/fpv5-sp-d16\libc_nano.a(lib_a-snprintf.o)
                0x080049b0                sniprintf
                0x080049b0                snprintf
 .text.strlen   0x08004a14       0x10 c:/ac6/systemworkbench/plugins/fr.ac6.mcu.externaltools.arm-none.win32_1.3.0.201507241045/tools/compiler/bin/../lib/gcc/arm-none-eabi/4.9.3/../../../../arm-none-eabi/lib/cortex-m7/fpu/fpv5-sp-d16\libc_nano.a(lib_a-strlen.o)
                0x08004a14                strlen
 .text.strncat  0x08004a24       0x28 c:/ac6/systemworkbench/plugins/fr.ac6.mcu.externaltools.arm-none.win32_1.3.0.201507241045/tools/compiler/bin/../lib/gcc/arm-none-eabi/4.9.3/../../../../arm-none-eabi/lib/cortex-m7/fpu/fpv5-sp-d16\libc_nano.a(lib_a-strncat.o)
                0x08004a24                strncat
 .text.strncpy  0x08004a4c       0x24 c:/ac6/systemworkbench/plugins/fr.ac6.mcu.externaltools.arm-none.win32_1.3.0.201507241045/tools/compiler/bin/../lib/gcc/arm-none-eabi/4.9.3/../../../../arm-none-eabi/lib/cortex-m7/fpu/fpv5-sp-d16\libc_nano.a(lib_a-strncpy.o)
                0x08004a4c                strncpy
 .text.__ssputs_r
                0x08004a70       0xb2 c:/ac6/systemworkbench/plugins/fr.ac6.mcu.externaltools.arm-none.win32_1.3.0.201507241045/tools/compiler/bin/../lib/gcc/arm-none-eabi/4.9.3/../../../../arm-none-eabi/lib/cortex-m7/fpu/fpv5-sp-d16\libc_nano.a(lib_a-nano-svfprintf.o)
                0x08004a70                __ssputs_r
 *fill*         0x08004b22        0x2 
 .text._svfprintf_r
                0x08004b24      0x1e4 c:/ac6/systemworkbench/plugins/fr.ac6.mcu.externaltools.arm-none.win32_1.3.0.201507241045/tools/compiler/bin/../lib/gcc/arm-none-eabi/4.9.3/../../../../arm-none-eabi/lib/cortex-m7/fpu/fpv5-sp-d16\libc_nano.a(lib_a-nano-svfprintf.o)
                0x08004b24                _svfiprintf_r
                0x08004b24                _svfprintf_r
 .text._printf_common
                0x08004d08       0xea c:/ac6/systemworkbench/plugins/fr.ac6.mcu.externaltools.arm-none.win32_1.3.0.201507241045/tools/compiler/bin/../lib/gcc/arm-none-eabi/4.9.3/../../../../arm-none-eabi/lib/cortex-m7/fpu/fpv5-sp-d16\libc_nano.a(lib_a-nano-vfprintf_i.o)
                0x08004d08                _printf_common
 *fill*         0x08004df2        0x2 
 .text._printf_i
                0x08004df4      0x23c c:/ac6/systemworkbench/plugins/fr.ac6.mcu.externaltools.arm-none.win32_1.3.0.201507241045/tools/compiler/bin/../lib/gcc/arm-none-eabi/4.9.3/../../../../arm-none-eabi/lib/cortex-m7/fpu/fpv5-sp-d16\libc_nano.a(lib_a-nano-vfprintf_i.o)
                0x08004df4                _printf_i
 .text.memchr   0x08005030       0x1c c:/ac6/systemworkbench/plugins/fr.ac6.mcu.externaltools.arm-none.win32_1.3.0.201507241045/tools/compiler/bin/../lib/gcc/arm-none-eabi/4.9.3/../../../../arm-none-eabi/lib/cortex-m7/fpu/fpv5-sp-d16\libc_nano.a(lib_a-memchr.o)
                0x08005030                memchr
 .text.memmove  0x0800504c       0x36 c:/ac6/systemworkbench/plugins/fr.ac6.mcu.externaltools.arm-none.win32_1.3.0.201507241045/tools/compiler/bin/../lib/gcc/arm-none-eabi/4.9.3/../../../../arm-none-eabi/lib/cortex-m7/fpu/fpv5-sp-d16\libc_nano.a(lib_a-memmove.o)
                0x0800504c                memmove
 .text._realloc_r
                0x08005082       0x4c c:/ac6/systemworkbench/plugins/fr.ac6.mcu.externaltools.arm-none.win32_1.3.0.201507241045/tools/compiler/bin/../lib/gcc/arm-none-eabi/4.9.3/../../../../arm-none-eabi/lib/cortex-m7/fpu/fpv5-sp-d16\libc_nano.a(lib_a-nano-reallocr.o)
                0x08005082                _realloc_r
 .text._malloc_usable_size_r
                0x080050ce       0x14 c:/ac6/systemworkbench/plugins/fr.ac6.mcu.externaltools.arm-none.win32_1.3.0.201507241045/tools/compiler/bin/../lib/gcc/arm-none-eabi/4.9.3/../../../../arm-none-eabi/lib/cortex-m7/fpu/fpv5-sp-d16\libc_nano.a(lib_a-nano-msizer.o)
                0x080050ce                _malloc_usable_size_r
 *fill*         0x080050e2        0x2 
 .text._sbrk    0x080050e4       0x1c c:/ac6/systemworkbench/plugins/fr.ac6.mcu.externaltools.arm-none.win32_1.3.0.201507241045/tools/compiler/bin/../lib/gcc/arm-none-eabi/4.9.3/../../../../arm-none-eabi/lib/cortex-m7/fpu/fpv5-sp-d16\libnosys.a(sbrk.o)
                0x080050e4                _sbrk
 *(.glue_7)
 .glue_7        0x00000000        0x0 linker stubs
 *(.glue_7t)
 .glue_7t       0x00000000        0x0 linker stubs
 *(.eh_frame)
 .eh_frame      0x08005100        0x0 c:/ac6/systemworkbench/plugins/fr.ac6.mcu.externaltools.arm-none.win32_1.3.0.201507241045/tools/compiler/bin/../lib/gcc/arm-none-eabi/4.9.3/cortex-m7/fpu/fpv5-sp-d16/crtbegin.o
 *(.init)
 .init          0x08005100        0x4 c:/ac6/systemworkbench/plugins/fr.ac6.mcu.externaltools.arm-none.win32_1.3.0.201507241045/tools/compiler/bin/../lib/gcc/arm-none-eabi/4.9.3/cortex-m7/fpu/fpv5-sp-d16/crti.o
                0x08005100                _init
 .init          0x08005104        0x8 c:/ac6/systemworkbench/plugins/fr.ac6.mcu.externaltools.arm-none.win32_1.3.0.201507241045/tools/compiler/bin/../lib/gcc/arm-none-eabi/4.9.3/cortex-m7/fpu/fpv5-sp-d16/crtn.o
 *(.fini)
 .fini          0x0800510c        0x4 c:/ac6/systemworkbench/plugins/fr.ac6.mcu.externaltools.arm-none.win32_1.3.0.201507241045/tools/compiler/bin/../lib/gcc/arm-none-eabi/4.9.3/cortex-m7/fpu/fpv5-sp-d16/crti.o
                0x0800510c                _fini
 .fini          0x08005110        0x8 c:/ac6/systemworkbench/plugins/fr.ac6.mcu.externaltools.arm-none.win32_1.3.0.201507241045/tools/compiler/bin/../lib/gcc/arm-none-eabi/4.9.3/cortex-m7/fpu/fpv5-sp-d16/crtn.o
                0x08005118                . = ALIGN (0x4)
                0x08005118                _etext = .

.vfp11_veneer   0x08005118        0x0
 .vfp11_veneer  0x00000000        0x0 linker stubs

.v4_bx          0x08005118        0x0
 .v4_bx         0x00000000        0x0 linker stubs

.iplt           0x08005118        0x0
 .iplt          0x00000000        0x0 c:/ac6/systemworkbench/plugins/fr.ac6.mcu.externaltools.arm-none.win32_1.3.0.201507241045/tools/compiler/bin/../lib/gcc/arm-none-eabi/4.9.3/cortex-m7/fpu/fpv5-sp-d16/crtbegin.o

.rodata         0x08005118       0xf0
                0x08005118                . = ALIGN (0x4)
 *(.rodata)
 .rodata        0x08005118       0x10 ./Drivers/STM32F7xx_HAL_Driver/stm32f7xx_hal_rcc.o
                0x08005118                APBAHBPrescTable
 .rodata        0x08005128       0x28 ./Application/User/freertos.o
 *(.rodata*)
 .rodata.str1.1
                0x08005150        0x5 ./Middlewares/FreeRTOS/tasks.o
 .rodata.str1.1
                0x08005155       0x1a ./Application/User/freertos.o
 .rodata.str1.1
                0x0800516f       0x14 ./Application/User/main.o
 .rodata.str1.1
                0x08005183       0x4f ./Application/User/usbd_desc.o
 .rodata.str1.1
                0x080051d2        0x2 c:/ac6/systemworkbench/plugins/fr.ac6.mcu.externaltools.arm-none.win32_1.3.0.201507241045/tools/compiler/bin/../lib/gcc/arm-none-eabi/4.9.3/../../../../arm-none-eabi/lib/cortex-m7/fpu/fpv5-sp-d16\libc_nano.a(lib_a-impure.o)
 .rodata.str1.1
                0x080051d4       0x11 c:/ac6/systemworkbench/plugins/fr.ac6.mcu.externaltools.arm-none.win32_1.3.0.201507241045/tools/compiler/bin/../lib/gcc/arm-none-eabi/4.9.3/../../../../arm-none-eabi/lib/cortex-m7/fpu/fpv5-sp-d16\libc_nano.a(lib_a-nano-svfprintf.o)
 .rodata.str1.1
                0x080051e5       0x22 c:/ac6/systemworkbench/plugins/fr.ac6.mcu.externaltools.arm-none.win32_1.3.0.201507241045/tools/compiler/bin/../lib/gcc/arm-none-eabi/4.9.3/../../../../arm-none-eabi/lib/cortex-m7/fpu/fpv5-sp-d16\libc_nano.a(lib_a-nano-vfprintf_i.o)
                0x08005208                . = ALIGN (0x4)
 *fill*         0x08005207        0x1 

.rel.dyn        0x08005208        0x0
 .rel.iplt      0x00000000        0x0 c:/ac6/systemworkbench/plugins/fr.ac6.mcu.externaltools.arm-none.win32_1.3.0.201507241045/tools/compiler/bin/../lib/gcc/arm-none-eabi/4.9.3/cortex-m7/fpu/fpv5-sp-d16/crtbegin.o

.ARM.extab
 *(.ARM.extab* .gnu.linkonce.armextab.*)

.ARM            0x08005208        0x0
                0x08005208                __exidx_start = .
 *(.ARM.exidx*)
                0x08005208                __exidx_end = .

.preinit_array  0x08005208        0x0
                0x08005208                PROVIDE (__preinit_array_start, .)
 *(.preinit_array*)
                0x08005208                PROVIDE (__preinit_array_end, .)

.init_array     0x08005208        0x4
                0x08005208                PROVIDE (__init_array_start, .)
 *(SORT(.init_array.*))
 *(.init_array*)
 .init_array    0x08005208        0x4 c:/ac6/systemworkbench/plugins/fr.ac6.mcu.externaltools.arm-none.win32_1.3.0.201507241045/tools/compiler/bin/../lib/gcc/arm-none-eabi/4.9.3/cortex-m7/fpu/fpv5-sp-d16/crtbegin.o
                0x0800520c                PROVIDE (__init_array_end, .)

.fini_array     0x0800520c        0x4
                0x0800520c                PROVIDE (__fini_array_start, .)
 *(SORT(.fini_array.*))
 *(.fini_array*)
 .fini_array    0x0800520c        0x4 c:/ac6/systemworkbench/plugins/fr.ac6.mcu.externaltools.arm-none.win32_1.3.0.201507241045/tools/compiler/bin/../lib/gcc/arm-none-eabi/4.9.3/cortex-m7/fpu/fpv5-sp-d16/crtbegin.o
                0x08005210                PROVIDE (__fini_array_end, .)
                0x08005210                _sidata = LOADADDR (.data)

.data           0x20000000      0x1d4 load address 0x08005210
                0x20000000                . = ALIGN (0x4)
                0x20000000                _sdata = .
 *(.data)
 .data          0x20000000      0x110 ./Middlewares/USB_Device_Library/usbd_cdc.o
                0x20000000                USBD_CDC_CfgFSDesc
                0x20000044                USBD_CDC_CfgHSDesc
                0x20000088                USBD_CDC_OtherSpeedCfgDesc
                0x200000d8                USBD_CDC
 .data          0x20000110        0x4 ./Middlewares/FreeRTOS/port.o
 .data          0x20000114        0x4 ./Middlewares/FreeRTOS/tasks.o
 .data          0x20000118        0x4 ./Drivers/CMSIS/system_stm32f7xx.o
                0x20000118                SystemCoreClock
 .data          0x2000011c       0x10 ./Application/User/usbd_cdc_if.o
                0x2000011c                USBD_Interface_fops_HS
 .data          0x2000012c       0x44 ./Application/User/usbd_desc.o
                0x2000012c                USBD_HS_DeviceDesc
                0x20000140                USBD_LangIDDesc
                0x20000144                USBD_HS_BOSDesc
                0x20000150                HS_Desc
 *(.data*)
 .data.impure_data
                0x20000170       0x60 c:/ac6/systemworkbench/plugins/fr.ac6.mcu.externaltools.arm-none.win32_1.3.0.201507241045/tools/compiler/bin/../lib/gcc/arm-none-eabi/4.9.3/../../../../arm-none-eabi/lib/cortex-m7/fpu/fpv5-sp-d16\libc_nano.a(lib_a-impure.o)
 .data._impure_ptr
                0x200001d0        0x4 c:/ac6/systemworkbench/plugins/fr.ac6.mcu.externaltools.arm-none.win32_1.3.0.201507241045/tools/compiler/bin/../lib/gcc/arm-none-eabi/4.9.3/../../../../arm-none-eabi/lib/cortex-m7/fpu/fpv5-sp-d16\libc_nano.a(lib_a-impure.o)
                0x200001d0                _impure_ptr
                0x200001d4                . = ALIGN (0x4)
                0x200001d4                _edata = .

.jcr            0x200001d4        0x0 load address 0x080053e4
 .jcr           0x200001d4        0x0 c:/ac6/systemworkbench/plugins/fr.ac6.mcu.externaltools.arm-none.win32_1.3.0.201507241045/tools/compiler/bin/../lib/gcc/arm-none-eabi/4.9.3/cortex-m7/fpu/fpv5-sp-d16/crtbegin.o

.igot.plt       0x200001d4        0x0 load address 0x080053e4
 .igot.plt      0x00000000        0x0 c:/ac6/systemworkbench/plugins/fr.ac6.mcu.externaltools.arm-none.win32_1.3.0.201507241045/tools/compiler/bin/../lib/gcc/arm-none-eabi/4.9.3/cortex-m7/fpu/fpv5-sp-d16/crtbegin.o
                0x200001d4                . = ALIGN (0x4)

.bss            0x200001d4     0x5648 load address 0x080053e4
                0x200001d4                _sbss = .
                0x200001d4                __bss_start__ = _sbss
 *(.bss)
 .bss           0x200001d4       0x1c c:/ac6/systemworkbench/plugins/fr.ac6.mcu.externaltools.arm-none.win32_1.3.0.201507241045/tools/compiler/bin/../lib/gcc/arm-none-eabi/4.9.3/cortex-m7/fpu/fpv5-sp-d16/crtbegin.o
 .bss           0x200001f0        0x1 ./Middlewares/USB_Device_Library/usbd_cdc.o
 .bss           0x200001f1        0x1 ./Middlewares/USB_Device_Library/usbd_ctlreq.o
 *fill*         0x200001f2        0x2 
 .bss           0x200001f4     0x3c18 ./Middlewares/FreeRTOS/heap_4.o
 .bss           0x20003e0c        0x8 ./Middlewares/FreeRTOS/port.o
 .bss           0x20003e14      0x124 ./Middlewares/FreeRTOS/tasks.o
                0x20003e40                pxCurrentTCB
 .bss           0x20003f38        0x4 ./Drivers/STM32F7xx_HAL_Driver/stm32f7xx_hal.o
 .bss           0x20003f3c     0x1000 ./Application/User/usbd_cdc_if.o
                0x20003f3c                UserTxBufferHS
                0x2000473c                UserRxBufferHS
 *(.bss*)
 .bss.__malloc_sbrk_start
                0x20004f3c        0x4 c:/ac6/systemworkbench/plugins/fr.ac6.mcu.externaltools.arm-none.win32_1.3.0.201507241045/tools/compiler/bin/../lib/gcc/arm-none-eabi/4.9.3/../../../../arm-none-eabi/lib/cortex-m7/fpu/fpv5-sp-d16\libc_nano.a(lib_a-nano-mallocr.o)
                0x20004f3c                __malloc_sbrk_start
 .bss.__malloc_free_list
                0x20004f40        0x4 c:/ac6/systemworkbench/plugins/fr.ac6.mcu.externaltools.arm-none.win32_1.3.0.201507241045/tools/compiler/bin/../lib/gcc/arm-none-eabi/4.9.3/../../../../arm-none-eabi/lib/cortex-m7/fpu/fpv5-sp-d16\libc_nano.a(lib_a-nano-mallocr.o)
                0x20004f40                __malloc_free_list
 .bss.heap_end.4079
                0x20004f44        0x4 c:/ac6/systemworkbench/plugins/fr.ac6.mcu.externaltools.arm-none.win32_1.3.0.201507241045/tools/compiler/bin/../lib/gcc/arm-none-eabi/4.9.3/../../../../arm-none-eabi/lib/cortex-m7/fpu/fpv5-sp-d16\libnosys.a(sbrk.o)
 *(COMMON)
 COMMON         0x20004f48       0x50 ./Application/User/dcmi.o
                0x20004f48                hdcmi
 COMMON         0x20004f98        0x8 ./Application/User/freertos.o
                0x20004f98                defaultTaskHandle
                0x20004f9c                myTaskUSBSendHandle
 COMMON         0x20004fa0       0x44 ./Application/User/quadspi.o
                0x20004fa0                hqspi
 COMMON         0x20004fe4       0x4c ./Application/User/spdifrx.o
                0x20004fe4                hspdif
 COMMON         0x20005030      0x224 ./Application/User/usb_device.o
                0x20005030                hUsbDeviceHS
 COMMON         0x20005254        0x4 ./Application/User/usbd_cdc_if.o
                0x20005254                hUsbDevice_1
 COMMON         0x20005258      0x3c0 ./Application/User/usbd_conf.o
                0x20005258                hpcd_USB_OTG_HS
 COMMON         0x20005618      0x200 ./Application/User/usbd_desc.o
                0x20005618                USBD_StrDesc
 COMMON         0x20005818        0x4 c:/ac6/systemworkbench/plugins/fr.ac6.mcu.externaltools.arm-none.win32_1.3.0.201507241045/tools/compiler/bin/../lib/gcc/arm-none-eabi/4.9.3/../../../../arm-none-eabi/lib/cortex-m7/fpu/fpv5-sp-d16\libc_nano.a(lib_a-reent.o)
                0x20005818                errno
                0x2000581c                . = ALIGN (0x4)
                0x2000581c                _ebss = .
                0x2000581c                __bss_end__ = _ebss

._user_heap_stack
                0x2000581c        0x0 load address 0x080053e4
                0x2000581c                . = ALIGN (0x4)
                0x2000581c                PROVIDE (end, .)
                0x2000581c                PROVIDE (_end, .)
                0x2000581c                . = (. + _Min_Heap_Size)
                0x2000581c                . = (. + _Min_Stack_Size)
                0x2000581c                . = ALIGN (0x4)

/DISCARD/
 libc.a(*)
 libm.a(*)
 libgcc.a(*)

.ARM.attributes
                0x00000000       0x35
 *(.ARM.attributes)
 .ARM.attributes
                0x00000000       0x27 c:/ac6/systemworkbench/plugins/fr.ac6.mcu.externaltools.arm-none.win32_1.3.0.201507241045/tools/compiler/bin/../lib/gcc/arm-none-eabi/4.9.3/cortex-m7/fpu/fpv5-sp-d16/crti.o
 .ARM.attributes
                0x00000027       0x39 c:/ac6/systemworkbench/plugins/fr.ac6.mcu.externaltools.arm-none.win32_1.3.0.201507241045/tools/compiler/bin/../lib/gcc/arm-none-eabi/4.9.3/cortex-m7/fpu/fpv5-sp-d16/crtbegin.o
 .ARM.attributes
                0x00000060       0x39 ./Middlewares/USB_Device_Library/usbd_cdc.o
 .ARM.attributes
                0x00000099       0x39 ./Middlewares/USB_Device_Library/usbd_core.o
 .ARM.attributes
                0x000000d2       0x39 ./Middlewares/USB_Device_Library/usbd_ctlreq.o
 .ARM.attributes
                0x0000010b       0x39 ./Middlewares/USB_Device_Library/usbd_ioreq.o
 .ARM.attributes
                0x00000144       0x39 ./Middlewares/FreeRTOS/cmsis_os.o
 .ARM.attributes
                0x0000017d       0x39 ./Middlewares/FreeRTOS/heap_4.o
 .ARM.attributes
                0x000001b6       0x39 ./Middlewares/FreeRTOS/list.o
 .ARM.attributes
                0x000001ef       0x39 ./Middlewares/FreeRTOS/port.o
 .ARM.attributes
                0x00000228       0x39 ./Middlewares/FreeRTOS/tasks.o
 .ARM.attributes
                0x00000261       0x39 ./Drivers/STM32F7xx_HAL_Driver/stm32f7xx_hal.o
 .ARM.attributes
                0x0000029a       0x39 ./Drivers/STM32F7xx_HAL_Driver/stm32f7xx_hal_cortex.o
 .ARM.attributes
                0x000002d3       0x39 ./Drivers/STM32F7xx_HAL_Driver/stm32f7xx_hal_dcmi_ex.o
 .ARM.attributes
                0x0000030c       0x39 ./Drivers/STM32F7xx_HAL_Driver/stm32f7xx_hal_gpio.o
 .ARM.attributes
                0x00000345       0x39 ./Drivers/STM32F7xx_HAL_Driver/stm32f7xx_hal_pcd.o
 .ARM.attributes
                0x0000037e       0x39 ./Drivers/STM32F7xx_HAL_Driver/stm32f7xx_hal_pcd_ex.o
 .ARM.attributes
                0x000003b7       0x39 ./Drivers/STM32F7xx_HAL_Driver/stm32f7xx_hal_pwr_ex.o
 .ARM.attributes
                0x000003f0       0x39 ./Drivers/STM32F7xx_HAL_Driver/stm32f7xx_hal_qspi.o
 .ARM.attributes
                0x00000429       0x39 ./Drivers/STM32F7xx_HAL_Driver/stm32f7xx_hal_rcc.o
 .ARM.attributes
                0x00000462       0x39 ./Drivers/STM32F7xx_HAL_Driver/stm32f7xx_hal_rcc_ex.o
 .ARM.attributes
                0x0000049b       0x39 ./Drivers/STM32F7xx_HAL_Driver/stm32f7xx_hal_spdifrx.o
 .ARM.attributes
                0x000004d4       0x39 ./Drivers/STM32F7xx_HAL_Driver/stm32f7xx_ll_usb.o
 .ARM.attributes
                0x0000050d       0x39 ./Drivers/CMSIS/system_stm32f7xx.o
 .ARM.attributes
                0x00000546       0x39 ./Application/User/dcmi.o
 .ARM.attributes
                0x0000057f       0x39 ./Application/User/freertos.o
 .ARM.attributes
                0x000005b8       0x39 ./Application/User/gpio.o
 .ARM.attributes
                0x000005f1       0x39 ./Application/User/main.o
 .ARM.attributes
                0x0000062a       0x39 ./Application/User/quadspi.o
 .ARM.attributes
                0x00000663       0x39 ./Application/User/spdifrx.o
 .ARM.attributes
                0x0000069c       0x39 ./Application/User/stm32f7xx_hal_msp.o
 .ARM.attributes
                0x000006d5       0x39 ./Application/User/stm32f7xx_it.o
 .ARM.attributes
                0x0000070e       0x39 ./Application/User/usb_device.o
 .ARM.attributes
                0x00000747       0x39 ./Application/User/usbd_cdc_if.o
 .ARM.attributes
                0x00000780       0x39 ./Application/User/usbd_conf.o
 .ARM.attributes
                0x000007b9       0x39 ./Application/User/usbd_desc.o
 .ARM.attributes
                0x000007f2       0x21 ./Application/SW4STM32/startup_stm32f746xx.o
 .ARM.attributes
                0x00000813       0x39 c:/ac6/systemworkbench/plugins/fr.ac6.mcu.externaltools.arm-none.win32_1.3.0.201507241045/tools/compiler/bin/../lib/gcc/arm-none-eabi/4.9.3/../../../../arm-none-eabi/lib/cortex-m7/fpu/fpv5-sp-d16\libc_nano.a(lib_a-impure.o)
 .ARM.attributes
                0x0000084c       0x39 c:/ac6/systemworkbench/plugins/fr.ac6.mcu.externaltools.arm-none.win32_1.3.0.201507241045/tools/compiler/bin/../lib/gcc/arm-none-eabi/4.9.3/../../../../arm-none-eabi/lib/cortex-m7/fpu/fpv5-sp-d16\libc_nano.a(lib_a-init.o)
 .ARM.attributes
                0x00000885       0x39 c:/ac6/systemworkbench/plugins/fr.ac6.mcu.externaltools.arm-none.win32_1.3.0.201507241045/tools/compiler/bin/../lib/gcc/arm-none-eabi/4.9.3/../../../../arm-none-eabi/lib/cortex-m7/fpu/fpv5-sp-d16\libc_nano.a(lib_a-malloc.o)
 .ARM.attributes
                0x000008be       0x39 c:/ac6/systemworkbench/plugins/fr.ac6.mcu.externaltools.arm-none.win32_1.3.0.201507241045/tools/compiler/bin/../lib/gcc/arm-none-eabi/4.9.3/../../../../arm-none-eabi/lib/cortex-m7/fpu/fpv5-sp-d16\libc_nano.a(lib_a-memcpy.o)
 .ARM.attributes
                0x000008f7       0x39 c:/ac6/systemworkbench/plugins/fr.ac6.mcu.externaltools.arm-none.win32_1.3.0.201507241045/tools/compiler/bin/../lib/gcc/arm-none-eabi/4.9.3/../../../../arm-none-eabi/lib/cortex-m7/fpu/fpv5-sp-d16\libc_nano.a(lib_a-memset.o)
 .ARM.attributes
                0x00000930       0x39 c:/ac6/systemworkbench/plugins/fr.ac6.mcu.externaltools.arm-none.win32_1.3.0.201507241045/tools/compiler/bin/../lib/gcc/arm-none-eabi/4.9.3/../../../../arm-none-eabi/lib/cortex-m7/fpu/fpv5-sp-d16\libc_nano.a(lib_a-nano-freer.o)
 .ARM.attributes
                0x00000969       0x39 c:/ac6/systemworkbench/plugins/fr.ac6.mcu.externaltools.arm-none.win32_1.3.0.201507241045/tools/compiler/bin/../lib/gcc/arm-none-eabi/4.9.3/../../../../arm-none-eabi/lib/cortex-m7/fpu/fpv5-sp-d16\libc_nano.a(lib_a-nano-mallocr.o)
 .ARM.attributes
                0x000009a2       0x39 c:/ac6/systemworkbench/plugins/fr.ac6.mcu.externaltools.arm-none.win32_1.3.0.201507241045/tools/compiler/bin/../lib/gcc/arm-none-eabi/4.9.3/../../../../arm-none-eabi/lib/cortex-m7/fpu/fpv5-sp-d16\libc_nano.a(lib_a-sbrkr.o)
 .ARM.attributes
                0x000009db       0x39 c:/ac6/systemworkbench/plugins/fr.ac6.mcu.externaltools.arm-none.win32_1.3.0.201507241045/tools/compiler/bin/../lib/gcc/arm-none-eabi/4.9.3/../../../../arm-none-eabi/lib/cortex-m7/fpu/fpv5-sp-d16\libc_nano.a(lib_a-snprintf.o)
 .ARM.attributes
                0x00000a14       0x39 c:/ac6/systemworkbench/plugins/fr.ac6.mcu.externaltools.arm-none.win32_1.3.0.201507241045/tools/compiler/bin/../lib/gcc/arm-none-eabi/4.9.3/../../../../arm-none-eabi/lib/cortex-m7/fpu/fpv5-sp-d16\libc_nano.a(lib_a-strlen.o)
 .ARM.attributes
                0x00000a4d       0x39 c:/ac6/systemworkbench/plugins/fr.ac6.mcu.externaltools.arm-none.win32_1.3.0.201507241045/tools/compiler/bin/../lib/gcc/arm-none-eabi/4.9.3/../../../../arm-none-eabi/lib/cortex-m7/fpu/fpv5-sp-d16\libc_nano.a(lib_a-strncat.o)
 .ARM.attributes
                0x00000a86       0x39 c:/ac6/systemworkbench/plugins/fr.ac6.mcu.externaltools.arm-none.win32_1.3.0.201507241045/tools/compiler/bin/../lib/gcc/arm-none-eabi/4.9.3/../../../../arm-none-eabi/lib/cortex-m7/fpu/fpv5-sp-d16\libc_nano.a(lib_a-strncpy.o)
 .ARM.attributes
                0x00000abf       0x39 c:/ac6/systemworkbench/plugins/fr.ac6.mcu.externaltools.arm-none.win32_1.3.0.201507241045/tools/compiler/bin/../lib/gcc/arm-none-eabi/4.9.3/../../../../arm-none-eabi/lib/cortex-m7/fpu/fpv5-sp-d16\libc_nano.a(lib_a-nano-svfprintf.o)
 .ARM.attributes
                0x00000af8       0x39 c:/ac6/systemworkbench/plugins/fr.ac6.mcu.externaltools.arm-none.win32_1.3.0.201507241045/tools/compiler/bin/../lib/gcc/arm-none-eabi/4.9.3/../../../../arm-none-eabi/lib/cortex-m7/fpu/fpv5-sp-d16\libc_nano.a(lib_a-nano-vfprintf_i.o)
 .ARM.attributes
                0x00000b31       0x39 c:/ac6/systemworkbench/plugins/fr.ac6.mcu.externaltools.arm-none.win32_1.3.0.201507241045/tools/compiler/bin/../lib/gcc/arm-none-eabi/4.9.3/../../../../arm-none-eabi/lib/cortex-m7/fpu/fpv5-sp-d16\libc_nano.a(lib_a-reent.o)
 .ARM.attributes
                0x00000b6a       0x39 c:/ac6/systemworkbench/plugins/fr.ac6.mcu.externaltools.arm-none.win32_1.3.0.201507241045/tools/compiler/bin/../lib/gcc/arm-none-eabi/4.9.3/../../../../arm-none-eabi/lib/cortex-m7/fpu/fpv5-sp-d16\libc_nano.a(lib_a-memchr.o)
 .ARM.attributes
                0x00000ba3       0x39 c:/ac6/systemworkbench/plugins/fr.ac6.mcu.externaltools.arm-none.win32_1.3.0.201507241045/tools/compiler/bin/../lib/gcc/arm-none-eabi/4.9.3/../../../../arm-none-eabi/lib/cortex-m7/fpu/fpv5-sp-d16\libc_nano.a(lib_a-memmove.o)
 .ARM.attributes
                0x00000bdc       0x39 c:/ac6/systemworkbench/plugins/fr.ac6.mcu.externaltools.arm-none.win32_1.3.0.201507241045/tools/compiler/bin/../lib/gcc/arm-none-eabi/4.9.3/../../../../arm-none-eabi/lib/cortex-m7/fpu/fpv5-sp-d16\libc_nano.a(lib_a-nano-reallocr.o)
 .ARM.attributes
                0x00000c15       0x39 c:/ac6/systemworkbench/plugins/fr.ac6.mcu.externaltools.arm-none.win32_1.3.0.201507241045/tools/compiler/bin/../lib/gcc/arm-none-eabi/4.9.3/../../../../arm-none-eabi/lib/cortex-m7/fpu/fpv5-sp-d16\libc_nano.a(lib_a-nano-msizer.o)
 .ARM.attributes
                0x00000c4e       0x39 c:/ac6/systemworkbench/plugins/fr.ac6.mcu.externaltools.arm-none.win32_1.3.0.201507241045/tools/compiler/bin/../lib/gcc/arm-none-eabi/4.9.3/../../../../arm-none-eabi/lib/cortex-m7/fpu/fpv5-sp-d16\libnosys.a(sbrk.o)
 .ARM.attributes
                0x00000c87       0x27 c:/ac6/systemworkbench/plugins/fr.ac6.mcu.externaltools.arm-none.win32_1.3.0.201507241045/tools/compiler/bin/../lib/gcc/arm-none-eabi/4.9.3/cortex-m7/fpu/fpv5-sp-d16/crtn.o
OUTPUT(CdcDevice Configuration.elf elf32-littlearm)

.debug_info     0x00000000    0x19ca4
 .debug_info    0x00000000      0xd01 ./Middlewares/USB_Device_Library/usbd_cdc.o
 .debug_info    0x00000d01      0xcda ./Middlewares/USB_Device_Library/usbd_core.o
 .debug_info    0x000019db      0xc35 ./Middlewares/USB_Device_Library/usbd_ctlreq.o
 .debug_info    0x00002610      0x79b ./Middlewares/USB_Device_Library/usbd_ioreq.o
 .debug_info    0x00002dab     0x1fc4 ./Middlewares/FreeRTOS/cmsis_os.o
 .debug_info    0x00004d6f      0x48a ./Middlewares/FreeRTOS/heap_4.o
 .debug_info    0x000051f9      0x29e ./Middlewares/FreeRTOS/list.o
 .debug_info    0x00005497      0x505 ./Middlewares/FreeRTOS/port.o
 .debug_info    0x0000599c     0x2804 ./Middlewares/FreeRTOS/tasks.o
 .debug_info    0x000081a0      0x93d ./Drivers/STM32F7xx_HAL_Driver/stm32f7xx_hal.o
 .debug_info    0x00008add     0x10b3 ./Drivers/STM32F7xx_HAL_Driver/stm32f7xx_hal_cortex.o
 .debug_info    0x00009b90      0x5da ./Drivers/STM32F7xx_HAL_Driver/stm32f7xx_hal_dcmi_ex.o
 .debug_info    0x0000a16a      0x735 ./Drivers/STM32F7xx_HAL_Driver/stm32f7xx_hal_gpio.o
 .debug_info    0x0000a89f     0x171f ./Drivers/STM32F7xx_HAL_Driver/stm32f7xx_hal_pcd.o
 .debug_info    0x0000bfbe      0x6ea ./Drivers/STM32F7xx_HAL_Driver/stm32f7xx_hal_pcd_ex.o
 .debug_info    0x0000c6a8      0x9b0 ./Drivers/STM32F7xx_HAL_Driver/stm32f7xx_hal_pwr_ex.o
 .debug_info    0x0000d058     0x1597 ./Drivers/STM32F7xx_HAL_Driver/stm32f7xx_hal_qspi.o
 .debug_info    0x0000e5ef      0xd4c ./Drivers/STM32F7xx_HAL_Driver/stm32f7xx_hal_rcc.o
 .debug_info    0x0000f33b      0xb00 ./Drivers/STM32F7xx_HAL_Driver/stm32f7xx_hal_rcc_ex.o
 .debug_info    0x0000fe3b      0xde6 ./Drivers/STM32F7xx_HAL_Driver/stm32f7xx_hal_spdifrx.o
 .debug_info    0x00010c21     0x1675 ./Drivers/STM32F7xx_HAL_Driver/stm32f7xx_ll_usb.o
 .debug_info    0x00012296      0x6a2 ./Drivers/CMSIS/system_stm32f7xx.o
 .debug_info    0x00012938      0xa6a ./Application/User/dcmi.o
 .debug_info    0x000133a2      0x2f5 ./Application/User/freertos.o
 .debug_info    0x00013697      0xa0e ./Application/User/gpio.o
 .debug_info    0x000140a5      0xc7f ./Application/User/main.o
 .debug_info    0x00014d24      0xa17 ./Application/User/quadspi.o
 .debug_info    0x0001573b      0x92b ./Application/User/spdifrx.o
 .debug_info    0x00016066      0x3d7 ./Application/User/stm32f7xx_hal_msp.o
 .debug_info    0x0001643d      0x5c2 ./Application/User/stm32f7xx_it.o
 .debug_info    0x000169ff      0x684 ./Application/User/usb_device.o
 .debug_info    0x00017083      0x768 ./Application/User/usbd_cdc_if.o
 .debug_info    0x000177eb     0x1e7e ./Application/User/usbd_conf.o
 .debug_info    0x00019669      0x54f ./Application/User/usbd_desc.o
 .debug_info    0x00019bb8       0xec ./Application/SW4STM32/startup_stm32f746xx.o

.debug_abbrev   0x00000000     0x496c
 .debug_abbrev  0x00000000      0x281 ./Middlewares/USB_Device_Library/usbd_cdc.o
 .debug_abbrev  0x00000281      0x27b ./Middlewares/USB_Device_Library/usbd_core.o
 .debug_abbrev  0x000004fc      0x2dc ./Middlewares/USB_Device_Library/usbd_ctlreq.o
 .debug_abbrev  0x000007d8      0x16d ./Middlewares/USB_Device_Library/usbd_ioreq.o
 .debug_abbrev  0x00000945      0x422 ./Middlewares/FreeRTOS/cmsis_os.o
 .debug_abbrev  0x00000d67      0x246 ./Middlewares/FreeRTOS/heap_4.o
 .debug_abbrev  0x00000fad       0xdf ./Middlewares/FreeRTOS/list.o
 .debug_abbrev  0x0000108c      0x221 ./Middlewares/FreeRTOS/port.o
 .debug_abbrev  0x000012ad      0x3e2 ./Middlewares/FreeRTOS/tasks.o
 .debug_abbrev  0x0000168f      0x206 ./Drivers/STM32F7xx_HAL_Driver/stm32f7xx_hal.o
 .debug_abbrev  0x00001895      0x30a ./Drivers/STM32F7xx_HAL_Driver/stm32f7xx_hal_cortex.o
 .debug_abbrev  0x00001b9f      0x13e ./Drivers/STM32F7xx_HAL_Driver/stm32f7xx_hal_dcmi_ex.o
 .debug_abbrev  0x00001cdd      0x1c9 ./Drivers/STM32F7xx_HAL_Driver/stm32f7xx_hal_gpio.o
 .debug_abbrev  0x00001ea6      0x32b ./Drivers/STM32F7xx_HAL_Driver/stm32f7xx_hal_pcd.o
 .debug_abbrev  0x000021d1      0x1a8 ./Drivers/STM32F7xx_HAL_Driver/stm32f7xx_hal_pcd_ex.o
 .debug_abbrev  0x00002379      0x1d4 ./Drivers/STM32F7xx_HAL_Driver/stm32f7xx_hal_pwr_ex.o
 .debug_abbrev  0x0000254d      0x2f7 ./Drivers/STM32F7xx_HAL_Driver/stm32f7xx_hal_qspi.o
 .debug_abbrev  0x00002844      0x339 ./Drivers/STM32F7xx_HAL_Driver/stm32f7xx_hal_rcc.o
 .debug_abbrev  0x00002b7d      0x24e ./Drivers/STM32F7xx_HAL_Driver/stm32f7xx_hal_rcc_ex.o
 .debug_abbrev  0x00002dcb      0x28b ./Drivers/STM32F7xx_HAL_Driver/stm32f7xx_hal_spdifrx.o
 .debug_abbrev  0x00003056      0x26e ./Drivers/STM32F7xx_HAL_Driver/stm32f7xx_ll_usb.o
 .debug_abbrev  0x000032c4      0x120 ./Drivers/CMSIS/system_stm32f7xx.o
 .debug_abbrev  0x000033e4      0x1c9 ./Application/User/dcmi.o
 .debug_abbrev  0x000035ad      0x145 ./Application/User/freertos.o
 .debug_abbrev  0x000036f2      0x14b ./Application/User/gpio.o
 .debug_abbrev  0x0000383d      0x2ba ./Application/User/main.o
 .debug_abbrev  0x00003af7      0x1c9 ./Application/User/quadspi.o
 .debug_abbrev  0x00003cc0      0x1bc ./Application/User/spdifrx.o
 .debug_abbrev  0x00003e7c       0xd6 ./Application/User/stm32f7xx_hal_msp.o
 .debug_abbrev  0x00003f52      0x198 ./Application/User/stm32f7xx_it.o
 .debug_abbrev  0x000040ea      0x188 ./Application/User/usb_device.o
 .debug_abbrev  0x00004272      0x226 ./Application/User/usbd_cdc_if.o
 .debug_abbrev  0x00004498      0x2ec ./Application/User/usbd_conf.o
 .debug_abbrev  0x00004784      0x1d6 ./Application/User/usbd_desc.o
 .debug_abbrev  0x0000495a       0x12 ./Application/SW4STM32/startup_stm32f746xx.o

.debug_loc      0x00000000     0xa1cf
 .debug_loc     0x00000000      0x479 ./Middlewares/USB_Device_Library/usbd_cdc.o
 .debug_loc     0x00000479      0x645 ./Middlewares/USB_Device_Library/usbd_core.o
 .debug_loc     0x00000abe      0x741 ./Middlewares/USB_Device_Library/usbd_ctlreq.o
 .debug_loc     0x000011ff      0x204 ./Middlewares/USB_Device_Library/usbd_ioreq.o
 .debug_loc     0x00001403     0x118b ./Middlewares/FreeRTOS/cmsis_os.o
 .debug_loc     0x0000258e      0x389 ./Middlewares/FreeRTOS/heap_4.o
 .debug_loc     0x00002917       0x94 ./Middlewares/FreeRTOS/list.o
 .debug_loc     0x000029ab       0x74 ./Middlewares/FreeRTOS/port.o
 .debug_loc     0x00002a1f     0x16eb ./Middlewares/FreeRTOS/tasks.o
 .debug_loc     0x0000410a       0x5c ./Drivers/STM32F7xx_HAL_Driver/stm32f7xx_hal.o
 .debug_loc     0x00004166      0x3c2 ./Drivers/STM32F7xx_HAL_Driver/stm32f7xx_hal_cortex.o
 .debug_loc     0x00004528       0x42 ./Drivers/STM32F7xx_HAL_Driver/stm32f7xx_hal_dcmi_ex.o
 .debug_loc     0x0000456a      0x3b7 ./Drivers/STM32F7xx_HAL_Driver/stm32f7xx_hal_gpio.o
 .debug_loc     0x00004921      0xb51 ./Drivers/STM32F7xx_HAL_Driver/stm32f7xx_hal_pcd.o
 .debug_loc     0x00005472      0x127 ./Drivers/STM32F7xx_HAL_Driver/stm32f7xx_hal_pcd_ex.o
 .debug_loc     0x00005599      0x1b1 ./Drivers/STM32F7xx_HAL_Driver/stm32f7xx_hal_pwr_ex.o
 .debug_loc     0x0000574a      0xf83 ./Drivers/STM32F7xx_HAL_Driver/stm32f7xx_hal_qspi.o
 .debug_loc     0x000066cd      0x5d4 ./Drivers/STM32F7xx_HAL_Driver/stm32f7xx_hal_rcc.o
 .debug_loc     0x00006ca1      0x85d ./Drivers/STM32F7xx_HAL_Driver/stm32f7xx_hal_rcc_ex.o
 .debug_loc     0x000074fe      0x954 ./Drivers/STM32F7xx_HAL_Driver/stm32f7xx_hal_spdifrx.o
 .debug_loc     0x00007e52     0x13c7 ./Drivers/STM32F7xx_HAL_Driver/stm32f7xx_ll_usb.o
 .debug_loc     0x00009219       0xf1 ./Drivers/CMSIS/system_stm32f7xx.o
 .debug_loc     0x0000930a       0x4d ./Application/User/dcmi.o
 .debug_loc     0x00009357       0x21 ./Application/User/freertos.o
 .debug_loc     0x00009378      0x354 ./Application/User/main.o
 .debug_loc     0x000096cc       0x4d ./Application/User/quadspi.o
 .debug_loc     0x00009719       0x4d ./Application/User/spdifrx.o
 .debug_loc     0x00009766       0x8f ./Application/User/usbd_cdc_if.o
 .debug_loc     0x000097f5      0x746 ./Application/User/usbd_conf.o
 .debug_loc     0x00009f3b      0x294 ./Application/User/usbd_desc.o

.debug_aranges  0x00000000     0x1190
 .debug_aranges
                0x00000000       0x90 ./Middlewares/USB_Device_Library/usbd_cdc.o
 .debug_aranges
                0x00000090       0xb8 ./Middlewares/USB_Device_Library/usbd_core.o
 .debug_aranges
                0x00000148       0x48 ./Middlewares/USB_Device_Library/usbd_ctlreq.o
 .debug_aranges
                0x00000190       0x50 ./Middlewares/USB_Device_Library/usbd_ioreq.o
 .debug_aranges
                0x000001e0      0x198 ./Middlewares/FreeRTOS/cmsis_os.o
 .debug_aranges
                0x00000378       0x48 ./Middlewares/FreeRTOS/heap_4.o
 .debug_aranges
                0x000003c0       0x40 ./Middlewares/FreeRTOS/list.o
 .debug_aranges
                0x00000400       0x80 ./Middlewares/FreeRTOS/port.o
 .debug_aranges
                0x00000480      0x188 ./Middlewares/FreeRTOS/tasks.o
 .debug_aranges
                0x00000608       0xd0 ./Drivers/STM32F7xx_HAL_Driver/stm32f7xx_hal.o
 .debug_aranges
                0x000006d8       0x98 ./Drivers/STM32F7xx_HAL_Driver/stm32f7xx_hal_cortex.o
 .debug_aranges
                0x00000770       0x20 ./Drivers/STM32F7xx_HAL_Driver/stm32f7xx_hal_dcmi_ex.o
 .debug_aranges
                0x00000790       0x58 ./Drivers/STM32F7xx_HAL_Driver/stm32f7xx_hal_gpio.o
 .debug_aranges
                0x000007e8      0x118 ./Drivers/STM32F7xx_HAL_Driver/stm32f7xx_hal_pcd.o
 .debug_aranges
                0x00000900       0x40 ./Drivers/STM32F7xx_HAL_Driver/stm32f7xx_hal_pcd_ex.o
 .debug_aranges
                0x00000940       0x80 ./Drivers/STM32F7xx_HAL_Driver/stm32f7xx_hal_pwr_ex.o
 .debug_aranges
                0x000009c0      0x138 ./Drivers/STM32F7xx_HAL_Driver/stm32f7xx_hal_qspi.o
 .debug_aranges
                0x00000af8       0x88 ./Drivers/STM32F7xx_HAL_Driver/stm32f7xx_hal_rcc.o
 .debug_aranges
                0x00000b80       0x30 ./Drivers/STM32F7xx_HAL_Driver/stm32f7xx_hal_rcc_ex.o
 .debug_aranges
                0x00000bb0       0xe8 ./Drivers/STM32F7xx_HAL_Driver/stm32f7xx_hal_spdifrx.o
 .debug_aranges
                0x00000c98      0x180 ./Drivers/STM32F7xx_HAL_Driver/stm32f7xx_ll_usb.o
 .debug_aranges
                0x00000e18       0x28 ./Drivers/CMSIS/system_stm32f7xx.o
 .debug_aranges
                0x00000e40       0x30 ./Application/User/dcmi.o
 .debug_aranges
                0x00000e70       0x28 ./Application/User/freertos.o
 .debug_aranges
                0x00000e98       0x20 ./Application/User/gpio.o
 .debug_aranges
                0x00000eb8       0x48 ./Application/User/main.o
 .debug_aranges
                0x00000f00       0x30 ./Application/User/quadspi.o
 .debug_aranges
                0x00000f30       0x30 ./Application/User/spdifrx.o
 .debug_aranges
                0x00000f60       0x20 ./Application/User/stm32f7xx_hal_msp.o
 .debug_aranges
                0x00000f80       0x28 ./Application/User/stm32f7xx_it.o
 .debug_aranges
                0x00000fa8       0x20 ./Application/User/usb_device.o
 .debug_aranges
                0x00000fc8       0x48 ./Application/User/usbd_cdc_if.o
 .debug_aranges
                0x00001010      0x100 ./Application/User/usbd_conf.o
 .debug_aranges
                0x00001110       0x58 ./Application/User/usbd_desc.o
 .debug_aranges
                0x00001168       0x28 ./Application/SW4STM32/startup_stm32f746xx.o

.debug_ranges   0x00000000     0x1688
 .debug_ranges  0x00000000       0x80 ./Middlewares/USB_Device_Library/usbd_cdc.o
 .debug_ranges  0x00000080       0xa8 ./Middlewares/USB_Device_Library/usbd_core.o
 .debug_ranges  0x00000128       0x38 ./Middlewares/USB_Device_Library/usbd_ctlreq.o
 .debug_ranges  0x00000160       0x40 ./Middlewares/USB_Device_Library/usbd_ioreq.o
 .debug_ranges  0x000001a0      0x1b8 ./Middlewares/FreeRTOS/cmsis_os.o
 .debug_ranges  0x00000358       0x38 ./Middlewares/FreeRTOS/heap_4.o
 .debug_ranges  0x00000390       0x30 ./Middlewares/FreeRTOS/list.o
 .debug_ranges  0x000003c0       0x88 ./Middlewares/FreeRTOS/port.o
 .debug_ranges  0x00000448      0x270 ./Middlewares/FreeRTOS/tasks.o
 .debug_ranges  0x000006b8       0xc0 ./Drivers/STM32F7xx_HAL_Driver/stm32f7xx_hal.o
 .debug_ranges  0x00000778      0x108 ./Drivers/STM32F7xx_HAL_Driver/stm32f7xx_hal_cortex.o
 .debug_ranges  0x00000880       0x10 ./Drivers/STM32F7xx_HAL_Driver/stm32f7xx_hal_dcmi_ex.o
 .debug_ranges  0x00000890       0x68 ./Drivers/STM32F7xx_HAL_Driver/stm32f7xx_hal_gpio.o
 .debug_ranges  0x000008f8      0x108 ./Drivers/STM32F7xx_HAL_Driver/stm32f7xx_hal_pcd.o
 .debug_ranges  0x00000a00       0x30 ./Drivers/STM32F7xx_HAL_Driver/stm32f7xx_hal_pcd_ex.o
 .debug_ranges  0x00000a30       0xf8 ./Drivers/STM32F7xx_HAL_Driver/stm32f7xx_hal_pwr_ex.o
 .debug_ranges  0x00000b28      0x128 ./Drivers/STM32F7xx_HAL_Driver/stm32f7xx_hal_qspi.o
 .debug_ranges  0x00000c50      0x198 ./Drivers/STM32F7xx_HAL_Driver/stm32f7xx_hal_rcc.o
 .debug_ranges  0x00000de8      0x1b8 ./Drivers/STM32F7xx_HAL_Driver/stm32f7xx_hal_rcc_ex.o
 .debug_ranges  0x00000fa0       0xf8 ./Drivers/STM32F7xx_HAL_Driver/stm32f7xx_hal_spdifrx.o
 .debug_ranges  0x00001098      0x170 ./Drivers/STM32F7xx_HAL_Driver/stm32f7xx_ll_usb.o
 .debug_ranges  0x00001208       0x18 ./Drivers/CMSIS/system_stm32f7xx.o
 .debug_ranges  0x00001220       0x50 ./Application/User/dcmi.o
 .debug_ranges  0x00001270       0x18 ./Application/User/freertos.o
 .debug_ranges  0x00001288       0x88 ./Application/User/gpio.o
 .debug_ranges  0x00001310       0x90 ./Application/User/main.o
 .debug_ranges  0x000013a0       0x58 ./Application/User/quadspi.o
 .debug_ranges  0x000013f8       0x38 ./Application/User/spdifrx.o
 .debug_ranges  0x00001430       0x10 ./Application/User/stm32f7xx_hal_msp.o
 .debug_ranges  0x00001440       0x18 ./Application/User/stm32f7xx_it.o
 .debug_ranges  0x00001458       0x10 ./Application/User/usb_device.o
 .debug_ranges  0x00001468       0x38 ./Application/User/usbd_cdc_if.o
 .debug_ranges  0x000014a0      0x120 ./Application/User/usbd_conf.o
 .debug_ranges  0x000015c0       0xa8 ./Application/User/usbd_desc.o
 .debug_ranges  0x00001668       0x20 ./Application/SW4STM32/startup_stm32f746xx.o

.debug_macro    0x00000000    0x1a200
 .debug_macro   0x00000000      0x33e ./Middlewares/USB_Device_Library/usbd_cdc.o
 .debug_macro   0x0000033e      0x886 ./Middlewares/USB_Device_Library/usbd_cdc.o
 .debug_macro   0x00000bc4       0x58 ./Middlewares/USB_Device_Library/usbd_cdc.o
 .debug_macro   0x00000c1c       0x22 ./Middlewares/USB_Device_Library/usbd_cdc.o
 .debug_macro   0x00000c3e       0x35 ./Middlewares/USB_Device_Library/usbd_cdc.o
 .debug_macro   0x00000c73       0x9c ./Middlewares/USB_Device_Library/usbd_cdc.o
 .debug_macro   0x00000d0f       0x16 ./Middlewares/USB_Device_Library/usbd_cdc.o
 .debug_macro   0x00000d25       0x4a ./Middlewares/USB_Device_Library/usbd_cdc.o
 .debug_macro   0x00000d6f       0x97 ./Middlewares/USB_Device_Library/usbd_cdc.o
 .debug_macro   0x00000e06      0x29d ./Middlewares/USB_Device_Library/usbd_cdc.o
 .debug_macro   0x000010a3       0xef ./Middlewares/USB_Device_Library/usbd_cdc.o
 .debug_macro   0x00001192       0x10 ./Middlewares/USB_Device_Library/usbd_cdc.o
 .debug_macro   0x000011a2       0x52 ./Middlewares/USB_Device_Library/usbd_cdc.o
 .debug_macro   0x000011f4       0x16 ./Middlewares/USB_Device_Library/usbd_cdc.o
 .debug_macro   0x0000120a       0x43 ./Middlewares/USB_Device_Library/usbd_cdc.o
 .debug_macro   0x0000124d      0x180 ./Middlewares/USB_Device_Library/usbd_cdc.o
 .debug_macro   0x000013cd       0x10 ./Middlewares/USB_Device_Library/usbd_cdc.o
 .debug_macro   0x000013dd       0x22 ./Middlewares/USB_Device_Library/usbd_cdc.o
 .debug_macro   0x000013ff       0xbd ./Middlewares/USB_Device_Library/usbd_cdc.o
 .debug_macro   0x000014bc       0x16 ./Middlewares/USB_Device_Library/usbd_cdc.o
 .debug_macro   0x000014d2      0x196 ./Middlewares/USB_Device_Library/usbd_cdc.o
 .debug_macro   0x00001668       0x16 ./Middlewares/USB_Device_Library/usbd_cdc.o
 .debug_macro   0x0000167e       0x35 ./Middlewares/USB_Device_Library/usbd_cdc.o
 .debug_macro   0x000016b3       0x16 ./Middlewares/USB_Device_Library/usbd_cdc.o
 .debug_macro   0x000016c9       0x29 ./Middlewares/USB_Device_Library/usbd_cdc.o
 .debug_macro   0x000016f2       0x16 ./Middlewares/USB_Device_Library/usbd_cdc.o
 .debug_macro   0x00001708       0x2e ./Middlewares/USB_Device_Library/usbd_cdc.o
 .debug_macro   0x00001736       0x3b ./Middlewares/USB_Device_Library/usbd_cdc.o
 .debug_macro   0x00001771       0x3b ./Middlewares/USB_Device_Library/usbd_cdc.o
 .debug_macro   0x000017ac       0x1c ./Middlewares/USB_Device_Library/usbd_cdc.o
 .debug_macro   0x000017c8      0x1f7 ./Middlewares/USB_Device_Library/usbd_cdc.o
 .debug_macro   0x000019bf       0x34 ./Middlewares/USB_Device_Library/usbd_cdc.o
 .debug_macro   0x000019f3       0x26 ./Middlewares/USB_Device_Library/usbd_cdc.o
 .debug_macro   0x00001a19     0x10a4 ./Middlewares/USB_Device_Library/usbd_cdc.o
 .debug_macro   0x00002abd     0xa6d7 ./Middlewares/USB_Device_Library/usbd_cdc.o
 .debug_macro   0x0000d194       0x43 ./Middlewares/USB_Device_Library/usbd_cdc.o
 .debug_macro   0x0000d1d7      0x1ad ./Middlewares/USB_Device_Library/usbd_cdc.o
 .debug_macro   0x0000d384     0x2c17 ./Middlewares/USB_Device_Library/usbd_cdc.o
 .debug_macro   0x0000ff9b       0x50 ./Middlewares/USB_Device_Library/usbd_cdc.o
 .debug_macro   0x0000ffeb      0x5bb ./Middlewares/USB_Device_Library/usbd_cdc.o
 .debug_macro   0x000105a6     0x188a ./Middlewares/USB_Device_Library/usbd_cdc.o
 .debug_macro   0x00011e30       0xdd ./Middlewares/USB_Device_Library/usbd_cdc.o
 .debug_macro   0x00011f0d      0x11e ./Middlewares/USB_Device_Library/usbd_cdc.o
 .debug_macro   0x0001202b      0x1f4 ./Middlewares/USB_Device_Library/usbd_cdc.o
 .debug_macro   0x0001221f       0x27 ./Middlewares/USB_Device_Library/usbd_cdc.o
 .debug_macro   0x00012246      0x272 ./Middlewares/USB_Device_Library/usbd_cdc.o
 .debug_macro   0x000124b8       0x5f ./Middlewares/USB_Device_Library/usbd_cdc.o
 .debug_macro   0x00012517      0x241 ./Middlewares/USB_Device_Library/usbd_cdc.o
 .debug_macro   0x00012758       0x6c ./Middlewares/USB_Device_Library/usbd_cdc.o
 .debug_macro   0x000127c4      0x1aa ./Middlewares/USB_Device_Library/usbd_cdc.o
 .debug_macro   0x0001296e      0x111 ./Middlewares/USB_Device_Library/usbd_cdc.o
 .debug_macro   0x00012a7f      0x293 ./Middlewares/USB_Device_Library/usbd_cdc.o
 .debug_macro   0x00012d12      0x133 ./Middlewares/USB_Device_Library/usbd_cdc.o
 .debug_macro   0x00012e45      0x10c ./Middlewares/USB_Device_Library/usbd_cdc.o
 .debug_macro   0x00012f51       0x3c ./Middlewares/USB_Device_Library/usbd_cdc.o
 .debug_macro   0x00012f8d      0x2db ./Middlewares/USB_Device_Library/usbd_cdc.o
 .debug_macro   0x00013268      0x1ed ./Middlewares/USB_Device_Library/usbd_cdc.o
 .debug_macro   0x00013455      0x1df ./Middlewares/USB_Device_Library/usbd_cdc.o
 .debug_macro   0x00013634      0x119 ./Middlewares/USB_Device_Library/usbd_cdc.o
 .debug_macro   0x0001374d      0x136 ./Middlewares/USB_Device_Library/usbd_cdc.o
 .debug_macro   0x00013883       0x70 ./Middlewares/USB_Device_Library/usbd_cdc.o
 .debug_macro   0x000138f3      0x1c3 ./Middlewares/USB_Device_Library/usbd_cdc.o
 .debug_macro   0x00013ab6       0x83 ./Middlewares/USB_Device_Library/usbd_cdc.o
 .debug_macro   0x00013b39      0x317 ./Middlewares/USB_Device_Library/usbd_core.o
 .debug_macro   0x00013e50      0x1c9 ./Middlewares/USB_Device_Library/usbd_core.o
 .debug_macro   0x00014019      0x321 ./Middlewares/USB_Device_Library/usbd_ctlreq.o
 .debug_macro   0x0001433a      0x31d ./Middlewares/USB_Device_Library/usbd_ioreq.o
 .debug_macro   0x00014657      0x1b5 ./Middlewares/FreeRTOS/cmsis_os.o
 .debug_macro   0x0001480c      0x166 ./Middlewares/FreeRTOS/cmsis_os.o
 .debug_macro   0x00014972       0x10 ./Middlewares/FreeRTOS/cmsis_os.o
 .debug_macro   0x00014982       0x16 ./Middlewares/FreeRTOS/cmsis_os.o
 .debug_macro   0x00014998       0xd8 ./Middlewares/FreeRTOS/cmsis_os.o
 .debug_macro   0x00014a70       0x5e ./Middlewares/FreeRTOS/cmsis_os.o
 .debug_macro   0x00014ace       0xe4 ./Middlewares/FreeRTOS/cmsis_os.o
 .debug_macro   0x00014bb2       0x10 ./Middlewares/FreeRTOS/cmsis_os.o
 .debug_macro   0x00014bc2       0x1f ./Middlewares/FreeRTOS/cmsis_os.o
 .debug_macro   0x00014be1      0x3ae ./Middlewares/FreeRTOS/cmsis_os.o
 .debug_macro   0x00014f8f       0xc0 ./Middlewares/FreeRTOS/cmsis_os.o
 .debug_macro   0x0001504f       0x8c ./Middlewares/FreeRTOS/cmsis_os.o
 .debug_macro   0x000150db       0x91 ./Middlewares/FreeRTOS/cmsis_os.o
 .debug_macro   0x0001516c       0xb0 ./Middlewares/FreeRTOS/cmsis_os.o
 .debug_macro   0x0001521c       0x7f ./Middlewares/FreeRTOS/cmsis_os.o
 .debug_macro   0x0001529b       0xcf ./Middlewares/FreeRTOS/cmsis_os.o
 .debug_macro   0x0001536a      0x184 ./Middlewares/FreeRTOS/heap_4.o
 .debug_macro   0x000154ee      0x15d ./Middlewares/FreeRTOS/list.o
 .debug_macro   0x0001564b      0x169 ./Middlewares/FreeRTOS/port.o
 .debug_macro   0x000157b4      0x20b ./Middlewares/FreeRTOS/tasks.o
 .debug_macro   0x000159bf       0x16 ./Middlewares/FreeRTOS/tasks.o
 .debug_macro   0x000159d5      0x2bc ./Drivers/STM32F7xx_HAL_Driver/stm32f7xx_hal.o
 .debug_macro   0x00015c91      0x130 ./Drivers/STM32F7xx_HAL_Driver/stm32f7xx_hal.o
 .debug_macro   0x00015dc1      0x298 ./Drivers/STM32F7xx_HAL_Driver/stm32f7xx_hal_cortex.o
 .debug_macro   0x00016059      0x298 ./Drivers/STM32F7xx_HAL_Driver/stm32f7xx_hal_dcmi_ex.o
 .debug_macro   0x000162f1      0x2d0 ./Drivers/STM32F7xx_HAL_Driver/stm32f7xx_hal_gpio.o
 .debug_macro   0x000165c1      0x2a4 ./Drivers/STM32F7xx_HAL_Driver/stm32f7xx_hal_pcd.o
 .debug_macro   0x00016865      0x298 ./Drivers/STM32F7xx_HAL_Driver/stm32f7xx_hal_pcd_ex.o