13:05:46 **** Incremental Build of configuration Debug for project CdcDevice Configuration ****
make all 
'Building file: C:/work/iFish/PreStudies/CDC_FW/CdcDevice/Middlewares/ST/STM32_USB_Device_Library/Class/CDC/Src/usbd_cdc.c'
'Invoking: MCU GCC Compiler'
arm-none-eabi-gcc -mcpu=cortex-m7 -mthumb -mfloat-abi=hard -mfpu=fpv5-sp-d16 -D__weak=__attribute__((weak)) -D__packed=__attribute__((__packed__)) -DUSE_HAL_DRIVER -DSTM32F746xx -I..\..\..\Inc -I..\..\..\Drivers\STM32F7xx_HAL_Driver\Inc -I..\..\..\Drivers\STM32F7xx_HAL_Driver\Inc\Legacy -I..\..\..\Middlewares\ST\STM32_USB_Device_Library\Core\Inc -I..\..\..\Middlewares\ST\STM32_USB_Device_Library\Class\CDC\Inc -I..\..\..\Drivers\CMSIS\Include -I..\..\..\Drivers\CMSIS\Device\ST\STM32F7xx\Include -I..\..\..\Inc -I..\..\..\Middlewares\Third_Party\FreeRTOS\Source\portable\GCC\ARM_CM7\r0p1 -I..\..\..\Middlewares\Third_Party\FreeRTOS\Source\include -I..\..\..\Middlewares\Third_Party\FreeRTOS\Source\CMSIS_RTOS -Os -g3 -Wall -fmessage-length=0 -ffunction-sections -c -fmessage-length=0 -MMD -MP -MF"Middlewares/USB_Device_Library/usbd_cdc.d" -MT"Middlewares/USB_Device_Library/usbd_cdc.o" -o "Middlewares/USB_Device_Library/usbd_cdc.o" "C:/work/iFish/PreStudies/CDC_FW/CdcDevice/Middlewares/ST/STM32_USB_Device_Library/Class/CDC/Src/usbd_cdc.c"
'Finished building: C:/work/iFish/PreStudies/CDC_FW/CdcDevice/Middlewares/ST/STM32_USB_Device_Library/Class/CDC/Src/usbd_cdc.c'
' '
'Building file: C:/work/iFish/PreStudies/CDC_FW/CdcDevice/Middlewares/ST/STM32_USB_Device_Library/Core/Src/usbd_core.c'
'Invoking: MCU GCC Compiler'
arm-none-eabi-gcc -mcpu=cortex-m7 -mthumb -mfloat-abi=hard -mfpu=fpv5-sp-d16 -D__weak=__attribute__((weak)) -D__packed=__attribute__((__packed__)) -DUSE_HAL_DRIVER -DSTM32F746xx -I..\..\..\Inc -I..\..\..\Drivers\STM32F7xx_HAL_Driver\Inc -I..\..\..\Drivers\STM32F7xx_HAL_Driver\Inc\Legacy -I..\..\..\Middlewares\ST\STM32_USB_Device_Library\Core\Inc -I..\..\..\Middlewares\ST\STM32_USB_Device_Library\Class\CDC\Inc -I..\..\..\Drivers\CMSIS\Include -I..\..\..\Drivers\CMSIS\Device\ST\STM32F7xx\Include -I..\..\..\Inc -I..\..\..\Middlewares\Third_Party\FreeRTOS\Source\portable\GCC\ARM_CM7\r0p1 -I..\..\..\Middlewares\Third_Party\FreeRTOS\Source\include -I..\..\..\Middlewares\Third_Party\FreeRTOS\Source\CMSIS_RTOS -Os -g3 -Wall -fmessage-length=0 -ffunction-sections -c -fmessage-length=0 -MMD -MP -MF"Middlewares/USB_Device_Library/usbd_core.d" -MT"Middlewares/USB_Device_Library/usbd_core.o" -o "Middlewares/USB_Device_Library/usbd_core.o" "C:/work/iFish/PreStudies/CDC_FW/CdcDevice/Middlewares/ST/STM32_USB_Device_Library/Core/Src/usbd_core.c"
'Finished building: C:/work/iFish/PreStudies/CDC_FW/CdcDevice/Middlewares/ST/STM32_USB_Device_Library/Core/Src/usbd_core.c'
' '
'Building file: C:/work/iFish/PreStudies/CDC_FW/CdcDevice/Middlewares/ST/STM32_USB_Device_Library/Core/Src/usbd_ctlreq.c'
'Invoking: MCU GCC Compiler'
arm-none-eabi-gcc -mcpu=cortex-m7 -mthumb -mfloat-abi=hard -mfpu=fpv5-sp-d16 -D__weak=__attribute__((weak)) -D__packed=__attribute__((__packed__)) -DUSE_HAL_DRIVER -DSTM32F746xx -I..\..\..\Inc -I..\..\..\Drivers\STM32F7xx_HAL_Driver\Inc -I..\..\..\Drivers\STM32F7xx_HAL_Driver\Inc\Legacy -I..\..\..\Middlewares\ST\STM32_USB_Device_Library\Core\Inc -I..\..\..\Middlewares\ST\STM32_USB_Device_Library\Class\CDC\Inc -I..\..\..\Drivers\CMSIS\Include -I..\..\..\Drivers\CMSIS\Device\ST\STM32F7xx\Include -I..\..\..\Inc -I..\..\..\Middlewares\Third_Party\FreeRTOS\Source\portable\GCC\ARM_CM7\r0p1 -I..\..\..\Middlewares\Third_Party\FreeRTOS\Source\include -I..\..\..\Middlewares\Third_Party\FreeRTOS\Source\CMSIS_RTOS -Os -g3 -Wall -fmessage-length=0 -ffunction-sections -c -fmessage-length=0 -MMD -MP -MF"Middlewares/USB_Device_Library/usbd_ctlreq.d" -MT"Middlewares/USB_Device_Library/usbd_ctlreq.o" -o "Middlewares/USB_Device_Library/usbd_ctlreq.o" "C:/work/iFish/PreStudies/CDC_FW/CdcDevice/Middlewares/ST/STM32_USB_Device_Library/Core/Src/usbd_ctlreq.c"
'Finished building: C:/work/iFish/PreStudies/CDC_FW/CdcDevice/Middlewares/ST/STM32_USB_Device_Library/Core/Src/usbd_ctlreq.c'
' '
'Building file: C:/work/iFish/PreStudies/CDC_FW/CdcDevice/Middlewares/ST/STM32_USB_Device_Library/Core/Src/usbd_ioreq.c'
'Invoking: MCU GCC Compiler'
arm-none-eabi-gcc -mcpu=cortex-m7 -mthumb -mfloat-abi=hard -mfpu=fpv5-sp-d16 -D__weak=__attribute__((weak)) -D__packed=__attribute__((__packed__)) -DUSE_HAL_DRIVER -DSTM32F746xx -I..\..\..\Inc -I..\..\..\Drivers\STM32F7xx_HAL_Driver\Inc -I..\..\..\Drivers\STM32F7xx_HAL_Driver\Inc\Legacy -I..\..\..\Middlewares\ST\STM32_USB_Device_Library\Core\Inc -I..\..\..\Middlewares\ST\STM32_USB_Device_Library\Class\CDC\Inc -I..\..\..\Drivers\CMSIS\Include -I..\..\..\Drivers\CMSIS\Device\ST\STM32F7xx\Include -I..\..\..\Inc -I..\..\..\Middlewares\Third_Party\FreeRTOS\Source\portable\GCC\ARM_CM7\r0p1 -I..\..\..\Middlewares\Third_Party\FreeRTOS\Source\include -I..\..\..\Middlewares\Third_Party\FreeRTOS\Source\CMSIS_RTOS -Os -g3 -Wall -fmessage-length=0 -ffunction-sections -c -fmessage-length=0 -MMD -MP -MF"Middlewares/USB_Device_Library/usbd_ioreq.d" -MT"Middlewares/USB_Device_Library/usbd_ioreq.o" -o "Middlewares/USB_Device_Library/usbd_ioreq.o" "C:/work/iFish/PreStudies/CDC_FW/CdcDevice/Middlewares/ST/STM32_USB_Device_Library/Core/Src/usbd_ioreq.c"
'Finished building: C:/work/iFish/PreStudies/CDC_FW/CdcDevice/Middlewares/ST/STM32_USB_Device_Library/Core/Src/usbd_ioreq.c'
' '
'Building file: C:/work/iFish/PreStudies/CDC_FW/CdcDevice/Middlewares/Third_Party/FreeRTOS/Source/CMSIS_RTOS/cmsis_os.c'
'Invoking: MCU GCC Compiler'
arm-none-eabi-gcc -mcpu=cortex-m7 -mthumb -mfloat-abi=hard -mfpu=fpv5-sp-d16 -D__weak=__attribute__((weak)) -D__packed=__attribute__((__packed__)) -DUSE_HAL_DRIVER -DSTM32F746xx -I..\..\..\Inc -I..\..\..\Drivers\STM32F7xx_HAL_Driver\Inc -I..\..\..\Drivers\STM32F7xx_HAL_Driver\Inc\Legacy -I..\..\..\Middlewares\ST\STM32_USB_Device_Library\Core\Inc -I..\..\..\Middlewares\ST\STM32_USB_Device_Library\Class\CDC\Inc -I..\..\..\Drivers\CMSIS\Include -I..\..\..\Drivers\CMSIS\Device\ST\STM32F7xx\Include -I..\..\..\Inc -I..\..\..\Middlewares\Third_Party\FreeRTOS\Source\portable\GCC\ARM_CM7\r0p1 -I..\..\..\Middlewares\Third_Party\FreeRTOS\Source\include -I..\..\..\Middlewares\Third_Party\FreeRTOS\Source\CMSIS_RTOS -Os -g3 -Wall -fmessage-length=0 -ffunction-sections -c -fmessage-length=0 -MMD -MP -MF"Middlewares/FreeRTOS/cmsis_os.d" -MT"Middlewares/FreeRTOS/cmsis_os.o" -o "Middlewares/FreeRTOS/cmsis_os.o" "C:/work/iFish/PreStudies/CDC_FW/CdcDevice/Middlewares/Third_Party/FreeRTOS/Source/CMSIS_RTOS/cmsis_os.c"
'Finished building: C:/work/iFish/PreStudies/CDC_FW/CdcDevice/Middlewares/Third_Party/FreeRTOS/Source/CMSIS_RTOS/cmsis_os.c'
' '
'Building file: C:/work/iFish/PreStudies/CDC_FW/CdcDevice/Middlewares/Third_Party/FreeRTOS/Source/croutine.c'
'Invoking: MCU GCC Compiler'
arm-none-eabi-gcc -mcpu=cortex-m7 -mthumb -mfloat-abi=hard -mfpu=fpv5-sp-d16 -D__weak=__attribute__((weak)) -D__packed=__attribute__((__packed__)) -DUSE_HAL_DRIVER -DSTM32F746xx -I..\..\..\Inc -I..\..\..\Drivers\STM32F7xx_HAL_Driver\Inc -I..\..\..\Drivers\STM32F7xx_HAL_Driver\Inc\Legacy -I..\..\..\Middlewares\ST\STM32_USB_Device_Library\Core\Inc -I..\..\..\Middlewares\ST\STM32_USB_Device_Library\Class\CDC\Inc -I..\..\..\Drivers\CMSIS\Include -I..\..\..\Drivers\CMSIS\Device\ST\STM32F7xx\Include -I..\..\..\Inc -I..\..\..\Middlewares\Third_Party\FreeRTOS\Source\portable\GCC\ARM_CM7\r0p1 -I..\..\..\Middlewares\Third_Party\FreeRTOS\Source\include -I..\..\..\Middlewares\Third_Party\FreeRTOS\Source\CMSIS_RTOS -Os -g3 -Wall -fmessage-length=0 -ffunction-sections -c -fmessage-length=0 -MMD -MP -MF"Middlewares/FreeRTOS/croutine.d" -MT"Middlewares/FreeRTOS/croutine.o" -o "Middlewares/FreeRTOS/croutine.o" "C:/work/iFish/PreStudies/CDC_FW/CdcDevice/Middlewares/Third_Party/FreeRTOS/Source/croutine.c"
'Finished building: C:/work/iFish/PreStudies/CDC_FW/CdcDevice/Middlewares/Third_Party/FreeRTOS/Source/croutine.c'
' '
'Building file: C:/work/iFish/PreStudies/CDC_FW/CdcDevice/Middlewares/Third_Party/FreeRTOS/Source/event_groups.c'
'Invoking: MCU GCC Compiler'
arm-none-eabi-gcc -mcpu=cortex-m7 -mthumb -mfloat-abi=hard -mfpu=fpv5-sp-d16 -D__weak=__attribute__((weak)) -D__packed=__attribute__((__packed__)) -DUSE_HAL_DRIVER -DSTM32F746xx -I..\..\..\Inc -I..\..\..\Drivers\STM32F7xx_HAL_Driver\Inc -I..\..\..\Drivers\STM32F7xx_HAL_Driver\Inc\Legacy -I..\..\..\Middlewares\ST\STM32_USB_Device_Library\Core\Inc -I..\..\..\Middlewares\ST\STM32_USB_Device_Library\Class\CDC\Inc -I..\..\..\Drivers\CMSIS\Include -I..\..\..\Drivers\CMSIS\Device\ST\STM32F7xx\Include -I..\..\..\Inc -I..\..\..\Middlewares\Third_Party\FreeRTOS\Source\portable\GCC\ARM_CM7\r0p1 -I..\..\..\Middlewares\Third_Party\FreeRTOS\Source\include -I..\..\..\Middlewares\Third_Party\FreeRTOS\Source\CMSIS_RTOS -Os -g3 -Wall -fmessage-length=0 -ffunction-sections -c -fmessage-length=0 -MMD -MP -MF"Middlewares/FreeRTOS/event_groups.d" -MT"Middlewares/FreeRTOS/event_groups.o" -o "Middlewares/FreeRTOS/event_groups.o" "C:/work/iFish/PreStudies/CDC_FW/CdcDevice/Middlewares/Third_Party/FreeRTOS/Source/event_groups.c"
'Finished building: C:/work/iFish/PreStudies/CDC_FW/CdcDevice/Middlewares/Third_Party/FreeRTOS/Source/event_groups.c'
' '
'Building file: C:/work/iFish/PreStudies/CDC_FW/CdcDevice/Middlewares/Third_Party/FreeRTOS/Source/portable/MemMang/heap_4.c'
'Invoking: MCU GCC Compiler'
arm-none-eabi-gcc -mcpu=cortex-m7 -mthumb -mfloat-abi=hard -mfpu=fpv5-sp-d16 -D__weak=__attribute__((weak)) -D__packed=__attribute__((__packed__)) -DUSE_HAL_DRIVER -DSTM32F746xx -I..\..\..\Inc -I..\..\..\Drivers\STM32F7xx_HAL_Driver\Inc -I..\..\..\Drivers\STM32F7xx_HAL_Driver\Inc\Legacy -I..\..\..\Middlewares\ST\STM32_USB_Device_Library\Core\Inc -I..\..\..\Middlewares\ST\STM32_USB_Device_Library\Class\CDC\Inc -I..\..\..\Drivers\CMSIS\Include -I..\..\..\Drivers\CMSIS\Device\ST\STM32F7xx\Include -I..\..\..\Inc -I..\..\..\Middlewares\Third_Party\FreeRTOS\Source\portable\GCC\ARM_CM7\r0p1 -I..\..\..\Middlewares\Third_Party\FreeRTOS\Source\include -I..\..\..\Middlewares\Third_Party\FreeRTOS\Source\CMSIS_RTOS -Os -g3 -Wall -fmessage-length=0 -ffunction-sections -c -fmessage-length=0 -MMD -MP -MF"Middlewares/FreeRTOS/heap_4.d" -MT"Middlewares/FreeRTOS/heap_4.o" -o "Middlewares/FreeRTOS/heap_4.o" "C:/work/iFish/PreStudies/CDC_FW/CdcDevice/Middlewares/Third_Party/FreeRTOS/Source/portable/MemMang/heap_4.c"
'Finished building: C:/work/iFish/PreStudies/CDC_FW/CdcDevice/Middlewares/Third_Party/FreeRTOS/Source/portable/MemMang/heap_4.c'
' '
'Building file: C:/work/iFish/PreStudies/CDC_FW/CdcDevice/Middlewares/Third_Party/FreeRTOS/Source/list.c'
'Invoking: MCU GCC Compiler'
arm-none-eabi-gcc -mcpu=cortex-m7 -mthumb -mfloat-abi=hard -mfpu=fpv5-sp-d16 -D__weak=__attribute__((weak)) -D__packed=__attribute__((__packed__)) -DUSE_HAL_DRIVER -DSTM32F746xx -I..\..\..\Inc -I..\..\..\Drivers\STM32F7xx_HAL_Driver\Inc -I..\..\..\Drivers\STM32F7xx_HAL_Driver\Inc\Legacy -I..\..\..\Middlewares\ST\STM32_USB_Device_Library\Core\Inc -I..\..\..\Middlewares\ST\STM32_USB_Device_Library\Class\CDC\Inc -I..\..\..\Drivers\CMSIS\Include -I..\..\..\Drivers\CMSIS\Device\ST\STM32F7xx\Include -I..\..\..\Inc -I..\..\..\Middlewares\Third_Party\FreeRTOS\Source\portable\GCC\ARM_CM7\r0p1 -I..\..\..\Middlewares\Third_Party\FreeRTOS\Source\include -I..\..\..\Middlewares\Third_Party\FreeRTOS\Source\CMSIS_RTOS -Os -g3 -Wall -fmessage-length=0 -ffunction-sections -c -fmessage-length=0 -MMD -MP -MF"Middlewares/FreeRTOS/list.d" -MT"Middlewares/FreeRTOS/list.o" -o "Middlewares/FreeRTOS/list.o" "C:/work/iFish/PreStudies/CDC_FW/CdcDevice/Middlewares/Third_Party/FreeRTOS/Source/list.c"
'Finished building: C:/work/iFish/PreStudies/CDC_FW/CdcDevice/Middlewares/Third_Party/FreeRTOS/Source/list.c'
' '
'Building file: C:/work/iFish/PreStudies/CDC_FW/CdcDevice/Middlewares/Third_Party/FreeRTOS/Source/portable/GCC/ARM_CM7/r0p1/port.c'
'Invoking: MCU GCC Compiler'
arm-none-eabi-gcc -mcpu=cortex-m7 -mthumb -mfloat-abi=hard -mfpu=fpv5-sp-d16 -D__weak=__attribute__((weak)) -D__packed=__attribute__((__packed__)) -DUSE_HAL_DRIVER -DSTM32F746xx -I..\..\..\Inc -I..\..\..\Drivers\STM32F7xx_HAL_Driver\Inc -I..\..\..\Drivers\STM32F7xx_HAL_Driver\Inc\Legacy -I..\..\..\Middlewares\ST\STM32_USB_Device_Library\Core\Inc -I..\..\..\Middlewares\ST\STM32_USB_Device_Library\Class\CDC\Inc -I..\..\..\Drivers\CMSIS\Include -I..\..\..\Drivers\CMSIS\Device\ST\STM32F7xx\Include -I..\..\..\Inc -I..\..\..\Middlewares\Third_Party\FreeRTOS\Source\portable\GCC\ARM_CM7\r0p1 -I..\..\..\Middlewares\Third_Party\FreeRTOS\Source\include -I..\..\..\Middlewares\Third_Party\FreeRTOS\Source\CMSIS_RTOS -Os -g3 -Wall -fmessage-length=0 -ffunction-sections -c -fmessage-length=0 -MMD -MP -MF"Middlewares/FreeRTOS/port.d" -MT"Middlewares/FreeRTOS/port.o" -o "Middlewares/FreeRTOS/port.o" "C:/work/iFish/PreStudies/CDC_FW/CdcDevice/Middlewares/Third_Party/FreeRTOS/Source/portable/GCC/ARM_CM7/r0p1/port.c"
'Finished building: C:/work/iFish/PreStudies/CDC_FW/CdcDevice/Middlewares/Third_Party/FreeRTOS/Source/portable/GCC/ARM_CM7/r0p1/port.c'
' '
'Building file: C:/work/iFish/PreStudies/CDC_FW/CdcDevice/Middlewares/Third_Party/FreeRTOS/Source/queue.c'
'Invoking: MCU GCC Compiler'
arm-none-eabi-gcc -mcpu=cortex-m7 -mthumb -mfloat-abi=hard -mfpu=fpv5-sp-d16 -D__weak=__attribute__((weak)) -D__packed=__attribute__((__packed__)) -DUSE_HAL_DRIVER -DSTM32F746xx -I..\..\..\Inc -I..\..\..\Drivers\STM32F7xx_HAL_Driver\Inc -I..\..\..\Drivers\STM32F7xx_HAL_Driver\Inc\Legacy -I..\..\..\Middlewares\ST\STM32_USB_Device_Library\Core\Inc -I..\..\..\Middlewares\ST\STM32_USB_Device_Library\Class\CDC\Inc -I..\..\..\Drivers\CMSIS\Include -I..\..\..\Drivers\CMSIS\Device\ST\STM32F7xx\Include -I..\..\..\Inc -I..\..\..\Middlewares\Third_Party\FreeRTOS\Source\portable\GCC\ARM_CM7\r0p1 -I..\..\..\Middlewares\Third_Party\FreeRTOS\Source\include -I..\..\..\Middlewares\Third_Party\FreeRTOS\Source\CMSIS_RTOS -Os -g3 -Wall -fmessage-length=0 -ffunction-sections -c -fmessage-length=0 -MMD -MP -MF"Middlewares/FreeRTOS/queue.d" -MT"Middlewares/FreeRTOS/queue.o" -o "Middlewares/FreeRTOS/queue.o" "C:/work/iFish/PreStudies/CDC_FW/CdcDevice/Middlewares/Third_Party/FreeRTOS/Source/queue.c"
'Finished building: C:/work/iFish/PreStudies/CDC_FW/CdcDevice/Middlewares/Third_Party/FreeRTOS/Source/queue.c'
' '
'Building file: C:/work/iFish/PreStudies/CDC_FW/CdcDevice/Middlewares/Third_Party/FreeRTOS/Source/tasks.c'
'Invoking: MCU GCC Compiler'
arm-none-eabi-gcc -mcpu=cortex-m7 -mthumb -mfloat-abi=hard -mfpu=fpv5-sp-d16 -D__weak=__attribute__((weak)) -D__packed=__attribute__((__packed__)) -DUSE_HAL_DRIVER -DSTM32F746xx -I..\..\..\Inc -I..\..\..\Drivers\STM32F7xx_HAL_Driver\Inc -I..\..\..\Drivers\STM32F7xx_HAL_Driver\Inc\Legacy -I..\..\..\Middlewares\ST\STM32_USB_Device_Library\Core\Inc -I..\..\..\Middlewares\ST\STM32_USB_Device_Library\Class\CDC\Inc -I..\..\..\Drivers\CMSIS\Include -I..\..\..\Drivers\CMSIS\Device\ST\STM32F7xx\Include -I..\..\..\Inc -I..\..\..\Middlewares\Third_Party\FreeRTOS\Source\portable\GCC\ARM_CM7\r0p1 -I..\..\..\Middlewares\Third_Party\FreeRTOS\Source\include -I..\..\..\Middlewares\Third_Party\FreeRTOS\Source\CMSIS_RTOS -Os -g3 -Wall -fmessage-length=0 -ffunction-sections -c -fmessage-length=0 -MMD -MP -MF"Middlewares/FreeRTOS/tasks.d" -MT"Middlewares/FreeRTOS/tasks.o" -o "Middlewares/FreeRTOS/tasks.o" "C:/work/iFish/PreStudies/CDC_FW/CdcDevice/Middlewares/Third_Party/FreeRTOS/Source/tasks.c"
'Finished building: C:/work/iFish/PreStudies/CDC_FW/CdcDevice/Middlewares/Third_Party/FreeRTOS/Source/tasks.c'
' '
'Building file: C:/work/iFish/PreStudies/CDC_FW/CdcDevice/Middlewares/Third_Party/FreeRTOS/Source/timers.c'
'Invoking: MCU GCC Compiler'
arm-none-eabi-gcc -mcpu=cortex-m7 -mthumb -mfloat-abi=hard -mfpu=fpv5-sp-d16 -D__weak=__attribute__((weak)) -D__packed=__attribute__((__packed__)) -DUSE_HAL_DRIVER -DSTM32F746xx -I..\..\..\Inc -I..\..\..\Drivers\STM32F7xx_HAL_Driver\Inc -I..\..\..\Drivers\STM32F7xx_HAL_Driver\Inc\Legacy -I..\..\..\Middlewares\ST\STM32_USB_Device_Library\Core\Inc -I..\..\..\Middlewares\ST\STM32_USB_Device_Library\Class\CDC\Inc -I..\..\..\Drivers\CMSIS\Include -I..\..\..\Drivers\CMSIS\Device\ST\STM32F7xx\Include -I..\..\..\Inc -I..\..\..\Middlewares\Third_Party\FreeRTOS\Source\portable\GCC\ARM_CM7\r0p1 -I..\..\..\Middlewares\Third_Party\FreeRTOS\Source\include -I..\..\..\Middlewares\Third_Party\FreeRTOS\Source\CMSIS_RTOS -Os -g3 -Wall -fmessage-length=0 -ffunction-sections -c -fmessage-length=0 -MMD -MP -MF"Middlewares/FreeRTOS/timers.d" -MT"Middlewares/FreeRTOS/timers.o" -o "Middlewares/FreeRTOS/timers.o" "C:/work/iFish/PreStudies/CDC_FW/CdcDevice/Middlewares/Third_Party/FreeRTOS/Source/timers.c"
'Finished building: C:/work/iFish/PreStudies/CDC_FW/CdcDevice/Middlewares/Third_Party/FreeRTOS/Source/timers.c'
' '
'Building file: C:/work/iFish/PreStudies/CDC_FW/CdcDevice/Drivers/STM32F7xx_HAL_Driver/Src/stm32f7xx_hal.c'
'Invoking: MCU GCC Compiler'
arm-none-eabi-gcc -mcpu=cortex-m7 -mthumb -mfloat-abi=hard -mfpu=fpv5-sp-d16 -D__weak=__attribute__((weak)) -D__packed=__attribute__((__packed__)) -DUSE_HAL_DRIVER -DSTM32F746xx -I..\..\..\Inc -I..\..\..\Drivers\STM32F7xx_HAL_Driver\Inc -I..\..\..\Drivers\STM32F7xx_HAL_Driver\Inc\Legacy -I..\..\..\Middlewares\ST\STM32_USB_Device_Library\Core\Inc -I..\..\..\Middlewares\ST\STM32_USB_Device_Library\Class\CDC\Inc -I..\..\..\Drivers\CMSIS\Include -I..\..\..\Drivers\CMSIS\Device\ST\STM32F7xx\Include -I..\..\..\Inc -I..\..\..\Middlewares\Third_Party\FreeRTOS\Source\portable\GCC\ARM_CM7\r0p1 -I..\..\..\Middlewares\Third_Party\FreeRTOS\Source\include -I..\..\..\Middlewares\Third_Party\FreeRTOS\Source\CMSIS_RTOS -Os -g3 -Wall -fmessage-length=0 -ffunction-sections -c -fmessage-length=0 -MMD -MP -MF"Drivers/STM32F7xx_HAL_Driver/stm32f7xx_hal.d" -MT"Drivers/STM32F7xx_HAL_Driver/stm32f7xx_hal.o" -o "Drivers/STM32F7xx_HAL_Driver/stm32f7xx_hal.o" "C:/work/iFish/PreStudies/CDC_FW/CdcDevice/Drivers/STM32F7xx_HAL_Driver/Src/stm32f7xx_hal.c"
'Finished building: C:/work/iFish/PreStudies/CDC_FW/CdcDevice/Drivers/STM32F7xx_HAL_Driver/Src/stm32f7xx_hal.c'
' '
'Building file: C:/work/iFish/PreStudies/CDC_FW/CdcDevice/Drivers/STM32F7xx_HAL_Driver/Src/stm32f7xx_hal_cortex.c'
'Invoking: MCU GCC Compiler'
arm-none-eabi-gcc -mcpu=cortex-m7 -mthumb -mfloat-abi=hard -mfpu=fpv5-sp-d16 -D__weak=__attribute__((weak)) -D__packed=__attribute__((__packed__)) -DUSE_HAL_DRIVER -DSTM32F746xx -I..\..\..\Inc -I..\..\..\Drivers\STM32F7xx_HAL_Driver\Inc -I..\..\..\Drivers\STM32F7xx_HAL_Driver\Inc\Legacy -I..\..\..\Middlewares\ST\STM32_USB_Device_Library\Core\Inc -I..\..\..\Middlewares\ST\STM32_USB_Device_Library\Class\CDC\Inc -I..\..\..\Drivers\CMSIS\Include -I..\..\..\Drivers\CMSIS\Device\ST\STM32F7xx\Include -I..\..\..\Inc -I..\..\..\Middlewares\Third_Party\FreeRTOS\Source\portable\GCC\ARM_CM7\r0p1 -I..\..\..\Middlewares\Third_Party\FreeRTOS\Source\include -I..\..\..\Middlewares\Third_Party\FreeRTOS\Source\CMSIS_RTOS -Os -g3 -Wall -fmessage-length=0 -ffunction-sections -c -fmessage-length=0 -MMD -MP -MF"Drivers/STM32F7xx_HAL_Driver/stm32f7xx_hal_cortex.d" -MT"Drivers/STM32F7xx_HAL_Driver/stm32f7xx_hal_cortex.o" -o "Drivers/STM32F7xx_HAL_Driver/stm32f7xx_hal_cortex.o" "C:/work/iFish/PreStudies/CDC_FW/CdcDevice/Drivers/STM32F7xx_HAL_Driver/Src/stm32f7xx_hal_cortex.c"
'Finished building: C:/work/iFish/PreStudies/CDC_FW/CdcDevice/Drivers/STM32F7xx_HAL_Driver/Src/stm32f7xx_hal_cortex.c'
' '
'Building file: C:/work/iFish/PreStudies/CDC_FW/CdcDevice/Drivers/STM32F7xx_HAL_Driver/Src/stm32f7xx_hal_dcmi.c'
'Invoking: MCU GCC Compiler'
arm-none-eabi-gcc -mcpu=cortex-m7 -mthumb -mfloat-abi=hard -mfpu=fpv5-sp-d16 -D__weak=__attribute__((weak)) -D__packed=__attribute__((__packed__)) -DUSE_HAL_DRIVER -DSTM32F746xx -I..\..\..\Inc -I..\..\..\Drivers\STM32F7xx_HAL_Driver\Inc -I..\..\..\Drivers\STM32F7xx_HAL_Driver\Inc\Legacy -I..\..\..\Middlewares\ST\STM32_USB_Device_Library\Core\Inc -I..\..\..\Middlewares\ST\STM32_USB_Device_Library\Class\CDC\Inc -I..\..\..\Drivers\CMSIS\Include -I..\..\..\Drivers\CMSIS\Device\ST\STM32F7xx\Include -I..\..\..\Inc -I..\..\..\Middlewares\Third_Party\FreeRTOS\Source\portable\GCC\ARM_CM7\r0p1 -I..\..\..\Middlewares\Third_Party\FreeRTOS\Source\include -I..\..\..\Middlewares\Third_Party\FreeRTOS\Source\CMSIS_RTOS -Os -g3 -Wall -fmessage-length=0 -ffunction-sections -c -fmessage-length=0 -MMD -MP -MF"Drivers/STM32F7xx_HAL_Driver/stm32f7xx_hal_dcmi.d" -MT"Drivers/STM32F7xx_HAL_Driver/stm32f7xx_hal_dcmi.o" -o "Drivers/STM32F7xx_HAL_Driver/stm32f7xx_hal_dcmi.o" "C:/work/iFish/PreStudies/CDC_FW/CdcDevice/Drivers/STM32F7xx_HAL_Driver/Src/stm32f7xx_hal_dcmi.c"
'Finished building: C:/work/iFish/PreStudies/CDC_FW/CdcDevice/Drivers/STM32F7xx_HAL_Driver/Src/stm32f7xx_hal_dcmi.c'
' '
'Building file: C:/work/iFish/PreStudies/CDC_FW/CdcDevice/Drivers/STM32F7xx_HAL_Driver/Src/stm32f7xx_hal_dcmi_ex.c'
'Invoking: MCU GCC Compiler'
arm-none-eabi-gcc -mcpu=cortex-m7 -mthumb -mfloat-abi=hard -mfpu=fpv5-sp-d16 -D__weak=__attribute__((weak)) -D__packed=__attribute__((__packed__)) -DUSE_HAL_DRIVER -DSTM32F746xx -I..\..\..\Inc -I..\..\..\Drivers\STM32F7xx_HAL_Driver\Inc -I..\..\..\Drivers\STM32F7xx_HAL_Driver\Inc\Legacy -I..\..\..\Middlewares\ST\STM32_USB_Device_Library\Core\Inc -I..\..\..\Middlewares\ST\STM32_USB_Device_Library\Class\CDC\Inc -I..\..\..\Drivers\CMSIS\Include -I..\..\..\Drivers\CMSIS\Device\ST\STM32F7xx\Include -I..\..\..\Inc -I..\..\..\Middlewares\Third_Party\FreeRTOS\Source\portable\GCC\ARM_CM7\r0p1 -I..\..\..\Middlewares\Third_Party\FreeRTOS\Source\include -I..\..\..\Middlewares\Third_Party\FreeRTOS\Source\CMSIS_RTOS -Os -g3 -Wall -fmessage-length=0 -ffunction-sections -c -fmessage-length=0 -MMD -MP -MF"Drivers/STM32F7xx_HAL_Driver/stm32f7xx_hal_dcmi_ex.d" -MT"Drivers/STM32F7xx_HAL_Driver/stm32f7xx_hal_dcmi_ex.o" -o "Drivers/STM32F7xx_HAL_Driver/stm32f7xx_hal_dcmi_ex.o" "C:/work/iFish/PreStudies/CDC_FW/CdcDevice/Drivers/STM32F7xx_HAL_Driver/Src/stm32f7xx_hal_dcmi_ex.c"
'Finished building: C:/work/iFish/PreStudies/CDC_FW/CdcDevice/Drivers/STM32F7xx_HAL_Driver/Src/stm32f7xx_hal_dcmi_ex.c'
' '
'Building file: C:/work/iFish/PreStudies/CDC_FW/CdcDevice/Drivers/STM32F7xx_HAL_Driver/Src/stm32f7xx_hal_dma.c'
'Invoking: MCU GCC Compiler'
arm-none-eabi-gcc -mcpu=cortex-m7 -mthumb -mfloat-abi=hard -mfpu=fpv5-sp-d16 -D__weak=__attribute__((weak)) -D__packed=__attribute__((__packed__)) -DUSE_HAL_DRIVER -DSTM32F746xx -I..\..\..\Inc -I..\..\..\Drivers\STM32F7xx_HAL_Driver\Inc -I..\..\..\Drivers\STM32F7xx_HAL_Driver\Inc\Legacy -I..\..\..\Middlewares\ST\STM32_USB_Device_Library\Core\Inc -I..\..\..\Middlewares\ST\STM32_USB_Device_Library\Class\CDC\Inc -I..\..\..\Drivers\CMSIS\Include -I..\..\..\Drivers\CMSIS\Device\ST\STM32F7xx\Include -I..\..\..\Inc -I..\..\..\Middlewares\Third_Party\FreeRTOS\Source\portable\GCC\ARM_CM7\r0p1 -I..\..\..\Middlewares\Third_Party\FreeRTOS\Source\include -I..\..\..\Middlewares\Third_Party\FreeRTOS\Source\CMSIS_RTOS -Os -g3 -Wall -fmessage-length=0 -ffunction-sections -c -fmessage-length=0 -MMD -MP -MF"Drivers/STM32F7xx_HAL_Driver/stm32f7xx_hal_dma.d" -MT"Drivers/STM32F7xx_HAL_Driver/stm32f7xx_hal_dma.o" -o "Drivers/STM32F7xx_HAL_Driver/stm32f7xx_hal_dma.o" "C:/work/iFish/PreStudies/CDC_FW/CdcDevice/Drivers/STM32F7xx_HAL_Driver/Src/stm32f7xx_hal_dma.c"
'Finished building: C:/work/iFish/PreStudies/CDC_FW/CdcDevice/Drivers/STM32F7xx_HAL_Driver/Src/stm32f7xx_hal_dma.c'
' '
'Building file: C:/work/iFish/PreStudies/CDC_FW/CdcDevice/Drivers/STM32F7xx_HAL_Driver/Src/stm32f7xx_hal_dma_ex.c'
'Invoking: MCU GCC Compiler'
arm-none-eabi-gcc -mcpu=cortex-m7 -mthumb -mfloat-abi=hard -mfpu=fpv5-sp-d16 -D__weak=__attribute__((weak)) -D__packed=__attribute__((__packed__)) -DUSE_HAL_DRIVER -DSTM32F746xx -I..\..\..\Inc -I..\..\..\Drivers\STM32F7xx_HAL_Driver\Inc -I..\..\..\Drivers\STM32F7xx_HAL_Driver\Inc\Legacy -I..\..\..\Middlewares\ST\STM32_USB_Device_Library\Core\Inc -I..\..\..\Middlewares\ST\STM32_USB_Device_Library\Class\CDC\Inc -I..\..\..\Drivers\CMSIS\Include -I..\..\..\Drivers\CMSIS\Device\ST\STM32F7xx\Include -I..\..\..\Inc -I..\..\..\Middlewares\Third_Party\FreeRTOS\Source\portable\GCC\ARM_CM7\r0p1 -I..\..\..\Middlewares\Third_Party\FreeRTOS\Source\include -I..\..\..\Middlewares\Third_Party\FreeRTOS\Source\CMSIS_RTOS -Os -g3 -Wall -fmessage-length=0 -ffunction-sections -c -fmessage-length=0 -MMD -MP -MF"Drivers/STM32F7xx_HAL_Driver/stm32f7xx_hal_dma_ex.d" -MT"Drivers/STM32F7xx_HAL_Driver/stm32f7xx_hal_dma_ex.o" -o "Drivers/STM32F7xx_HAL_Driver/stm32f7xx_hal_dma_ex.o" "C:/work/iFish/PreStudies/CDC_FW/CdcDevice/Drivers/STM32F7xx_HAL_Driver/Src/stm32f7xx_hal_dma_ex.c"
'Finished building: C:/work/iFish/PreStudies/CDC_FW/CdcDevice/Drivers/STM32F7xx_HAL_Driver/Src/stm32f7xx_hal_dma_ex.c'
' '
'Building file: C:/work/iFish/PreStudies/CDC_FW/CdcDevice/Drivers/STM32F7xx_HAL_Driver/Src/stm32f7xx_hal_flash.c'
'Invoking: MCU GCC Compiler'
arm-none-eabi-gcc -mcpu=cortex-m7 -mthumb -mfloat-abi=hard -mfpu=fpv5-sp-d16 -D__weak=__attribute__((weak)) -D__packed=__attribute__((__packed__)) -DUSE_HAL_DRIVER -DSTM32F746xx -I..\..\..\Inc -I..\..\..\Drivers\STM32F7xx_HAL_Driver\Inc -I..\..\..\Drivers\STM32F7xx_HAL_Driver\Inc\Legacy -I..\..\..\Middlewares\ST\STM32_USB_Device_Library\Core\Inc -I..\..\..\Middlewares\ST\STM32_USB_Device_Library\Class\CDC\Inc -I..\..\..\Drivers\CMSIS\Include -I..\..\..\Drivers\CMSIS\Device\ST\STM32F7xx\Include -I..\..\..\Inc -I..\..\..\Middlewares\Third_Party\FreeRTOS\Source\portable\GCC\ARM_CM7\r0p1 -I..\..\..\Middlewares\Third_Party\FreeRTOS\Source\include -I..\..\..\Middlewares\Third_Party\FreeRTOS\Source\CMSIS_RTOS -Os -g3 -Wall -fmessage-length=0 -ffunction-sections -c -fmessage-length=0 -MMD -MP -MF"Drivers/STM32F7xx_HAL_Driver/stm32f7xx_hal_flash.d" -MT"Drivers/STM32F7xx_HAL_Driver/stm32f7xx_hal_flash.o" -o "Drivers/STM32F7xx_HAL_Driver/stm32f7xx_hal_flash.o" "C:/work/iFish/PreStudies/CDC_FW/CdcDevice/Drivers/STM32F7xx_HAL_Driver/Src/stm32f7xx_hal_flash.c"
'Finished building: C:/work/iFish/PreStudies/CDC_FW/CdcDevice/Drivers/STM32F7xx_HAL_Driver/Src/stm32f7xx_hal_flash.c'
' '
'Building file: C:/work/iFish/PreStudies/CDC_FW/CdcDevice/Drivers/STM32F7xx_HAL_Driver/Src/stm32f7xx_hal_flash_ex.c'
'Invoking: MCU GCC Compiler'
arm-none-eabi-gcc -mcpu=cortex-m7 -mthumb -mfloat-abi=hard -mfpu=fpv5-sp-d16 -D__weak=__attribute__((weak)) -D__packed=__attribute__((__packed__)) -DUSE_HAL_DRIVER -DSTM32F746xx -I..\..\..\Inc -I..\..\..\Drivers\STM32F7xx_HAL_Driver\Inc -I..\..\..\Drivers\STM32F7xx_HAL_Driver\Inc\Legacy -I..\..\..\Middlewares\ST\STM32_USB_Device_Library\Core\Inc -I..\..\..\Middlewares\ST\STM32_USB_Device_Library\Class\CDC\Inc -I..\..\..\Drivers\CMSIS\Include -I..\..\..\Drivers\CMSIS\Device\ST\STM32F7xx\Include -I..\..\..\Inc -I..\..\..\Middlewares\Third_Party\FreeRTOS\Source\portable\GCC\ARM_CM7\r0p1 -I..\..\..\Middlewares\Third_Party\FreeRTOS\Source\include -I..\..\..\Middlewares\Third_Party\FreeRTOS\Source\CMSIS_RTOS -Os -g3 -Wall -fmessage-length=0 -ffunction-sections -c -fmessage-length=0 -MMD -MP -MF"Drivers/STM32F7xx_HAL_Driver/stm32f7xx_hal_flash_ex.d" -MT"Drivers/STM32F7xx_HAL_Driver/stm32f7xx_hal_flash_ex.o" -o "Drivers/STM32F7xx_HAL_Driver/stm32f7xx_hal_flash_ex.o" "C:/work/iFish/PreStudies/CDC_FW/CdcDevice/Drivers/STM32F7xx_HAL_Driver/Src/stm32f7xx_hal_flash_ex.c"
'Finished building: C:/work/iFish/PreStudies/CDC_FW/CdcDevice/Drivers/STM32F7xx_HAL_Driver/Src/stm32f7xx_hal_flash_ex.c'
' '
'Building file: C:/work/iFish/PreStudies/CDC_FW/CdcDevice/Drivers/STM32F7xx_HAL_Driver/Src/stm32f7xx_hal_gpio.c'
'Invoking: MCU GCC Compiler'
arm-none-eabi-gcc -mcpu=cortex-m7 -mthumb -mfloat-abi=hard -mfpu=fpv5-sp-d16 -D__weak=__attribute__((weak)) -D__packed=__attribute__((__packed__)) -DUSE_HAL_DRIVER -DSTM32F746xx -I..\..\..\Inc -I..\..\..\Drivers\STM32F7xx_HAL_Driver\Inc -I..\..\..\Drivers\STM32F7xx_HAL_Driver\Inc\Legacy -I..\..\..\Middlewares\ST\STM32_USB_Device_Library\Core\Inc -I..\..\..\Middlewares\ST\STM32_USB_Device_Library\Class\CDC\Inc -I..\..\..\Drivers\CMSIS\Include -I..\..\..\Drivers\CMSIS\Device\ST\STM32F7xx\Include -I..\..\..\Inc -I..\..\..\Middlewares\Third_Party\FreeRTOS\Source\portable\GCC\ARM_CM7\r0p1 -I..\..\..\Middlewares\Third_Party\FreeRTOS\Source\include -I..\..\..\Middlewares\Third_Party\FreeRTOS\Source\CMSIS_RTOS -Os -g3 -Wall -fmessage-length=0 -ffunction-sections -c -fmessage-length=0 -MMD -MP -MF"Drivers/STM32F7xx_HAL_Driver/stm32f7xx_hal_gpio.d" -MT"Drivers/STM32F7xx_HAL_Driver/stm32f7xx_hal_gpio.o" -o "Drivers/STM32F7xx_HAL_Driver/stm32f7xx_hal_gpio.o" "C:/work/iFish/PreStudies/CDC_FW/CdcDevice/Drivers/STM32F7xx_HAL_Driver/Src/stm32f7xx_hal_gpio.c"
'Finished building: C:/work/iFish/PreStudies/CDC_FW/CdcDevice/Drivers/STM32F7xx_HAL_Driver/Src/stm32f7xx_hal_gpio.c'
' '
'Building file: C:/work/iFish/PreStudies/CDC_FW/CdcDevice/Drivers/STM32F7xx_HAL_Driver/Src/stm32f7xx_hal_pcd.c'
'Invoking: MCU GCC Compiler'
arm-none-eabi-gcc -mcpu=cortex-m7 -mthumb -mfloat-abi=hard -mfpu=fpv5-sp-d16 -D__weak=__attribute__((weak)) -D__packed=__attribute__((__packed__)) -DUSE_HAL_DRIVER -DSTM32F746xx -I..\..\..\Inc -I..\..\..\Drivers\STM32F7xx_HAL_Driver\Inc -I..\..\..\Drivers\STM32F7xx_HAL_Driver\Inc\Legacy -I..\..\..\Middlewares\ST\STM32_USB_Device_Library\Core\Inc -I..\..\..\Middlewares\ST\STM32_USB_Device_Library\Class\CDC\Inc -I..\..\..\Drivers\CMSIS\Include -I..\..\..\Drivers\CMSIS\Device\ST\STM32F7xx\Include -I..\..\..\Inc -I..\..\..\Middlewares\Third_Party\FreeRTOS\Source\portable\GCC\ARM_CM7\r0p1 -I..\..\..\Middlewares\Third_Party\FreeRTOS\Source\include -I..\..\..\Middlewares\Third_Party\FreeRTOS\Source\CMSIS_RTOS -Os -g3 -Wall -fmessage-length=0 -ffunction-sections -c -fmessage-length=0 -MMD -MP -MF"Drivers/STM32F7xx_HAL_Driver/stm32f7xx_hal_pcd.d" -MT"Drivers/STM32F7xx_HAL_Driver/stm32f7xx_hal_pcd.o" -o "Drivers/STM32F7xx_HAL_Driver/stm32f7xx_hal_pcd.o" "C:/work/iFish/PreStudies/CDC_FW/CdcDevice/Drivers/STM32F7xx_HAL_Driver/Src/stm32f7xx_hal_pcd.c"
'Finished building: C:/work/iFish/PreStudies/CDC_FW/CdcDevice/Drivers/STM32F7xx_HAL_Driver/Src/stm32f7xx_hal_pcd.c'
' '
'Building file: C:/work/iFish/PreStudies/CDC_FW/CdcDevice/Drivers/STM32F7xx_HAL_Driver/Src/stm32f7xx_hal_pcd_ex.c'
'Invoking: MCU GCC Compiler'
arm-none-eabi-gcc -mcpu=cortex-m7 -mthumb -mfloat-abi=hard -mfpu=fpv5-sp-d16 -D__weak=__attribute__((weak)) -D__packed=__attribute__((__packed__)) -DUSE_HAL_DRIVER -DSTM32F746xx -I..\..\..\Inc -I..\..\..\Drivers\STM32F7xx_HAL_Driver\Inc -I..\..\..\Drivers\STM32F7xx_HAL_Driver\Inc\Legacy -I..\..\..\Middlewares\ST\STM32_USB_Device_Library\Core\Inc -I..\..\..\Middlewares\ST\STM32_USB_Device_Library\Class\CDC\Inc -I..\..\..\Drivers\CMSIS\Include -I..\..\..\Drivers\CMSIS\Device\ST\STM32F7xx\Include -I..\..\..\Inc -I..\..\..\Middlewares\Third_Party\FreeRTOS\Source\portable\GCC\ARM_CM7\r0p1 -I..\..\..\Middlewares\Third_Party\FreeRTOS\Source\include -I..\..\..\Middlewares\Third_Party\FreeRTOS\Source\CMSIS_RTOS -Os -g3 -Wall -fmessage-length=0 -ffunction-sections -c -fmessage-length=0 -MMD -MP -MF"Drivers/STM32F7xx_HAL_Driver/stm32f7xx_hal_pcd_ex.d" -MT"Drivers/STM32F7xx_HAL_Driver/stm32f7xx_hal_pcd_ex.o" -o "Drivers/STM32F7xx_HAL_Driver/stm32f7xx_hal_pcd_ex.o" "C:/work/iFish/PreStudies/CDC_FW/CdcDevice/Drivers/STM32F7xx_HAL_Driver/Src/stm32f7xx_hal_pcd_ex.c"
'Finished building: C:/work/iFish/PreStudies/CDC_FW/CdcDevice/Drivers/STM32F7xx_HAL_Driver/Src/stm32f7xx_hal_pcd_ex.c'
' '
'Building file: C:/work/iFish/PreStudies/CDC_FW/CdcDevice/Drivers/STM32F7xx_HAL_Driver/Src/stm32f7xx_hal_pwr.c'
'Invoking: MCU GCC Compiler'
arm-none-eabi-gcc -mcpu=cortex-m7 -mthumb -mfloat-abi=hard -mfpu=fpv5-sp-d16 -D__weak=__attribute__((weak)) -D__packed=__attribute__((__packed__)) -DUSE_HAL_DRIVER -DSTM32F746xx -I..\..\..\Inc -I..\..\..\Drivers\STM32F7xx_HAL_Driver\Inc -I..\..\..\Drivers\STM32F7xx_HAL_Driver\Inc\Legacy -I..\..\..\Middlewares\ST\STM32_USB_Device_Library\Core\Inc -I..\..\..\Middlewares\ST\STM32_USB_Device_Library\Class\CDC\Inc -I..\..\..\Drivers\CMSIS\Include -I..\..\..\Drivers\CMSIS\Device\ST\STM32F7xx\Include -I..\..\..\Inc -I..\..\..\Middlewares\Third_Party\FreeRTOS\Source\portable\GCC\ARM_CM7\r0p1 -I..\..\..\Middlewares\Third_Party\FreeRTOS\Source\include -I..\..\..\Middlewares\Third_Party\FreeRTOS\Source\CMSIS_RTOS -Os -g3 -Wall -fmessage-length=0 -ffunction-sections -c -fmessage-length=0 -MMD -MP -MF"Drivers/STM32F7xx_HAL_Driver/stm32f7xx_hal_pwr.d" -MT"Drivers/STM32F7xx_HAL_Driver/stm32f7xx_hal_pwr.o" -o "Drivers/STM32F7xx_HAL_Driver/stm32f7xx_hal_pwr.o" "C:/work/iFish/PreStudies/CDC_FW/CdcDevice/Drivers/STM32F7xx_HAL_Driver/Src/stm32f7xx_hal_pwr.c"
'Finished building: C:/work/iFish/PreStudies/CDC_FW/CdcDevice/Drivers/STM32F7xx_HAL_Driver/Src/stm32f7xx_hal_pwr.c'
' '
'Building file: C:/work/iFish/PreStudies/CDC_FW/CdcDevice/Drivers/STM32F7xx_HAL_Driver/Src/stm32f7xx_hal_pwr_ex.c'
'Invoking: MCU GCC Compiler'
arm-none-eabi-gcc -mcpu=cortex-m7 -mthumb -mfloat-abi=hard -mfpu=fpv5-sp-d16 -D__weak=__attribute__((weak)) -D__packed=__attribute__((__packed__)) -DUSE_HAL_DRIVER -DSTM32F746xx -I..\..\..\Inc -I..\..\..\Drivers\STM32F7xx_HAL_Driver\Inc -I..\..\..\Drivers\STM32F7xx_HAL_Driver\Inc\Legacy -I..\..\..\Middlewares\ST\STM32_USB_Device_Library\Core\Inc -I..\..\..\Middlewares\ST\STM32_USB_Device_Library\Class\CDC\Inc -I..\..\..\Drivers\CMSIS\Include -I..\..\..\Drivers\CMSIS\Device\ST\STM32F7xx\Include -I..\..\..\Inc -I..\..\..\Middlewares\Third_Party\FreeRTOS\Source\portable\GCC\ARM_CM7\r0p1 -I..\..\..\Middlewares\Third_Party\FreeRTOS\Source\include -I..\..\..\Middlewares\Third_Party\FreeRTOS\Source\CMSIS_RTOS -Os -g3 -Wall -fmessage-length=0 -ffunction-sections -c -fmessage-length=0 -MMD -MP -MF"Drivers/STM32F7xx_HAL_Driver/stm32f7xx_hal_pwr_ex.d" -MT"Drivers/STM32F7xx_HAL_Driver/stm32f7xx_hal_pwr_ex.o" -o "Drivers/STM32F7xx_HAL_Driver/stm32f7xx_hal_pwr_ex.o" "C:/work/iFish/PreStudies/CDC_FW/CdcDevice/Drivers/STM32F7xx_HAL_Driver/Src/stm32f7xx_hal_pwr_ex.c"
'Finished building: C:/work/iFish/PreStudies/CDC_FW/CdcDevice/Drivers/STM32F7xx_HAL_Driver/Src/stm32f7xx_hal_pwr_ex.c'
' '
'Building file: C:/work/iFish/PreStudies/CDC_FW/CdcDevice/Drivers/STM32F7xx_HAL_Driver/Src/stm32f7xx_hal_qspi.c'
'Invoking: MCU GCC Compiler'
arm-none-eabi-gcc -mcpu=cortex-m7 -mthumb -mfloat-abi=hard -mfpu=fpv5-sp-d16 -D__weak=__attribute__((weak)) -D__packed=__attribute__((__packed__)) -DUSE_HAL_DRIVER -DSTM32F746xx -I..\..\..\Inc -I..\..\..\Drivers\STM32F7xx_HAL_Driver\Inc -I..\..\..\Drivers\STM32F7xx_HAL_Driver\Inc\Legacy -I..\..\..\Middlewares\ST\STM32_USB_Device_Library\Core\Inc -I..\..\..\Middlewares\ST\STM32_USB_Device_Library\Class\CDC\Inc -I..\..\..\Drivers\CMSIS\Include -I..\..\..\Drivers\CMSIS\Device\ST\STM32F7xx\Include -I..\..\..\Inc -I..\..\..\Middlewares\Third_Party\FreeRTOS\Source\portable\GCC\ARM_CM7\r0p1 -I..\..\..\Middlewares\Third_Party\FreeRTOS\Source\include -I..\..\..\Middlewares\Third_Party\FreeRTOS\Source\CMSIS_RTOS -Os -g3 -Wall -fmessage-length=0 -ffunction-sections -c -fmessage-length=0 -MMD -MP -MF"Drivers/STM32F7xx_HAL_Driver/stm32f7xx_hal_qspi.d" -MT"Drivers/STM32F7xx_HAL_Driver/stm32f7xx_hal_qspi.o" -o "Drivers/STM32F7xx_HAL_Driver/stm32f7xx_hal_qspi.o" "C:/work/iFish/PreStudies/CDC_FW/CdcDevice/Drivers/STM32F7xx_HAL_Driver/Src/stm32f7xx_hal_qspi.c"
'Finished building: C:/work/iFish/PreStudies/CDC_FW/CdcDevice/Drivers/STM32F7xx_HAL_Driver/Src/stm32f7xx_hal_qspi.c'
' '
'Building file: C:/work/iFish/PreStudies/CDC_FW/CdcDevice/Drivers/STM32F7xx_HAL_Driver/Src/stm32f7xx_hal_rcc.c'
'Invoking: MCU GCC Compiler'
arm-none-eabi-gcc -mcpu=cortex-m7 -mthumb -mfloat-abi=hard -mfpu=fpv5-sp-d16 -D__weak=__attribute__((weak)) -D__packed=__attribute__((__packed__)) -DUSE_HAL_DRIVER -DSTM32F746xx -I..\..\..\Inc -I..\..\..\Drivers\STM32F7xx_HAL_Driver\Inc -I..\..\..\Drivers\STM32F7xx_HAL_Driver\Inc\Legacy -I..\..\..\Middlewares\ST\STM32_USB_Device_Library\Core\Inc -I..\..\..\Middlewares\ST\STM32_USB_Device_Library\Class\CDC\Inc -I..\..\..\Drivers\CMSIS\Include -I..\..\..\Drivers\CMSIS\Device\ST\STM32F7xx\Include -I..\..\..\Inc -I..\..\..\Middlewares\Third_Party\FreeRTOS\Source\portable\GCC\ARM_CM7\r0p1 -I..\..\..\Middlewares\Third_Party\FreeRTOS\Source\include -I..\..\..\Middlewares\Third_Party\FreeRTOS\Source\CMSIS_RTOS -Os -g3 -Wall -fmessage-length=0 -ffunction-sections -c -fmessage-length=0 -MMD -MP -MF"Drivers/STM32F7xx_HAL_Driver/stm32f7xx_hal_rcc.d" -MT"Drivers/STM32F7xx_HAL_Driver/stm32f7xx_hal_rcc.o" -o "Drivers/STM32F7xx_HAL_Driver/stm32f7xx_hal_rcc.o" "C:/work/iFish/PreStudies/CDC_FW/CdcDevice/Drivers/STM32F7xx_HAL_Driver/Src/stm32f7xx_hal_rcc.c"
'Finished building: C:/work/iFish/PreStudies/CDC_FW/CdcDevice/Drivers/STM32F7xx_HAL_Driver/Src/stm32f7xx_hal_rcc.c'
' '
'Building file: C:/work/iFish/PreStudies/CDC_FW/CdcDevice/Drivers/STM32F7xx_HAL_Driver/Src/stm32f7xx_hal_rcc_ex.c'
'Invoking: MCU GCC Compiler'
arm-none-eabi-gcc -mcpu=cortex-m7 -mthumb -mfloat-abi=hard -mfpu=fpv5-sp-d16 -D__weak=__attribute__((weak)) -D__packed=__attribute__((__packed__)) -DUSE_HAL_DRIVER -DSTM32F746xx -I..\..\..\Inc -I..\..\..\Drivers\STM32F7xx_HAL_Driver\Inc -I..\..\..\Drivers\STM32F7xx_HAL_Driver\Inc\Legacy -I..\..\..\Middlewares\ST\STM32_USB_Device_Library\Core\Inc -I..\..\..\Middlewares\ST\STM32_USB_Device_Library\Class\CDC\Inc -I..\..\..\Drivers\CMSIS\Include -I..\..\..\Drivers\CMSIS\Device\ST\STM32F7xx\Include -I..\..\..\Inc -I..\..\..\Middlewares\Third_Party\FreeRTOS\Source\portable\GCC\ARM_CM7\r0p1 -I..\..\..\Middlewares\Third_Party\FreeRTOS\Source\include -I..\..\..\Middlewares\Third_Party\FreeRTOS\Source\CMSIS_RTOS -Os -g3 -Wall -fmessage-length=0 -ffunction-sections -c -fmessage-length=0 -MMD -MP -MF"Drivers/STM32F7xx_HAL_Driver/stm32f7xx_hal_rcc_ex.d" -MT"Drivers/STM32F7xx_HAL_Driver/stm32f7xx_hal_rcc_ex.o" -o "Drivers/STM32F7xx_HAL_Driver/stm32f7xx_hal_rcc_ex.o" "C:/work/iFish/PreStudies/CDC_FW/CdcDevice/Drivers/STM32F7xx_HAL_Driver/Src/stm32f7xx_hal_rcc_ex.c"
'Finished building: C:/work/iFish/PreStudies/CDC_FW/CdcDevice/Drivers/STM32F7xx_HAL_Driver/Src/stm32f7xx_hal_rcc_ex.c'
' '
'Building file: C:/work/iFish/PreStudies/CDC_FW/CdcDevice/Drivers/STM32F7xx_HAL_Driver/Src/stm32f7xx_hal_spdifrx.c'
'Invoking: MCU GCC Compiler'
arm-none-eabi-gcc -mcpu=cortex-m7 -mthumb -mfloat-abi=hard -mfpu=fpv5-sp-d16 -D__weak=__attribute__((weak)) -D__packed=__attribute__((__packed__)) -DUSE_HAL_DRIVER -DSTM32F746xx -I..\..\..\Inc -I..\..\..\Drivers\STM32F7xx_HAL_Driver\Inc -I..\..\..\Drivers\STM32F7xx_HAL_Driver\Inc\Legacy -I..\..\..\Middlewares\ST\STM32_USB_Device_Library\Core\Inc -I..\..\..\Middlewares\ST\STM32_USB_Device_Library\Class\CDC\Inc -I..\..\..\Drivers\CMSIS\Include -I..\..\..\Drivers\CMSIS\Device\ST\STM32F7xx\Include -I..\..\..\Inc -I..\..\..\Middlewares\Third_Party\FreeRTOS\Source\portable\GCC\ARM_CM7\r0p1 -I..\..\..\Middlewares\Third_Party\FreeRTOS\Source\include -I..\..\..\Middlewares\Third_Party\FreeRTOS\Source\CMSIS_RTOS -Os -g3 -Wall -fmessage-length=0 -ffunction-sections -c -fmessage-length=0 -MMD -MP -MF"Drivers/STM32F7xx_HAL_Driver/stm32f7xx_hal_spdifrx.d" -MT"Drivers/STM32F7xx_HAL_Driver/stm32f7xx_hal_spdifrx.o" -o "Drivers/STM32F7xx_HAL_Driver/stm32f7xx_hal_spdifrx.o" "C:/work/iFish/PreStudies/CDC_FW/CdcDevice/Drivers/STM32F7xx_HAL_Driver/Src/stm32f7xx_hal_spdifrx.c"
'Finished building: C:/work/iFish/PreStudies/CDC_FW/CdcDevice/Drivers/STM32F7xx_HAL_Driver/Src/stm32f7xx_hal_spdifrx.c'
' '
'Building file: C:/work/iFish/PreStudies/CDC_FW/CdcDevice/Drivers/STM32F7xx_HAL_Driver/Src/stm32f7xx_ll_usb.c'
'Invoking: MCU GCC Compiler'
arm-none-eabi-gcc -mcpu=cortex-m7 -mthumb -mfloat-abi=hard -mfpu=fpv5-sp-d16 -D__weak=__attribute__((weak)) -D__packed=__attribute__((__packed__)) -DUSE_HAL_DRIVER -DSTM32F746xx -I..\..\..\Inc -I..\..\..\Drivers\STM32F7xx_HAL_Driver\Inc -I..\..\..\Drivers\STM32F7xx_HAL_Driver\Inc\Legacy -I..\..\..\Middlewares\ST\STM32_USB_Device_Library\Core\Inc -I..\..\..\Middlewares\ST\STM32_USB_Device_Library\Class\CDC\Inc -I..\..\..\Drivers\CMSIS\Include -I..\..\..\Drivers\CMSIS\Device\ST\STM32F7xx\Include -I..\..\..\Inc -I..\..\..\Middlewares\Third_Party\FreeRTOS\Source\portable\GCC\ARM_CM7\r0p1 -I..\..\..\Middlewares\Third_Party\FreeRTOS\Source\include -I..\..\..\Middlewares\Third_Party\FreeRTOS\Source\CMSIS_RTOS -Os -g3 -Wall -fmessage-length=0 -ffunction-sections -c -fmessage-length=0 -MMD -MP -MF"Drivers/STM32F7xx_HAL_Driver/stm32f7xx_ll_usb.d" -MT"Drivers/STM32F7xx_HAL_Driver/stm32f7xx_ll_usb.o" -o "Drivers/STM32F7xx_HAL_Driver/stm32f7xx_ll_usb.o" "C:/work/iFish/PreStudies/CDC_FW/CdcDevice/Drivers/STM32F7xx_HAL_Driver/Src/stm32f7xx_ll_usb.c"
'Finished building: C:/work/iFish/PreStudies/CDC_FW/CdcDevice/Drivers/STM32F7xx_HAL_Driver/Src/stm32f7xx_ll_usb.c'
' '
'Building file: C:/work/iFish/PreStudies/CDC_FW/CdcDevice/Drivers/CMSIS/Device/ST/STM32F7xx/Source/Templates/system_stm32f7xx.c'
'Invoking: MCU GCC Compiler'
arm-none-eabi-gcc -mcpu=cortex-m7 -mthumb -mfloat-abi=hard -mfpu=fpv5-sp-d16 -D__weak=__attribute__((weak)) -D__packed=__attribute__((__packed__)) -DUSE_HAL_DRIVER -DSTM32F746xx -I..\..\..\Inc -I..\..\..\Drivers\STM32F7xx_HAL_Driver\Inc -I..\..\..\Drivers\STM32F7xx_HAL_Driver\Inc\Legacy -I..\..\..\Middlewares\ST\STM32_USB_Device_Library\Core\Inc -I..\..\..\Middlewares\ST\STM32_USB_Device_Library\Class\CDC\Inc -I..\..\..\Drivers\CMSIS\Include -I..\..\..\Drivers\CMSIS\Device\ST\STM32F7xx\Include -I..\..\..\Inc -I..\..\..\Middlewares\Third_Party\FreeRTOS\Source\portable\GCC\ARM_CM7\r0p1 -I..\..\..\Middlewares\Third_Party\FreeRTOS\Source\include -I..\..\..\Middlewares\Third_Party\FreeRTOS\Source\CMSIS_RTOS -Os -g3 -Wall -fmessage-length=0 -ffunction-sections -c -fmessage-length=0 -MMD -MP -MF"Drivers/CMSIS/system_stm32f7xx.d" -MT"Drivers/CMSIS/system_stm32f7xx.o" -o "Drivers/CMSIS/system_stm32f7xx.o" "C:/work/iFish/PreStudies/CDC_FW/CdcDevice/Drivers/CMSIS/Device/ST/STM32F7xx/Source/Templates/system_stm32f7xx.c"
'Finished building: C:/work/iFish/PreStudies/CDC_FW/CdcDevice/Drivers/CMSIS/Device/ST/STM32F7xx/Source/Templates/system_stm32f7xx.c'
' '
'Building file: C:/work/iFish/PreStudies/CDC_FW/CdcDevice/Src/dcmi.c'
'Invoking: MCU GCC Compiler'
arm-none-eabi-gcc -mcpu=cortex-m7 -mthumb -mfloat-abi=hard -mfpu=fpv5-sp-d16 -D__weak=__attribute__((weak)) -D__packed=__attribute__((__packed__)) -DUSE_HAL_DRIVER -DSTM32F746xx -I..\..\..\Inc -I..\..\..\Drivers\STM32F7xx_HAL_Driver\Inc -I..\..\..\Drivers\STM32F7xx_HAL_Driver\Inc\Legacy -I..\..\..\Middlewares\ST\STM32_USB_Device_Library\Core\Inc -I..\..\..\Middlewares\ST\STM32_USB_Device_Library\Class\CDC\Inc -I..\..\..\Drivers\CMSIS\Include -I..\..\..\Drivers\CMSIS\Device\ST\STM32F7xx\Include -I..\..\..\Inc -I..\..\..\Middlewares\Third_Party\FreeRTOS\Source\portable\GCC\ARM_CM7\r0p1 -I..\..\..\Middlewares\Third_Party\FreeRTOS\Source\include -I..\..\..\Middlewares\Third_Party\FreeRTOS\Source\CMSIS_RTOS -Os -g3 -Wall -fmessage-length=0 -ffunction-sections -c -fmessage-length=0 -MMD -MP -MF"Application/User/dcmi.d" -MT"Application/User/dcmi.o" -o "Application/User/dcmi.o" "C:/work/iFish/PreStudies/CDC_FW/CdcDevice/Src/dcmi.c"
'Finished building: C:/work/iFish/PreStudies/CDC_FW/CdcDevice/Src/dcmi.c'
' '
'Building file: C:/work/iFish/PreStudies/CDC_FW/CdcDevice/Src/freertos.c'
'Invoking: MCU GCC Compiler'
arm-none-eabi-gcc -mcpu=cortex-m7 -mthumb -mfloat-abi=hard -mfpu=fpv5-sp-d16 -D__weak=__attribute__((weak)) -D__packed=__attribute__((__packed__)) -DUSE_HAL_DRIVER -DSTM32F746xx -I..\..\..\Inc -I..\..\..\Drivers\STM32F7xx_HAL_Driver\Inc -I..\..\..\Drivers\STM32F7xx_HAL_Driver\Inc\Legacy -I..\..\..\Middlewares\ST\STM32_USB_Device_Library\Core\Inc -I..\..\..\Middlewares\ST\STM32_USB_Device_Library\Class\CDC\Inc -I..\..\..\Drivers\CMSIS\Include -I..\..\..\Drivers\CMSIS\Device\ST\STM32F7xx\Include -I..\..\..\Inc -I..\..\..\Middlewares\Third_Party\FreeRTOS\Source\portable\GCC\ARM_CM7\r0p1 -I..\..\..\Middlewares\Third_Party\FreeRTOS\Source\include -I..\..\..\Middlewares\Third_Party\FreeRTOS\Source\CMSIS_RTOS -Os -g3 -Wall -fmessage-length=0 -ffunction-sections -c -fmessage-length=0 -MMD -MP -MF"Application/User/freertos.d" -MT"Application/User/freertos.o" -o "Application/User/freertos.o" "C:/work/iFish/PreStudies/CDC_FW/CdcDevice/Src/freertos.c"
'Finished building: C:/work/iFish/PreStudies/CDC_FW/CdcDevice/Src/freertos.c'
' '
'Building file: C:/work/iFish/PreStudies/CDC_FW/CdcDevice/Src/gpio.c'
'Invoking: MCU GCC Compiler'
arm-none-eabi-gcc -mcpu=cortex-m7 -mthumb -mfloat-abi=hard -mfpu=fpv5-sp-d16 -D__weak=__attribute__((weak)) -D__packed=__attribute__((__packed__)) -DUSE_HAL_DRIVER -DSTM32F746xx -I..\..\..\Inc -I..\..\..\Drivers\STM32F7xx_HAL_Driver\Inc -I..\..\..\Drivers\STM32F7xx_HAL_Driver\Inc\Legacy -I..\..\..\Middlewares\ST\STM32_USB_Device_Library\Core\Inc -I..\..\..\Middlewares\ST\STM32_USB_Device_Library\Class\CDC\Inc -I..\..\..\Drivers\CMSIS\Include -I..\..\..\Drivers\CMSIS\Device\ST\STM32F7xx\Include -I..\..\..\Inc -I..\..\..\Middlewares\Third_Party\FreeRTOS\Source\portable\GCC\ARM_CM7\r0p1 -I..\..\..\Middlewares\Third_Party\FreeRTOS\Source\include -I..\..\..\Middlewares\Third_Party\FreeRTOS\Source\CMSIS_RTOS -Os -g3 -Wall -fmessage-length=0 -ffunction-sections -c -fmessage-length=0 -MMD -MP -MF"Application/User/gpio.d" -MT"Application/User/gpio.o" -o "Application/User/gpio.o" "C:/work/iFish/PreStudies/CDC_FW/CdcDevice/Src/gpio.c"
'Finished building: C:/work/iFish/PreStudies/CDC_FW/CdcDevice/Src/gpio.c'
' '
'Building file: C:/work/iFish/PreStudies/CDC_FW/CdcDevice/Src/main.c'
'Invoking: MCU GCC Compiler'
arm-none-eabi-gcc -mcpu=cortex-m7 -mthumb -mfloat-abi=hard -mfpu=fpv5-sp-d16 -D__weak=__attribute__((weak)) -D__packed=__attribute__((__packed__)) -DUSE_HAL_DRIVER -DSTM32F746xx -I..\..\..\Inc -I..\..\..\Drivers\STM32F7xx_HAL_Driver\Inc -I..\..\..\Drivers\STM32F7xx_HAL_Driver\Inc\Legacy -I..\..\..\Middlewares\ST\STM32_USB_Device_Library\Core\Inc -I..\..\..\Middlewares\ST\STM32_USB_Device_Library\Class\CDC\Inc -I..\..\..\Drivers\CMSIS\Include -I..\..\..\Drivers\CMSIS\Device\ST\STM32F7xx\Include -I..\..\..\Inc -I..\..\..\Middlewares\Third_Party\FreeRTOS\Source\portable\GCC\ARM_CM7\r0p1 -I..\..\..\Middlewares\Third_Party\FreeRTOS\Source\include -I..\..\..\Middlewares\Third_Party\FreeRTOS\Source\CMSIS_RTOS -Os -g3 -Wall -fmessage-length=0 -ffunction-sections -c -fmessage-length=0 -MMD -MP -MF"Application/User/main.d" -MT"Application/User/main.o" -o "Application/User/main.o" "C:/work/iFish/PreStudies/CDC_FW/CdcDevice/Src/main.c"
'Finished building: C:/work/iFish/PreStudies/CDC_FW/CdcDevice/Src/main.c'
' '
'Building file: C:/work/iFish/PreStudies/CDC_FW/CdcDevice/Src/quadspi.c'
'Invoking: MCU GCC Compiler'
arm-none-eabi-gcc -mcpu=cortex-m7 -mthumb -mfloat-abi=hard -mfpu=fpv5-sp-d16 -D__weak=__attribute__((weak)) -D__packed=__attribute__((__packed__)) -DUSE_HAL_DRIVER -DSTM32F746xx -I..\..\..\Inc -I..\..\..\Drivers\STM32F7xx_HAL_Driver\Inc -I..\..\..\Drivers\STM32F7xx_HAL_Driver\Inc\Legacy -I..\..\..\Middlewares\ST\STM32_USB_Device_Library\Core\Inc -I..\..\..\Middlewares\ST\STM32_USB_Device_Library\Class\CDC\Inc -I..\..\..\Drivers\CMSIS\Include -I..\..\..\Drivers\CMSIS\Device\ST\STM32F7xx\Include -I..\..\..\Inc -I..\..\..\Middlewares\Third_Party\FreeRTOS\Source\portable\GCC\ARM_CM7\r0p1 -I..\..\..\Middlewares\Third_Party\FreeRTOS\Source\include -I..\..\..\Middlewares\Third_Party\FreeRTOS\Source\CMSIS_RTOS -Os -g3 -Wall -fmessage-length=0 -ffunction-sections -c -fmessage-length=0 -MMD -MP -MF"Application/User/quadspi.d" -MT"Application/User/quadspi.o" -o "Application/User/quadspi.o" "C:/work/iFish/PreStudies/CDC_FW/CdcDevice/Src/quadspi.c"
'Finished building: C:/work/iFish/PreStudies/CDC_FW/CdcDevice/Src/quadspi.c'
' '
'Building file: C:/work/iFish/PreStudies/CDC_FW/CdcDevice/Src/spdifrx.c'
'Invoking: MCU GCC Compiler'
arm-none-eabi-gcc -mcpu=cortex-m7 -mthumb -mfloat-abi=hard -mfpu=fpv5-sp-d16 -D__weak=__attribute__((weak)) -D__packed=__attribute__((__packed__)) -DUSE_HAL_DRIVER -DSTM32F746xx -I..\..\..\Inc -I..\..\..\Drivers\STM32F7xx_HAL_Driver\Inc -I..\..\..\Drivers\STM32F7xx_HAL_Driver\Inc\Legacy -I..\..\..\Middlewares\ST\STM32_USB_Device_Library\Core\Inc -I..\..\..\Middlewares\ST\STM32_USB_Device_Library\Class\CDC\Inc -I..\..\..\Drivers\CMSIS\Include -I..\..\..\Drivers\CMSIS\Device\ST\STM32F7xx\Include -I..\..\..\Inc -I..\..\..\Middlewares\Third_Party\FreeRTOS\Source\portable\GCC\ARM_CM7\r0p1 -I..\..\..\Middlewares\Third_Party\FreeRTOS\Source\include -I..\..\..\Middlewares\Third_Party\FreeRTOS\Source\CMSIS_RTOS -Os -g3 -Wall -fmessage-length=0 -ffunction-sections -c -fmessage-length=0 -MMD -MP -MF"Application/User/spdifrx.d" -MT"Application/User/spdifrx.o" -o "Application/User/spdifrx.o" "C:/work/iFish/PreStudies/CDC_FW/CdcDevice/Src/spdifrx.c"
'Finished building: C:/work/iFish/PreStudies/CDC_FW/CdcDevice/Src/spdifrx.c'
' '
'Building file: C:/work/iFish/PreStudies/CDC_FW/CdcDevice/Src/stm32f7xx_hal_msp.c'
'Invoking: MCU GCC Compiler'
arm-none-eabi-gcc -mcpu=cortex-m7 -mthumb -mfloat-abi=hard -mfpu=fpv5-sp-d16 -D__weak=__attribute__((weak)) -D__packed=__attribute__((__packed__)) -DUSE_HAL_DRIVER -DSTM32F746xx -I..\..\..\Inc -I..\..\..\Drivers\STM32F7xx_HAL_Driver\Inc -I..\..\..\Drivers\STM32F7xx_HAL_Driver\Inc\Legacy -I..\..\..\Middlewares\ST\STM32_USB_Device_Library\Core\Inc -I..\..\..\Middlewares\ST\STM32_USB_Device_Library\Class\CDC\Inc -I..\..\..\Drivers\CMSIS\Include -I..\..\..\Drivers\CMSIS\Device\ST\STM32F7xx\Include -I..\..\..\Inc -I..\..\..\Middlewares\Third_Party\FreeRTOS\Source\portable\GCC\ARM_CM7\r0p1 -I..\..\..\Middlewares\Third_Party\FreeRTOS\Source\include -I..\..\..\Middlewares\Third_Party\FreeRTOS\Source\CMSIS_RTOS -Os -g3 -Wall -fmessage-length=0 -ffunction-sections -c -fmessage-length=0 -MMD -MP -MF"Application/User/stm32f7xx_hal_msp.d" -MT"Application/User/stm32f7xx_hal_msp.o" -o "Application/User/stm32f7xx_hal_msp.o" "C:/work/iFish/PreStudies/CDC_FW/CdcDevice/Src/stm32f7xx_hal_msp.c"
'Finished building: C:/work/iFish/PreStudies/CDC_FW/CdcDevice/Src/stm32f7xx_hal_msp.c'
' '
'Building file: C:/work/iFish/PreStudies/CDC_FW/CdcDevice/Src/stm32f7xx_it.c'
'Invoking: MCU GCC Compiler'
arm-none-eabi-gcc -mcpu=cortex-m7 -mthumb -mfloat-abi=hard -mfpu=fpv5-sp-d16 -D__weak=__attribute__((weak)) -D__packed=__attribute__((__packed__)) -DUSE_HAL_DRIVER -DSTM32F746xx -I..\..\..\Inc -I..\..\..\Drivers\STM32F7xx_HAL_Driver\Inc -I..\..\..\Drivers\STM32F7xx_HAL_Driver\Inc\Legacy -I..\..\..\Middlewares\ST\STM32_USB_Device_Library\Core\Inc -I..\..\..\Middlewares\ST\STM32_USB_Device_Library\Class\CDC\Inc -I..\..\..\Drivers\CMSIS\Include -I..\..\..\Drivers\CMSIS\Device\ST\STM32F7xx\Include -I..\..\..\Inc -I..\..\..\Middlewares\Third_Party\FreeRTOS\Source\portable\GCC\ARM_CM7\r0p1 -I..\..\..\Middlewares\Third_Party\FreeRTOS\Source\include -I..\..\..\Middlewares\Third_Party\FreeRTOS\Source\CMSIS_RTOS -Os -g3 -Wall -fmessage-length=0 -ffunction-sections -c -fmessage-length=0 -MMD -MP -MF"Application/User/stm32f7xx_it.d" -MT"Application/User/stm32f7xx_it.o" -o "Application/User/stm32f7xx_it.o" "C:/work/iFish/PreStudies/CDC_FW/CdcDevice/Src/stm32f7xx_it.c"
'Finished building: C:/work/iFish/PreStudies/CDC_FW/CdcDevice/Src/stm32f7xx_it.c'
' '
'Building file: C:/work/iFish/PreStudies/CDC_FW/CdcDevice/Src/usb_device.c'
'Invoking: MCU GCC Compiler'
arm-none-eabi-gcc -mcpu=cortex-m7 -mthumb -mfloat-abi=hard -mfpu=fpv5-sp-d16 -D__weak=__attribute__((weak)) -D__packed=__attribute__((__packed__)) -DUSE_HAL_DRIVER -DSTM32F746xx -I..\..\..\Inc -I..\..\..\Drivers\STM32F7xx_HAL_Driver\Inc -I..\..\..\Drivers\STM32F7xx_HAL_Driver\Inc\Legacy -I..\..\..\Middlewares\ST\STM32_USB_Device_Library\Core\Inc -I..\..\..\Middlewares\ST\STM32_USB_Device_Library\Class\CDC\Inc -I..\..\..\Drivers\CMSIS\Include -I..\..\..\Drivers\CMSIS\Device\ST\STM32F7xx\Include -I..\..\..\Inc -I..\..\..\Middlewares\Third_Party\FreeRTOS\Source\portable\GCC\ARM_CM7\r0p1 -I..\..\..\Middlewares\Third_Party\FreeRTOS\Source\include -I..\..\..\Middlewares\Third_Party\FreeRTOS\Source\CMSIS_RTOS -Os -g3 -Wall -fmessage-length=0 -ffunction-sections -c -fmessage-length=0 -MMD -MP -MF"Application/User/usb_device.d" -MT"Application/User/usb_device.o" -o "Application/User/usb_device.o" "C:/work/iFish/PreStudies/CDC_FW/CdcDevice/Src/usb_device.c"
'Finished building: C:/work/iFish/PreStudies/CDC_FW/CdcDevice/Src/usb_device.c'
' '
'Building file: C:/work/iFish/PreStudies/CDC_FW/CdcDevice/Src/usbd_cdc_if.c'
'Invoking: MCU GCC Compiler'
arm-none-eabi-gcc -mcpu=cortex-m7 -mthumb -mfloat-abi=hard -mfpu=fpv5-sp-d16 -D__weak=__attribute__((weak)) -D__packed=__attribute__((__packed__)) -DUSE_HAL_DRIVER -DSTM32F746xx -I..\..\..\Inc -I..\..\..\Drivers\STM32F7xx_HAL_Driver\Inc -I..\..\..\Drivers\STM32F7xx_HAL_Driver\Inc\Legacy -I..\..\..\Middlewares\ST\STM32_USB_Device_Library\Core\Inc -I..\..\..\Middlewares\ST\STM32_USB_Device_Library\Class\CDC\Inc -I..\..\..\Drivers\CMSIS\Include -I..\..\..\Drivers\CMSIS\Device\ST\STM32F7xx\Include -I..\..\..\Inc -I..\..\..\Middlewares\Third_Party\FreeRTOS\Source\portable\GCC\ARM_CM7\r0p1 -I..\..\..\Middlewares\Third_Party\FreeRTOS\Source\include -I..\..\..\Middlewares\Third_Party\FreeRTOS\Source\CMSIS_RTOS -Os -g3 -Wall -fmessage-length=0 -ffunction-sections -c -fmessage-length=0 -MMD -MP -MF"Application/User/usbd_cdc_if.d" -MT"Application/User/usbd_cdc_if.o" -o "Application/User/usbd_cdc_if.o" "C:/work/iFish/PreStudies/CDC_FW/CdcDevice/Src/usbd_cdc_if.c"
'Finished building: C:/work/iFish/PreStudies/CDC_FW/CdcDevice/Src/usbd_cdc_if.c'
' '
'Building file: C:/work/iFish/PreStudies/CDC_FW/CdcDevice/Src/usbd_conf.c'
'Invoking: MCU GCC Compiler'
arm-none-eabi-gcc -mcpu=cortex-m7 -mthumb -mfloat-abi=hard -mfpu=fpv5-sp-d16 -D__weak=__attribute__((weak)) -D__packed=__attribute__((__packed__)) -DUSE_HAL_DRIVER -DSTM32F746xx -I..\..\..\Inc -I..\..\..\Drivers\STM32F7xx_HAL_Driver\Inc -I..\..\..\Drivers\STM32F7xx_HAL_Driver\Inc\Legacy -I..\..\..\Middlewares\ST\STM32_USB_Device_Library\Core\Inc -I..\..\..\Middlewares\ST\STM32_USB_Device_Library\Class\CDC\Inc -I..\..\..\Drivers\CMSIS\Include -I..\..\..\Drivers\CMSIS\Device\ST\STM32F7xx\Include -I..\..\..\Inc -I..\..\..\Middlewares\Third_Party\FreeRTOS\Source\portable\GCC\ARM_CM7\r0p1 -I..\..\..\Middlewares\Third_Party\FreeRTOS\Source\include -I..\..\..\Middlewares\Third_Party\FreeRTOS\Source\CMSIS_RTOS -Os -g3 -Wall -fmessage-length=0 -ffunction-sections -c -fmessage-length=0 -MMD -MP -MF"Application/User/usbd_conf.d" -MT"Application/User/usbd_conf.o" -o "Application/User/usbd_conf.o" "C:/work/iFish/PreStudies/CDC_FW/CdcDevice/Src/usbd_conf.c"
'Finished building: C:/work/iFish/PreStudies/CDC_FW/CdcDevice/Src/usbd_conf.c'
' '
'Building file: C:/work/iFish/PreStudies/CDC_FW/CdcDevice/Src/usbd_desc.c'
'Invoking: MCU GCC Compiler'
arm-none-eabi-gcc -mcpu=cortex-m7 -mthumb -mfloat-abi=hard -mfpu=fpv5-sp-d16 -D__weak=__attribute__((weak)) -D__packed=__attribute__((__packed__)) -DUSE_HAL_DRIVER -DSTM32F746xx -I..\..\..\Inc -I..\..\..\Drivers\STM32F7xx_HAL_Driver\Inc -I..\..\..\Drivers\STM32F7xx_HAL_Driver\Inc\Legacy -I..\..\..\Middlewares\ST\STM32_USB_Device_Library\Core\Inc -I..\..\..\Middlewares\ST\STM32_USB_Device_Library\Class\CDC\Inc -I..\..\..\Drivers\CMSIS\Include -I..\..\..\Drivers\CMSIS\Device\ST\STM32F7xx\Include -I..\..\..\Inc -I..\..\..\Middlewares\Third_Party\FreeRTOS\Source\portable\GCC\ARM_CM7\r0p1 -I..\..\..\Middlewares\Third_Party\FreeRTOS\Source\include -I..\..\..\Middlewares\Third_Party\FreeRTOS\Source\CMSIS_RTOS -Os -g3 -Wall -fmessage-length=0 -ffunction-sections -c -fmessage-length=0 -MMD -MP -MF"Application/User/usbd_desc.d" -MT"Application/User/usbd_desc.o" -o "Application/User/usbd_desc.o" "C:/work/iFish/PreStudies/CDC_FW/CdcDevice/Src/usbd_desc.c"
'Finished building: C:/work/iFish/PreStudies/CDC_FW/CdcDevice/Src/usbd_desc.c'
' '
'Building file: C:/work/iFish/PreStudies/CDC_FW/CdcDevice/Drivers/CMSIS/Device/ST/STM32F7xx/Source/Templates/gcc/startup_stm32f746xx.s'
'Invoking: MCU GCC Assembler'
arm-none-eabi-as -mcpu=cortex-m7 -mthumb -mfloat-abi=hard -mfpu=fpv5-sp-d16 -I..\Inc -g -o "Application/SW4STM32/startup_stm32f746xx.o" "C:/work/iFish/PreStudies/CDC_FW/CdcDevice/Drivers/CMSIS/Device/ST/STM32F7xx/Source/Templates/gcc/startup_stm32f746xx.s"
'Finished building: C:/work/iFish/PreStudies/CDC_FW/CdcDevice/Drivers/CMSIS/Device/ST/STM32F7xx/Source/Templates/gcc/startup_stm32f746xx.s'
' '
'Building target: CdcDevice Configuration.elf'
'Invoking: MCU GCC Linker'
arm-none-eabi-gcc -mcpu=cortex-m7 -mthumb -mfloat-abi=hard -mfpu=fpv5-sp-d16 -specs=nosys.specs -specs=nano.specs -T"..\STM32F746NGHx_FLASH.ld" -Wl,-Map=output.map -Wl,--gc-sections -lm -o "CdcDevice Configuration.elf"  ./Middlewares/USB_Device_Library/usbd_cdc.o ./Middlewares/USB_Device_Library/usbd_core.o ./Middlewares/USB_Device_Library/usbd_ctlreq.o ./Middlewares/USB_Device_Library/usbd_ioreq.o  ./Middlewares/FreeRTOS/cmsis_os.o ./Middlewares/FreeRTOS/croutine.o ./Middlewares/FreeRTOS/event_groups.o ./Middlewares/FreeRTOS/heap_4.o ./Middlewares/FreeRTOS/list.o ./Middlewares/FreeRTOS/port.o ./Middlewares/FreeRTOS/queue.o ./Middlewares/FreeRTOS/tasks.o ./Middlewares/FreeRTOS/timers.o  ./Drivers/STM32F7xx_HAL_Driver/stm32f7xx_hal.o ./Drivers/STM32F7xx_HAL_Driver/stm32f7xx_hal_cortex.o ./Drivers/STM32F7xx_HAL_Driver/stm32f7xx_hal_dcmi.o ./Drivers/STM32F7xx_HAL_Driver/stm32f7xx_hal_dcmi_ex.o ./Drivers/STM32F7xx_HAL_Driver/stm32f7xx_hal_dma.o ./Drivers/STM32F7xx_HAL_Driver/stm32f7xx_hal_dma_ex.o ./Drivers/STM32F7xx_HAL_Driver/stm32f7xx_hal_flash.o ./Drivers/STM32F7xx_HAL_Driver/stm32f7xx_hal_flash_ex.o ./Drivers/STM32F7xx_HAL_Driver/stm32f7xx_hal_gpio.o ./Drivers/STM32F7xx_HAL_Driver/stm32f7xx_hal_pcd.o ./Drivers/STM32F7xx_HAL_Driver/stm32f7xx_hal_pcd_ex.o ./Drivers/STM32F7xx_HAL_Driver/stm32f7xx_hal_pwr.o ./Drivers/STM32F7xx_HAL_Driver/stm32f7xx_hal_pwr_ex.o ./Drivers/STM32F7xx_HAL_Driver/stm32f7xx_hal_qspi.o ./Drivers/STM32F7xx_HAL_Driver/stm32f7xx_hal_rcc.o ./Drivers/STM32F7xx_HAL_Driver/stm32f7xx_hal_rcc_ex.o ./Drivers/STM32F7xx_HAL_Driver/stm32f7xx_hal_spdifrx.o ./Drivers/STM32F7xx_HAL_Driver/stm32f7xx_ll_usb.o  ./Drivers/CMSIS/system_stm32f7xx.o  ./Application/User/dcmi.o ./Application/User/freertos.o ./Application/User/gpio.o ./Application/User/main.o ./Application/User/quadspi.o ./Application/User/spdifrx.o ./Application/User/stm32f7xx_hal_msp.o ./Application/User/stm32f7xx_it.o ./Application/User/usb_device.o ./Application/User/usbd_cdc_if.o ./Application/User/usbd_conf.o ./Application/User/usbd_desc.o  ./Application/SW4STM32/startup_stm32f746xx.o   
'Finished building target: CdcDevice Configuration.elf'
' '
make --no-print-directory post-build
'Generating binary and Printing size information:'
arm-none-eabi-objcopy -O binary "CdcDevice Configuration.elf" "CdcDevice Configuration.bin" && arm-none-eabi-size "CdcDevice Configuration.elf"
   text	   data	    bss	    dec	    hex	filename
  21084	    476	  22088	  43648	   aa80	CdcDevice Configuration.elf
' '

13:06:08 Build Finished (took 21s.793ms)

